2025-04-13 14:24:24,034 - main - INFO - 启动应用
2025-04-13 14:24:24,036 - database - INFO - 数据库初始化成功
2025-04-13 14:24:24,146 - telegram_bot - INFO - 启动Telegram机器人
2025-04-13 14:24:25,036 - httpx - INFO - HTTP Request: POST https://api.telegram.org/bot7647743490:AAE-gjtb4X7KJVuzJg_c-58KSS6bOX0-xi4/getMe "HTTP/1.1 200 OK"
2025-04-13 14:24:25,332 - httpx - INFO - HTTP Request: POST https://api.telegram.org/bot7647743490:AAE-gjtb4X7KJVuzJg_c-58KSS6bOX0-xi4/deleteWebhook "HTTP/1.1 200 OK"
2025-04-13 14:24:36,207 - httpx - INFO - HTTP Request: POST https://api.telegram.org/bot7647743490:AAE-gjtb4X7KJVuzJg_c-58KSS6bOX0-xi4/getUpdates "HTTP/1.1 200 OK"
2025-04-13 14:24:40,509 - httpx - INFO - HTTP Request: POST https://api.telegram.org/bot7647743490:AAE-gjtb4X7KJVuzJg_c-58KSS6bOX0-xi4/getUpdates "HTTP/1.1 200 OK"
2025-04-13 14:24:41,662 - httpx - INFO - HTTP Request: POST https://api.telegram.org/bot7647743490:AAE-gjtb4X7KJVuzJg_c-58KSS6bOX0-xi4/sendMessage "HTTP/1.1 200 OK"
2025-04-13 14:24:41,664 - scraper - INFO - 开始爬取: https://x-gpt.bwequation.com/
2025-04-13 14:24:47,297 - scraper - INFO - 等待页面内容加载...
2025-04-13 14:24:52,314 - scraper - INFO - 找到 27 个交易员
2025-04-13 14:24:52,334 - scraper - INFO - 添加交易员: Andrew Kang (@Rewkang)
2025-04-13 14:24:52,346 - scraper - INFO - 添加交易员: RunnerXBT (@RunnerXBT)
2025-04-13 14:24:52,356 - scraper - INFO - 添加交易员: art (@art_xbt)
2025-04-13 14:24:52,368 - scraper - INFO - 添加交易员: TheHorse (@trading__horse)
2025-04-13 14:24:52,380 - scraper - INFO - 添加交易员: HORSE 🏴‍☠️ (@TheFlowHorse)
2025-04-13 14:24:52,392 - scraper - INFO - 添加交易员: Nacho Trades (@NachoTrades)
2025-04-13 14:24:52,403 - scraper - INFO - 添加交易员: Awawat (@Awawat_Trades)
2025-04-13 14:24:52,416 - scraper - INFO - 添加交易员: PC ² (@PC_Larp)
2025-04-13 14:24:52,429 - scraper - INFO - 添加交易员: Cred (@CryptoCred)
2025-04-13 14:24:52,439 - scraper - INFO - 添加交易员: Reetika (@ReetikaTrades)
2025-04-13 14:24:52,451 - scraper - INFO - 添加交易员: 🐧 Pentoshi 🇨🇳 🇺🇦 🇪🇺🏳️‍🌈5x 💉boosted (@Pentosh1)
2025-04-13 14:24:52,463 - scraper - INFO - 添加交易员: DonAlt (@CryptoDonAlt)
2025-04-13 14:24:52,473 - scraper - INFO - 添加交易员: DeFi^2 (@DefiSquared)
2025-04-13 14:24:52,485 - scraper - INFO - 添加交易员: Chiefingza (@chiefingza)
2025-04-13 14:24:52,496 - scraper - INFO - 添加交易员: Pika (@pikachu_crypto)
2025-04-13 14:24:52,506 - scraper - INFO - 添加交易员: smartestmoney.hl (@smartestmoney_)
2025-04-13 14:24:52,529 - scraper - INFO - 添加交易员: Nachi (@alphawifhat)
2025-04-13 14:24:52,538 - scraper - INFO - 添加交易员: Joshua | MOZAIK 🇰🇷 (@JoshuaDeuk)
2025-04-13 14:24:52,549 - scraper - INFO - 添加交易员: 川沐｜Trumoo🐮 (@xiaomucrypto)
2025-04-13 14:24:52,559 - scraper - INFO - 添加交易员: Definalist (@definalist)
2025-04-13 14:24:52,570 - scraper - INFO - 添加交易员: salience (@saliencexbt)
2025-04-13 14:24:52,582 - scraper - INFO - 添加交易员: 憨巴龙王 (@dotyyds1234)
2025-04-13 14:24:52,592 - scraper - INFO - 添加交易员: 带带带比特 (@daidaibtc)
2025-04-13 14:24:52,604 - scraper - INFO - 添加交易员: sigma^2 (@SigmaSquared_)
2025-04-13 14:24:52,615 - scraper - INFO - 添加交易员: Game (@game_for_one)
2025-04-13 14:24:52,626 - scraper - INFO - 添加交易员: 0xSun (@0xSunNFT)
2025-04-13 14:24:52,636 - scraper - INFO - 添加交易员: Huma (@HumaCapital)
2025-04-13 14:24:52,636 - scraper - INFO - 点击交易员: Andrew Kang (@Rewkang)
2025-04-13 14:24:55,710 - scraper - INFO - 找到 80 个可能包含JSON数据的元素
2025-04-13 14:24:55,715 - scraper - INFO - 成功获取到 Andrew Kang 的 2 条最近12小时内的推文
2025-04-13 14:24:57,749 - scraper - INFO - 点击交易员: RunnerXBT (@RunnerXBT)
2025-04-13 14:25:00,834 - scraper - INFO - 找到 80 个可能包含JSON数据的元素
2025-04-13 14:25:00,837 - scraper - INFO - 成功获取到 RunnerXBT 的 4 条最近12小时内的推文
2025-04-13 14:25:02,867 - scraper - INFO - 点击交易员: art (@art_xbt)
2025-04-13 14:25:05,954 - scraper - INFO - 找到 80 个可能包含JSON数据的元素
2025-04-13 14:25:05,958 - scraper - INFO - 成功获取到 art 的 0 条最近12小时内的推文
2025-04-13 14:25:07,988 - scraper - INFO - 点击交易员: TheHorse (@trading__horse)
2025-04-13 14:25:11,074 - scraper - INFO - 找到 84 个可能包含JSON数据的元素
2025-04-13 14:25:11,077 - scraper - INFO - 成功获取到 TheHorse 的 0 条最近12小时内的推文
2025-04-13 14:25:13,107 - scraper - INFO - 点击交易员: HORSE 🏴‍☠️ (@TheFlowHorse)
2025-04-13 14:25:16,194 - scraper - INFO - 找到 80 个可能包含JSON数据的元素
2025-04-13 14:25:16,197 - scraper - INFO - 成功获取到 HORSE 🏴‍☠️ 的 4 条最近12小时内的推文
2025-04-13 14:25:18,227 - scraper - INFO - 点击交易员: Nacho Trades (@NachoTrades)
2025-04-13 14:25:21,309 - scraper - INFO - 找到 86 个可能包含JSON数据的元素
2025-04-13 14:25:21,312 - scraper - INFO - 成功获取到 Nacho Trades 的 1 条最近12小时内的推文
2025-04-13 14:25:23,342 - scraper - INFO - 点击交易员: Awawat (@Awawat_Trades)
2025-04-13 14:25:26,423 - scraper - INFO - 找到 80 个可能包含JSON数据的元素
2025-04-13 14:25:26,426 - scraper - INFO - 成功获取到 Awawat 的 2 条最近12小时内的推文
2025-04-13 14:25:28,456 - scraper - INFO - 点击交易员: PC ² (@PC_Larp)
2025-04-13 14:25:31,540 - scraper - INFO - 找到 80 个可能包含JSON数据的元素
2025-04-13 14:25:31,543 - scraper - INFO - 成功获取到 PC ² 的 2 条最近12小时内的推文
2025-04-13 14:25:33,574 - scraper - INFO - 点击交易员: Cred (@CryptoCred)
2025-04-13 14:25:36,657 - scraper - INFO - 找到 80 个可能包含JSON数据的元素
2025-04-13 14:25:36,660 - scraper - INFO - 成功获取到 Cred 的 0 条最近12小时内的推文
2025-04-13 14:25:38,691 - scraper - INFO - 点击交易员: Reetika (@ReetikaTrades)
2025-04-13 14:25:41,797 - scraper - INFO - 找到 82 个可能包含JSON数据的元素
2025-04-13 14:25:41,800 - scraper - INFO - 成功获取到 Reetika 的 0 条最近12小时内的推文
2025-04-13 14:25:43,826 - scraper - INFO - 点击交易员: 🐧 Pentoshi 🇨🇳 🇺🇦 🇪🇺🏳️‍🌈5x 💉boosted (@Pentosh1)
2025-04-13 14:25:46,911 - scraper - INFO - 找到 84 个可能包含JSON数据的元素
2025-04-13 14:25:46,914 - scraper - INFO - 成功获取到 🐧 Pentoshi 🇨🇳 🇺🇦 🇪🇺🏳️‍🌈5x 💉boosted 的 0 条最近12小时内的推文
2025-04-13 14:25:48,944 - scraper - INFO - 点击交易员: DonAlt (@CryptoDonAlt)
2025-04-13 14:25:49,996 - scraper - ERROR - 爬取交易员 DonAlt 的推文失败: Message: element click intercepted: Element <div data-v-759468ba="" data-v-127306e8="" class="profile user" title="View only this trader">...</div> is not clickable at point (148, 872). Other element would receive the click: <a data-v-b9c1f7d2="" href="https://www.bwequation.com/" target="_blank" class="powered-by-bottom">...</a>
  (Session info: chrome=135.0.7049.84)
Stacktrace:
0   chromedriver                        0x00000001005aedec cxxbridge1$str$ptr + 2817040
1   chromedriver                        0x00000001005a7088 cxxbridge1$str$ptr + 2784940
2   chromedriver                        0x00000001000ee8d8 cxxbridge1$string$len + 93028
3   chromedriver                        0x000000010013b1a8 cxxbridge1$string$len + 406580
4   chromedriver                        0x0000000100139738 cxxbridge1$string$len + 399812
5   chromedriver                        0x000000010013754c cxxbridge1$string$len + 391128
6   chromedriver                        0x0000000100136948 cxxbridge1$string$len + 388052
7   chromedriver                        0x000000010012b2b0 cxxbridge1$string$len + 341308
8   chromedriver                        0x000000010012ad3c cxxbridge1$string$len + 339912
9   chromedriver                        0x00000001001767b8 cxxbridge1$string$len + 649796
10  chromedriver                        0x0000000100129a80 cxxbridge1$string$len + 335116
11  chromedriver                        0x0000000100573c74 cxxbridge1$str$ptr + 2575000
12  chromedriver                        0x0000000100576f40 cxxbridge1$str$ptr + 2588004
13  chromedriver                        0x00000001005539fc cxxbridge1$str$ptr + 2443296
14  chromedriver                        0x00000001005777bc cxxbridge1$str$ptr + 2590176
15  chromedriver                        0x0000000100544af0 cxxbridge1$str$ptr + 2382100
16  chromedriver                        0x00000001005979a0 cxxbridge1$str$ptr + 2721732
17  chromedriver                        0x0000000100597b2c cxxbridge1$str$ptr + 2722128
18  chromedriver                        0x00000001005a6cd4 cxxbridge1$str$ptr + 2783992
19  libsystem_pthread.dylib             0x0000000190f8b2e4 _pthread_start + 136
20  libsystem_pthread.dylib             0x0000000190f860fc thread_start + 8

2025-04-13 14:25:49,997 - scraper - INFO - 点击交易员: DeFi^2 (@DefiSquared)
2025-04-13 14:25:51,081 - scraper - ERROR - 爬取交易员 DeFi^2 的推文失败: Message: element click intercepted: Element <div data-v-759468ba="" data-v-127306e8="" class="profile user" title="View only this trader">...</div> is not clickable at point (148, 858). Other element would receive the click: <a data-v-b9c1f7d2="" href="https://www.bwequation.com/" target="_blank" class="powered-by-bottom">...</a>
  (Session info: chrome=135.0.7049.84)
Stacktrace:
0   chromedriver                        0x00000001005aedec cxxbridge1$str$ptr + 2817040
1   chromedriver                        0x00000001005a7088 cxxbridge1$str$ptr + 2784940
2   chromedriver                        0x00000001000ee8d8 cxxbridge1$string$len + 93028
3   chromedriver                        0x000000010013b1a8 cxxbridge1$string$len + 406580
4   chromedriver                        0x0000000100139738 cxxbridge1$string$len + 399812
5   chromedriver                        0x000000010013754c cxxbridge1$string$len + 391128
6   chromedriver                        0x0000000100136948 cxxbridge1$string$len + 388052
7   chromedriver                        0x000000010012b2b0 cxxbridge1$string$len + 341308
8   chromedriver                        0x000000010012ad3c cxxbridge1$string$len + 339912
9   chromedriver                        0x00000001001767b8 cxxbridge1$string$len + 649796
10  chromedriver                        0x0000000100129a80 cxxbridge1$string$len + 335116
11  chromedriver                        0x0000000100573c74 cxxbridge1$str$ptr + 2575000
12  chromedriver                        0x0000000100576f40 cxxbridge1$str$ptr + 2588004
13  chromedriver                        0x00000001005539fc cxxbridge1$str$ptr + 2443296
14  chromedriver                        0x00000001005777bc cxxbridge1$str$ptr + 2590176
15  chromedriver                        0x0000000100544af0 cxxbridge1$str$ptr + 2382100
16  chromedriver                        0x00000001005979a0 cxxbridge1$str$ptr + 2721732
17  chromedriver                        0x0000000100597b2c cxxbridge1$str$ptr + 2722128
18  chromedriver                        0x00000001005a6cd4 cxxbridge1$str$ptr + 2783992
19  libsystem_pthread.dylib             0x0000000190f8b2e4 _pthread_start + 136
20  libsystem_pthread.dylib             0x0000000190f860fc thread_start + 8

2025-04-13 14:25:51,082 - scraper - INFO - 点击交易员: Chiefingza (@chiefingza)
2025-04-13 14:25:52,119 - scraper - ERROR - 爬取交易员 Chiefingza 的推文失败: Message: element click intercepted: Element <div data-v-759468ba="" data-v-127306e8="" class="profile user" title="View only this trader">...</div> is not clickable at point (148, 858). Other element would receive the click: <a data-v-b9c1f7d2="" href="https://www.bwequation.com/" target="_blank" class="powered-by-bottom">...</a>
  (Session info: chrome=135.0.7049.84)
Stacktrace:
0   chromedriver                        0x00000001005aedec cxxbridge1$str$ptr + 2817040
1   chromedriver                        0x00000001005a7088 cxxbridge1$str$ptr + 2784940
2   chromedriver                        0x00000001000ee8d8 cxxbridge1$string$len + 93028
3   chromedriver                        0x000000010013b1a8 cxxbridge1$string$len + 406580
4   chromedriver                        0x0000000100139738 cxxbridge1$string$len + 399812
5   chromedriver                        0x000000010013754c cxxbridge1$string$len + 391128
6   chromedriver                        0x0000000100136948 cxxbridge1$string$len + 388052
7   chromedriver                        0x000000010012b2b0 cxxbridge1$string$len + 341308
8   chromedriver                        0x000000010012ad3c cxxbridge1$string$len + 339912
9   chromedriver                        0x00000001001767b8 cxxbridge1$string$len + 649796
10  chromedriver                        0x0000000100129a80 cxxbridge1$string$len + 335116
11  chromedriver                        0x0000000100573c74 cxxbridge1$str$ptr + 2575000
12  chromedriver                        0x0000000100576f40 cxxbridge1$str$ptr + 2588004
13  chromedriver                        0x00000001005539fc cxxbridge1$str$ptr + 2443296
14  chromedriver                        0x00000001005777bc cxxbridge1$str$ptr + 2590176
15  chromedriver                        0x0000000100544af0 cxxbridge1$str$ptr + 2382100
16  chromedriver                        0x00000001005979a0 cxxbridge1$str$ptr + 2721732
17  chromedriver                        0x0000000100597b2c cxxbridge1$str$ptr + 2722128
18  chromedriver                        0x00000001005a6cd4 cxxbridge1$str$ptr + 2783992
19  libsystem_pthread.dylib             0x0000000190f8b2e4 _pthread_start + 136
20  libsystem_pthread.dylib             0x0000000190f860fc thread_start + 8

2025-04-13 14:25:52,120 - scraper - INFO - 点击交易员: Pika (@pikachu_crypto)
2025-04-13 14:25:53,203 - scraper - ERROR - 爬取交易员 Pika 的推文失败: Message: element click intercepted: Element <div data-v-759468ba="" data-v-127306e8="" class="profile user" title="View only this trader">...</div> is not clickable at point (148, 858). Other element would receive the click: <a data-v-b9c1f7d2="" href="https://www.bwequation.com/" target="_blank" class="powered-by-bottom">...</a>
  (Session info: chrome=135.0.7049.84)
Stacktrace:
0   chromedriver                        0x00000001005aedec cxxbridge1$str$ptr + 2817040
1   chromedriver                        0x00000001005a7088 cxxbridge1$str$ptr + 2784940
2   chromedriver                        0x00000001000ee8d8 cxxbridge1$string$len + 93028
3   chromedriver                        0x000000010013b1a8 cxxbridge1$string$len + 406580
4   chromedriver                        0x0000000100139738 cxxbridge1$string$len + 399812
5   chromedriver                        0x000000010013754c cxxbridge1$string$len + 391128
6   chromedriver                        0x0000000100136948 cxxbridge1$string$len + 388052
7   chromedriver                        0x000000010012b2b0 cxxbridge1$string$len + 341308
8   chromedriver                        0x000000010012ad3c cxxbridge1$string$len + 339912
9   chromedriver                        0x00000001001767b8 cxxbridge1$string$len + 649796
10  chromedriver                        0x0000000100129a80 cxxbridge1$string$len + 335116
11  chromedriver                        0x0000000100573c74 cxxbridge1$str$ptr + 2575000
12  chromedriver                        0x0000000100576f40 cxxbridge1$str$ptr + 2588004
13  chromedriver                        0x00000001005539fc cxxbridge1$str$ptr + 2443296
14  chromedriver                        0x00000001005777bc cxxbridge1$str$ptr + 2590176
15  chromedriver                        0x0000000100544af0 cxxbridge1$str$ptr + 2382100
16  chromedriver                        0x00000001005979a0 cxxbridge1$str$ptr + 2721732
17  chromedriver                        0x0000000100597b2c cxxbridge1$str$ptr + 2722128
18  chromedriver                        0x00000001005a6cd4 cxxbridge1$str$ptr + 2783992
19  libsystem_pthread.dylib             0x0000000190f8b2e4 _pthread_start + 136
20  libsystem_pthread.dylib             0x0000000190f860fc thread_start + 8

2025-04-13 14:25:53,204 - scraper - INFO - 点击交易员: smartestmoney.hl (@smartestmoney_)
2025-04-13 14:25:54,251 - scraper - ERROR - 爬取交易员 smartestmoney.hl 的推文失败: Message: element click intercepted: Element <div data-v-759468ba="" data-v-127306e8="" class="profile user" title="View only this trader">...</div> is not clickable at point (148, 858). Other element would receive the click: <a data-v-b9c1f7d2="" href="https://www.bwequation.com/" target="_blank" class="powered-by-bottom">...</a>
  (Session info: chrome=135.0.7049.84)
Stacktrace:
0   chromedriver                        0x00000001005aedec cxxbridge1$str$ptr + 2817040
1   chromedriver                        0x00000001005a7088 cxxbridge1$str$ptr + 2784940
2   chromedriver                        0x00000001000ee8d8 cxxbridge1$string$len + 93028
3   chromedriver                        0x000000010013b1a8 cxxbridge1$string$len + 406580
4   chromedriver                        0x0000000100139738 cxxbridge1$string$len + 399812
5   chromedriver                        0x000000010013754c cxxbridge1$string$len + 391128
6   chromedriver                        0x0000000100136948 cxxbridge1$string$len + 388052
7   chromedriver                        0x000000010012b2b0 cxxbridge1$string$len + 341308
8   chromedriver                        0x000000010012ad3c cxxbridge1$string$len + 339912
9   chromedriver                        0x00000001001767b8 cxxbridge1$string$len + 649796
10  chromedriver                        0x0000000100129a80 cxxbridge1$string$len + 335116
11  chromedriver                        0x0000000100573c74 cxxbridge1$str$ptr + 2575000
12  chromedriver                        0x0000000100576f40 cxxbridge1$str$ptr + 2588004
13  chromedriver                        0x00000001005539fc cxxbridge1$str$ptr + 2443296
14  chromedriver                        0x00000001005777bc cxxbridge1$str$ptr + 2590176
15  chromedriver                        0x0000000100544af0 cxxbridge1$str$ptr + 2382100
16  chromedriver                        0x00000001005979a0 cxxbridge1$str$ptr + 2721732
17  chromedriver                        0x0000000100597b2c cxxbridge1$str$ptr + 2722128
18  chromedriver                        0x00000001005a6cd4 cxxbridge1$str$ptr + 2783992
19  libsystem_pthread.dylib             0x0000000190f8b2e4 _pthread_start + 136
20  libsystem_pthread.dylib             0x0000000190f860fc thread_start + 8

2025-04-13 14:25:54,252 - scraper - INFO - 点击交易员: Nachi (@alphawifhat)
2025-04-13 14:25:55,288 - scraper - ERROR - 爬取交易员 Nachi 的推文失败: Message: element click intercepted: Element <div data-v-759468ba="" data-v-127306e8="" class="profile user" title="View only this trader">...</div> is not clickable at point (148, 858). Other element would receive the click: <a data-v-b9c1f7d2="" href="https://www.bwequation.com/" target="_blank" class="powered-by-bottom">...</a>
  (Session info: chrome=135.0.7049.84)
Stacktrace:
0   chromedriver                        0x00000001005aedec cxxbridge1$str$ptr + 2817040
1   chromedriver                        0x00000001005a7088 cxxbridge1$str$ptr + 2784940
2   chromedriver                        0x00000001000ee8d8 cxxbridge1$string$len + 93028
3   chromedriver                        0x000000010013b1a8 cxxbridge1$string$len + 406580
4   chromedriver                        0x0000000100139738 cxxbridge1$string$len + 399812
5   chromedriver                        0x000000010013754c cxxbridge1$string$len + 391128
6   chromedriver                        0x0000000100136948 cxxbridge1$string$len + 388052
7   chromedriver                        0x000000010012b2b0 cxxbridge1$string$len + 341308
8   chromedriver                        0x000000010012ad3c cxxbridge1$string$len + 339912
9   chromedriver                        0x00000001001767b8 cxxbridge1$string$len + 649796
10  chromedriver                        0x0000000100129a80 cxxbridge1$string$len + 335116
11  chromedriver                        0x0000000100573c74 cxxbridge1$str$ptr + 2575000
12  chromedriver                        0x0000000100576f40 cxxbridge1$str$ptr + 2588004
13  chromedriver                        0x00000001005539fc cxxbridge1$str$ptr + 2443296
14  chromedriver                        0x00000001005777bc cxxbridge1$str$ptr + 2590176
15  chromedriver                        0x0000000100544af0 cxxbridge1$str$ptr + 2382100
16  chromedriver                        0x00000001005979a0 cxxbridge1$str$ptr + 2721732
17  chromedriver                        0x0000000100597b2c cxxbridge1$str$ptr + 2722128
18  chromedriver                        0x00000001005a6cd4 cxxbridge1$str$ptr + 2783992
19  libsystem_pthread.dylib             0x0000000190f8b2e4 _pthread_start + 136
20  libsystem_pthread.dylib             0x0000000190f860fc thread_start + 8

2025-04-13 14:25:55,289 - scraper - INFO - 点击交易员: Joshua | MOZAIK 🇰🇷 (@JoshuaDeuk)
2025-04-13 14:25:56,372 - scraper - ERROR - 爬取交易员 Joshua | MOZAIK 🇰🇷 的推文失败: Message: element click intercepted: Element <div data-v-759468ba="" data-v-127306e8="" class="profile user" title="View only this trader">...</div> is not clickable at point (148, 858). Other element would receive the click: <a data-v-b9c1f7d2="" href="https://www.bwequation.com/" target="_blank" class="powered-by-bottom">...</a>
  (Session info: chrome=135.0.7049.84)
Stacktrace:
0   chromedriver                        0x00000001005aedec cxxbridge1$str$ptr + 2817040
1   chromedriver                        0x00000001005a7088 cxxbridge1$str$ptr + 2784940
2   chromedriver                        0x00000001000ee8d8 cxxbridge1$string$len + 93028
3   chromedriver                        0x000000010013b1a8 cxxbridge1$string$len + 406580
4   chromedriver                        0x0000000100139738 cxxbridge1$string$len + 399812
5   chromedriver                        0x000000010013754c cxxbridge1$string$len + 391128
6   chromedriver                        0x0000000100136948 cxxbridge1$string$len + 388052
7   chromedriver                        0x000000010012b2b0 cxxbridge1$string$len + 341308
8   chromedriver                        0x000000010012ad3c cxxbridge1$string$len + 339912
9   chromedriver                        0x00000001001767b8 cxxbridge1$string$len + 649796
10  chromedriver                        0x0000000100129a80 cxxbridge1$string$len + 335116
11  chromedriver                        0x0000000100573c74 cxxbridge1$str$ptr + 2575000
12  chromedriver                        0x0000000100576f40 cxxbridge1$str$ptr + 2588004
13  chromedriver                        0x00000001005539fc cxxbridge1$str$ptr + 2443296
14  chromedriver                        0x00000001005777bc cxxbridge1$str$ptr + 2590176
15  chromedriver                        0x0000000100544af0 cxxbridge1$str$ptr + 2382100
16  chromedriver                        0x00000001005979a0 cxxbridge1$str$ptr + 2721732
17  chromedriver                        0x0000000100597b2c cxxbridge1$str$ptr + 2722128
18  chromedriver                        0x00000001005a6cd4 cxxbridge1$str$ptr + 2783992
19  libsystem_pthread.dylib             0x0000000190f8b2e4 _pthread_start + 136
20  libsystem_pthread.dylib             0x0000000190f860fc thread_start + 8

2025-04-13 14:25:56,373 - scraper - INFO - 点击交易员: 川沐｜Trumoo🐮 (@xiaomucrypto)
2025-04-13 14:25:57,451 - scraper - ERROR - 爬取交易员 川沐｜Trumoo🐮 的推文失败: Message: element click intercepted: Element <div data-v-759468ba="" data-v-127306e8="" class="profile user" title="View only this trader">...</div> is not clickable at point (148, 858). Other element would receive the click: <a data-v-b9c1f7d2="" href="https://www.bwequation.com/" target="_blank" class="powered-by-bottom">...</a>
  (Session info: chrome=135.0.7049.84)
Stacktrace:
0   chromedriver                        0x00000001005aedec cxxbridge1$str$ptr + 2817040
1   chromedriver                        0x00000001005a7088 cxxbridge1$str$ptr + 2784940
2   chromedriver                        0x00000001000ee8d8 cxxbridge1$string$len + 93028
3   chromedriver                        0x000000010013b1a8 cxxbridge1$string$len + 406580
4   chromedriver                        0x0000000100139738 cxxbridge1$string$len + 399812
5   chromedriver                        0x000000010013754c cxxbridge1$string$len + 391128
6   chromedriver                        0x0000000100136948 cxxbridge1$string$len + 388052
7   chromedriver                        0x000000010012b2b0 cxxbridge1$string$len + 341308
8   chromedriver                        0x000000010012ad3c cxxbridge1$string$len + 339912
9   chromedriver                        0x00000001001767b8 cxxbridge1$string$len + 649796
10  chromedriver                        0x0000000100129a80 cxxbridge1$string$len + 335116
11  chromedriver                        0x0000000100573c74 cxxbridge1$str$ptr + 2575000
12  chromedriver                        0x0000000100576f40 cxxbridge1$str$ptr + 2588004
13  chromedriver                        0x00000001005539fc cxxbridge1$str$ptr + 2443296
14  chromedriver                        0x00000001005777bc cxxbridge1$str$ptr + 2590176
15  chromedriver                        0x0000000100544af0 cxxbridge1$str$ptr + 2382100
16  chromedriver                        0x00000001005979a0 cxxbridge1$str$ptr + 2721732
17  chromedriver                        0x0000000100597b2c cxxbridge1$str$ptr + 2722128
18  chromedriver                        0x00000001005a6cd4 cxxbridge1$str$ptr + 2783992
19  libsystem_pthread.dylib             0x0000000190f8b2e4 _pthread_start + 136
20  libsystem_pthread.dylib             0x0000000190f860fc thread_start + 8

2025-04-13 14:25:57,452 - scraper - INFO - 点击交易员: Definalist (@definalist)
2025-04-13 14:25:58,523 - scraper - ERROR - 爬取交易员 Definalist 的推文失败: Message: element click intercepted: Element <div data-v-759468ba="" data-v-127306e8="" class="profile user" title="View only this trader">...</div> is not clickable at point (148, 858). Other element would receive the click: <a data-v-b9c1f7d2="" href="https://www.bwequation.com/" target="_blank" class="powered-by-bottom">...</a>
  (Session info: chrome=135.0.7049.84)
Stacktrace:
0   chromedriver                        0x00000001005aedec cxxbridge1$str$ptr + 2817040
1   chromedriver                        0x00000001005a7088 cxxbridge1$str$ptr + 2784940
2   chromedriver                        0x00000001000ee8d8 cxxbridge1$string$len + 93028
3   chromedriver                        0x000000010013b1a8 cxxbridge1$string$len + 406580
4   chromedriver                        0x0000000100139738 cxxbridge1$string$len + 399812
5   chromedriver                        0x000000010013754c cxxbridge1$string$len + 391128
6   chromedriver                        0x0000000100136948 cxxbridge1$string$len + 388052
7   chromedriver                        0x000000010012b2b0 cxxbridge1$string$len + 341308
8   chromedriver                        0x000000010012ad3c cxxbridge1$string$len + 339912
9   chromedriver                        0x00000001001767b8 cxxbridge1$string$len + 649796
10  chromedriver                        0x0000000100129a80 cxxbridge1$string$len + 335116
11  chromedriver                        0x0000000100573c74 cxxbridge1$str$ptr + 2575000
12  chromedriver                        0x0000000100576f40 cxxbridge1$str$ptr + 2588004
13  chromedriver                        0x00000001005539fc cxxbridge1$str$ptr + 2443296
14  chromedriver                        0x00000001005777bc cxxbridge1$str$ptr + 2590176
15  chromedriver                        0x0000000100544af0 cxxbridge1$str$ptr + 2382100
16  chromedriver                        0x00000001005979a0 cxxbridge1$str$ptr + 2721732
17  chromedriver                        0x0000000100597b2c cxxbridge1$str$ptr + 2722128
18  chromedriver                        0x00000001005a6cd4 cxxbridge1$str$ptr + 2783992
19  libsystem_pthread.dylib             0x0000000190f8b2e4 _pthread_start + 136
20  libsystem_pthread.dylib             0x0000000190f860fc thread_start + 8

2025-04-13 14:25:58,528 - scraper - INFO - 点击交易员: salience (@saliencexbt)
2025-04-13 14:25:59,574 - scraper - ERROR - 爬取交易员 salience 的推文失败: Message: element click intercepted: Element <div data-v-759468ba="" data-v-127306e8="" class="profile user" title="View only this trader">...</div> is not clickable at point (148, 858). Other element would receive the click: <a data-v-b9c1f7d2="" href="https://www.bwequation.com/" target="_blank" class="powered-by-bottom">...</a>
  (Session info: chrome=135.0.7049.84)
Stacktrace:
0   chromedriver                        0x00000001005aedec cxxbridge1$str$ptr + 2817040
1   chromedriver                        0x00000001005a7088 cxxbridge1$str$ptr + 2784940
2   chromedriver                        0x00000001000ee8d8 cxxbridge1$string$len + 93028
3   chromedriver                        0x000000010013b1a8 cxxbridge1$string$len + 406580
4   chromedriver                        0x0000000100139738 cxxbridge1$string$len + 399812
5   chromedriver                        0x000000010013754c cxxbridge1$string$len + 391128
6   chromedriver                        0x0000000100136948 cxxbridge1$string$len + 388052
7   chromedriver                        0x000000010012b2b0 cxxbridge1$string$len + 341308
8   chromedriver                        0x000000010012ad3c cxxbridge1$string$len + 339912
9   chromedriver                        0x00000001001767b8 cxxbridge1$string$len + 649796
10  chromedriver                        0x0000000100129a80 cxxbridge1$string$len + 335116
11  chromedriver                        0x0000000100573c74 cxxbridge1$str$ptr + 2575000
12  chromedriver                        0x0000000100576f40 cxxbridge1$str$ptr + 2588004
13  chromedriver                        0x00000001005539fc cxxbridge1$str$ptr + 2443296
14  chromedriver                        0x00000001005777bc cxxbridge1$str$ptr + 2590176
15  chromedriver                        0x0000000100544af0 cxxbridge1$str$ptr + 2382100
16  chromedriver                        0x00000001005979a0 cxxbridge1$str$ptr + 2721732
17  chromedriver                        0x0000000100597b2c cxxbridge1$str$ptr + 2722128
18  chromedriver                        0x00000001005a6cd4 cxxbridge1$str$ptr + 2783992
19  libsystem_pthread.dylib             0x0000000190f8b2e4 _pthread_start + 136
20  libsystem_pthread.dylib             0x0000000190f860fc thread_start + 8

2025-04-13 14:25:59,575 - scraper - INFO - 点击交易员: 憨巴龙王 (@dotyyds1234)
2025-04-13 14:26:00,624 - scraper - ERROR - 爬取交易员 憨巴龙王 的推文失败: Message: element click intercepted: Element <div data-v-759468ba="" data-v-127306e8="" class="profile user" title="View only this trader">...</div> is not clickable at point (148, 858). Other element would receive the click: <a data-v-b9c1f7d2="" href="https://www.bwequation.com/" target="_blank" class="powered-by-bottom">...</a>
  (Session info: chrome=135.0.7049.84)
Stacktrace:
0   chromedriver                        0x00000001005aedec cxxbridge1$str$ptr + 2817040
1   chromedriver                        0x00000001005a7088 cxxbridge1$str$ptr + 2784940
2   chromedriver                        0x00000001000ee8d8 cxxbridge1$string$len + 93028
3   chromedriver                        0x000000010013b1a8 cxxbridge1$string$len + 406580
4   chromedriver                        0x0000000100139738 cxxbridge1$string$len + 399812
5   chromedriver                        0x000000010013754c cxxbridge1$string$len + 391128
6   chromedriver                        0x0000000100136948 cxxbridge1$string$len + 388052
7   chromedriver                        0x000000010012b2b0 cxxbridge1$string$len + 341308
8   chromedriver                        0x000000010012ad3c cxxbridge1$string$len + 339912
9   chromedriver                        0x00000001001767b8 cxxbridge1$string$len + 649796
10  chromedriver                        0x0000000100129a80 cxxbridge1$string$len + 335116
11  chromedriver                        0x0000000100573c74 cxxbridge1$str$ptr + 2575000
12  chromedriver                        0x0000000100576f40 cxxbridge1$str$ptr + 2588004
13  chromedriver                        0x00000001005539fc cxxbridge1$str$ptr + 2443296
14  chromedriver                        0x00000001005777bc cxxbridge1$str$ptr + 2590176
15  chromedriver                        0x0000000100544af0 cxxbridge1$str$ptr + 2382100
16  chromedriver                        0x00000001005979a0 cxxbridge1$str$ptr + 2721732
17  chromedriver                        0x0000000100597b2c cxxbridge1$str$ptr + 2722128
18  chromedriver                        0x00000001005a6cd4 cxxbridge1$str$ptr + 2783992
19  libsystem_pthread.dylib             0x0000000190f8b2e4 _pthread_start + 136
20  libsystem_pthread.dylib             0x0000000190f860fc thread_start + 8

2025-04-13 14:26:00,625 - scraper - INFO - 点击交易员: 带带带比特 (@daidaibtc)
2025-04-13 14:26:01,713 - scraper - ERROR - 爬取交易员 带带带比特 的推文失败: Message: element click intercepted: Element <div data-v-759468ba="" data-v-127306e8="" class="profile user" title="View only this trader">...</div> is not clickable at point (148, 858). Other element would receive the click: <a data-v-b9c1f7d2="" href="https://www.bwequation.com/" target="_blank" class="powered-by-bottom">...</a>
  (Session info: chrome=135.0.7049.84)
Stacktrace:
0   chromedriver                        0x00000001005aedec cxxbridge1$str$ptr + 2817040
1   chromedriver                        0x00000001005a7088 cxxbridge1$str$ptr + 2784940
2   chromedriver                        0x00000001000ee8d8 cxxbridge1$string$len + 93028
3   chromedriver                        0x000000010013b1a8 cxxbridge1$string$len + 406580
4   chromedriver                        0x0000000100139738 cxxbridge1$string$len + 399812
5   chromedriver                        0x000000010013754c cxxbridge1$string$len + 391128
6   chromedriver                        0x0000000100136948 cxxbridge1$string$len + 388052
7   chromedriver                        0x000000010012b2b0 cxxbridge1$string$len + 341308
8   chromedriver                        0x000000010012ad3c cxxbridge1$string$len + 339912
9   chromedriver                        0x00000001001767b8 cxxbridge1$string$len + 649796
10  chromedriver                        0x0000000100129a80 cxxbridge1$string$len + 335116
11  chromedriver                        0x0000000100573c74 cxxbridge1$str$ptr + 2575000
12  chromedriver                        0x0000000100576f40 cxxbridge1$str$ptr + 2588004
13  chromedriver                        0x00000001005539fc cxxbridge1$str$ptr + 2443296
14  chromedriver                        0x00000001005777bc cxxbridge1$str$ptr + 2590176
15  chromedriver                        0x0000000100544af0 cxxbridge1$str$ptr + 2382100
16  chromedriver                        0x00000001005979a0 cxxbridge1$str$ptr + 2721732
17  chromedriver                        0x0000000100597b2c cxxbridge1$str$ptr + 2722128
18  chromedriver                        0x00000001005a6cd4 cxxbridge1$str$ptr + 2783992
19  libsystem_pthread.dylib             0x0000000190f8b2e4 _pthread_start + 136
20  libsystem_pthread.dylib             0x0000000190f860fc thread_start + 8

2025-04-13 14:26:01,714 - scraper - INFO - 点击交易员: sigma^2 (@SigmaSquared_)
2025-04-13 14:26:02,803 - scraper - ERROR - 爬取交易员 sigma^2 的推文失败: Message: element click intercepted: Element <div data-v-759468ba="" data-v-127306e8="" class="profile user" title="View only this trader">...</div> is not clickable at point (148, 858). Other element would receive the click: <a data-v-b9c1f7d2="" href="https://www.bwequation.com/" target="_blank" class="powered-by-bottom">...</a>
  (Session info: chrome=135.0.7049.84)
Stacktrace:
0   chromedriver                        0x00000001005aedec cxxbridge1$str$ptr + 2817040
1   chromedriver                        0x00000001005a7088 cxxbridge1$str$ptr + 2784940
2   chromedriver                        0x00000001000ee8d8 cxxbridge1$string$len + 93028
3   chromedriver                        0x000000010013b1a8 cxxbridge1$string$len + 406580
4   chromedriver                        0x0000000100139738 cxxbridge1$string$len + 399812
5   chromedriver                        0x000000010013754c cxxbridge1$string$len + 391128
6   chromedriver                        0x0000000100136948 cxxbridge1$string$len + 388052
7   chromedriver                        0x000000010012b2b0 cxxbridge1$string$len + 341308
8   chromedriver                        0x000000010012ad3c cxxbridge1$string$len + 339912
9   chromedriver                        0x00000001001767b8 cxxbridge1$string$len + 649796
10  chromedriver                        0x0000000100129a80 cxxbridge1$string$len + 335116
11  chromedriver                        0x0000000100573c74 cxxbridge1$str$ptr + 2575000
12  chromedriver                        0x0000000100576f40 cxxbridge1$str$ptr + 2588004
13  chromedriver                        0x00000001005539fc cxxbridge1$str$ptr + 2443296
14  chromedriver                        0x00000001005777bc cxxbridge1$str$ptr + 2590176
15  chromedriver                        0x0000000100544af0 cxxbridge1$str$ptr + 2382100
16  chromedriver                        0x00000001005979a0 cxxbridge1$str$ptr + 2721732
17  chromedriver                        0x0000000100597b2c cxxbridge1$str$ptr + 2722128
18  chromedriver                        0x00000001005a6cd4 cxxbridge1$str$ptr + 2783992
19  libsystem_pthread.dylib             0x0000000190f8b2e4 _pthread_start + 136
20  libsystem_pthread.dylib             0x0000000190f860fc thread_start + 8

2025-04-13 14:26:02,804 - scraper - INFO - 点击交易员: Game (@game_for_one)
2025-04-13 14:26:03,838 - scraper - ERROR - 爬取交易员 Game 的推文失败: Message: element click intercepted: Element <div data-v-759468ba="" data-v-127306e8="" class="profile user" title="View only this trader">...</div> is not clickable at point (148, 858). Other element would receive the click: <a data-v-b9c1f7d2="" href="https://www.bwequation.com/" target="_blank" class="powered-by-bottom">...</a>
  (Session info: chrome=135.0.7049.84)
Stacktrace:
0   chromedriver                        0x00000001005aedec cxxbridge1$str$ptr + 2817040
1   chromedriver                        0x00000001005a7088 cxxbridge1$str$ptr + 2784940
2   chromedriver                        0x00000001000ee8d8 cxxbridge1$string$len + 93028
3   chromedriver                        0x000000010013b1a8 cxxbridge1$string$len + 406580
4   chromedriver                        0x0000000100139738 cxxbridge1$string$len + 399812
5   chromedriver                        0x000000010013754c cxxbridge1$string$len + 391128
6   chromedriver                        0x0000000100136948 cxxbridge1$string$len + 388052
7   chromedriver                        0x000000010012b2b0 cxxbridge1$string$len + 341308
8   chromedriver                        0x000000010012ad3c cxxbridge1$string$len + 339912
9   chromedriver                        0x00000001001767b8 cxxbridge1$string$len + 649796
10  chromedriver                        0x0000000100129a80 cxxbridge1$string$len + 335116
11  chromedriver                        0x0000000100573c74 cxxbridge1$str$ptr + 2575000
12  chromedriver                        0x0000000100576f40 cxxbridge1$str$ptr + 2588004
13  chromedriver                        0x00000001005539fc cxxbridge1$str$ptr + 2443296
14  chromedriver                        0x00000001005777bc cxxbridge1$str$ptr + 2590176
15  chromedriver                        0x0000000100544af0 cxxbridge1$str$ptr + 2382100
16  chromedriver                        0x00000001005979a0 cxxbridge1$str$ptr + 2721732
17  chromedriver                        0x0000000100597b2c cxxbridge1$str$ptr + 2722128
18  chromedriver                        0x00000001005a6cd4 cxxbridge1$str$ptr + 2783992
19  libsystem_pthread.dylib             0x0000000190f8b2e4 _pthread_start + 136
20  libsystem_pthread.dylib             0x0000000190f860fc thread_start + 8

2025-04-13 14:26:03,839 - scraper - INFO - 点击交易员: 0xSun (@0xSunNFT)
2025-04-13 14:26:04,892 - scraper - ERROR - 爬取交易员 0xSun 的推文失败: Message: element click intercepted: Element <div data-v-759468ba="" data-v-127306e8="" class="profile user" title="View only this trader">...</div> is not clickable at point (148, 858). Other element would receive the click: <a data-v-b9c1f7d2="" href="https://www.bwequation.com/" target="_blank" class="powered-by-bottom">...</a>
  (Session info: chrome=135.0.7049.84)
Stacktrace:
0   chromedriver                        0x00000001005aedec cxxbridge1$str$ptr + 2817040
1   chromedriver                        0x00000001005a7088 cxxbridge1$str$ptr + 2784940
2   chromedriver                        0x00000001000ee8d8 cxxbridge1$string$len + 93028
3   chromedriver                        0x000000010013b1a8 cxxbridge1$string$len + 406580
4   chromedriver                        0x0000000100139738 cxxbridge1$string$len + 399812
5   chromedriver                        0x000000010013754c cxxbridge1$string$len + 391128
6   chromedriver                        0x0000000100136948 cxxbridge1$string$len + 388052
7   chromedriver                        0x000000010012b2b0 cxxbridge1$string$len + 341308
8   chromedriver                        0x000000010012ad3c cxxbridge1$string$len + 339912
9   chromedriver                        0x00000001001767b8 cxxbridge1$string$len + 649796
10  chromedriver                        0x0000000100129a80 cxxbridge1$string$len + 335116
11  chromedriver                        0x0000000100573c74 cxxbridge1$str$ptr + 2575000
12  chromedriver                        0x0000000100576f40 cxxbridge1$str$ptr + 2588004
13  chromedriver                        0x00000001005539fc cxxbridge1$str$ptr + 2443296
14  chromedriver                        0x00000001005777bc cxxbridge1$str$ptr + 2590176
15  chromedriver                        0x0000000100544af0 cxxbridge1$str$ptr + 2382100
16  chromedriver                        0x00000001005979a0 cxxbridge1$str$ptr + 2721732
17  chromedriver                        0x0000000100597b2c cxxbridge1$str$ptr + 2722128
18  chromedriver                        0x00000001005a6cd4 cxxbridge1$str$ptr + 2783992
19  libsystem_pthread.dylib             0x0000000190f8b2e4 _pthread_start + 136
20  libsystem_pthread.dylib             0x0000000190f860fc thread_start + 8

2025-04-13 14:26:04,893 - scraper - INFO - 点击交易员: Huma (@HumaCapital)
2025-04-13 14:26:05,940 - scraper - ERROR - 爬取交易员 Huma 的推文失败: Message: element click intercepted: Element <div data-v-759468ba="" data-v-127306e8="" class="profile user" title="View only this trader">...</div> is not clickable at point (148, 858). Other element would receive the click: <a data-v-b9c1f7d2="" href="https://www.bwequation.com/" target="_blank" class="powered-by-bottom">...</a>
  (Session info: chrome=135.0.7049.84)
Stacktrace:
0   chromedriver                        0x00000001005aedec cxxbridge1$str$ptr + 2817040
1   chromedriver                        0x00000001005a7088 cxxbridge1$str$ptr + 2784940
2   chromedriver                        0x00000001000ee8d8 cxxbridge1$string$len + 93028
3   chromedriver                        0x000000010013b1a8 cxxbridge1$string$len + 406580
4   chromedriver                        0x0000000100139738 cxxbridge1$string$len + 399812
5   chromedriver                        0x000000010013754c cxxbridge1$string$len + 391128
6   chromedriver                        0x0000000100136948 cxxbridge1$string$len + 388052
7   chromedriver                        0x000000010012b2b0 cxxbridge1$string$len + 341308
8   chromedriver                        0x000000010012ad3c cxxbridge1$string$len + 339912
9   chromedriver                        0x00000001001767b8 cxxbridge1$string$len + 649796
10  chromedriver                        0x0000000100129a80 cxxbridge1$string$len + 335116
11  chromedriver                        0x0000000100573c74 cxxbridge1$str$ptr + 2575000
12  chromedriver                        0x0000000100576f40 cxxbridge1$str$ptr + 2588004
13  chromedriver                        0x00000001005539fc cxxbridge1$str$ptr + 2443296
14  chromedriver                        0x00000001005777bc cxxbridge1$str$ptr + 2590176
15  chromedriver                        0x0000000100544af0 cxxbridge1$str$ptr + 2382100
16  chromedriver                        0x00000001005979a0 cxxbridge1$str$ptr + 2721732
17  chromedriver                        0x0000000100597b2c cxxbridge1$str$ptr + 2722128
18  chromedriver                        0x00000001005a6cd4 cxxbridge1$str$ptr + 2783992
19  libsystem_pthread.dylib             0x0000000190f8b2e4 _pthread_start + 136
20  libsystem_pthread.dylib             0x0000000190f860fc thread_start + 8

2025-04-13 14:26:06,035 - scraper - INFO - 已爬取 15 条推文并保存到 extracted_tweets.json
2025-04-13 14:26:06,035 - ai_processor - INFO - 处理来自 X-GPT 的数据
2025-04-13 14:26:26,661 - database - INFO - 保存数据成功: X-GPT
2025-04-13 14:26:26,665 - httpx - INFO - HTTP Request: POST https://api.telegram.org/bot7647743490:AAE-gjtb4X7KJVuzJg_c-58KSS6bOX0-xi4/getUpdates "HTTP/1.1 200 OK"
2025-04-13 14:26:27,832 - httpx - INFO - HTTP Request: POST https://api.telegram.org/bot7647743490:AAE-gjtb4X7KJVuzJg_c-58KSS6bOX0-xi4/sendMessage "HTTP/1.1 200 OK"
2025-04-13 14:26:37,741 - httpx - INFO - HTTP Request: POST https://api.telegram.org/bot7647743490:AAE-gjtb4X7KJVuzJg_c-58KSS6bOX0-xi4/getUpdates "HTTP/1.1 200 OK"
2025-04-13 14:26:48,083 - httpx - INFO - HTTP Request: POST https://api.telegram.org/bot7647743490:AAE-gjtb4X7KJVuzJg_c-58KSS6bOX0-xi4/getUpdates "HTTP/1.1 200 OK"
2025-04-13 14:26:58,513 - httpx - INFO - HTTP Request: POST https://api.telegram.org/bot7647743490:AAE-gjtb4X7KJVuzJg_c-58KSS6bOX0-xi4/getUpdates "HTTP/1.1 200 OK"
2025-04-13 14:27:08,871 - httpx - INFO - HTTP Request: POST https://api.telegram.org/bot7647743490:AAE-gjtb4X7KJVuzJg_c-58KSS6bOX0-xi4/getUpdates "HTTP/1.1 200 OK"
2025-04-13 14:27:19,203 - httpx - INFO - HTTP Request: POST https://api.telegram.org/bot7647743490:AAE-gjtb4X7KJVuzJg_c-58KSS6bOX0-xi4/getUpdates "HTTP/1.1 200 OK"
2025-04-13 14:27:29,553 - httpx - INFO - HTTP Request: POST https://api.telegram.org/bot7647743490:AAE-gjtb4X7KJVuzJg_c-58KSS6bOX0-xi4/getUpdates "HTTP/1.1 200 OK"
2025-04-13 14:27:40,011 - httpx - INFO - HTTP Request: POST https://api.telegram.org/bot7647743490:AAE-gjtb4X7KJVuzJg_c-58KSS6bOX0-xi4/getUpdates "HTTP/1.1 200 OK"
2025-04-13 14:27:50,344 - httpx - INFO - HTTP Request: POST https://api.telegram.org/bot7647743490:AAE-gjtb4X7KJVuzJg_c-58KSS6bOX0-xi4/getUpdates "HTTP/1.1 200 OK"
2025-04-13 14:28:00,661 - httpx - INFO - HTTP Request: POST https://api.telegram.org/bot7647743490:AAE-gjtb4X7KJVuzJg_c-58KSS6bOX0-xi4/getUpdates "HTTP/1.1 200 OK"
2025-04-13 14:28:11,074 - httpx - INFO - HTTP Request: POST https://api.telegram.org/bot7647743490:AAE-gjtb4X7KJVuzJg_c-58KSS6bOX0-xi4/getUpdates "HTTP/1.1 200 OK"
2025-04-13 14:28:21,387 - httpx - INFO - HTTP Request: POST https://api.telegram.org/bot7647743490:AAE-gjtb4X7KJVuzJg_c-58KSS6bOX0-xi4/getUpdates "HTTP/1.1 200 OK"
2025-04-13 14:28:31,816 - httpx - INFO - HTTP Request: POST https://api.telegram.org/bot7647743490:AAE-gjtb4X7KJVuzJg_c-58KSS6bOX0-xi4/getUpdates "HTTP/1.1 200 OK"
2025-04-13 14:28:42,154 - httpx - INFO - HTTP Request: POST https://api.telegram.org/bot7647743490:AAE-gjtb4X7KJVuzJg_c-58KSS6bOX0-xi4/getUpdates "HTTP/1.1 200 OK"
2025-04-13 14:28:52,537 - httpx - INFO - HTTP Request: POST https://api.telegram.org/bot7647743490:AAE-gjtb4X7KJVuzJg_c-58KSS6bOX0-xi4/getUpdates "HTTP/1.1 200 OK"
2025-04-13 14:29:02,916 - httpx - INFO - HTTP Request: POST https://api.telegram.org/bot7647743490:AAE-gjtb4X7KJVuzJg_c-58KSS6bOX0-xi4/getUpdates "HTTP/1.1 200 OK"
2025-04-13 14:29:13,234 - httpx - INFO - HTTP Request: POST https://api.telegram.org/bot7647743490:AAE-gjtb4X7KJVuzJg_c-58KSS6bOX0-xi4/getUpdates "HTTP/1.1 200 OK"
2025-04-13 14:29:23,580 - httpx - INFO - HTTP Request: POST https://api.telegram.org/bot7647743490:AAE-gjtb4X7KJVuzJg_c-58KSS6bOX0-xi4/getUpdates "HTTP/1.1 200 OK"
2025-04-13 14:29:33,903 - httpx - INFO - HTTP Request: POST https://api.telegram.org/bot7647743490:AAE-gjtb4X7KJVuzJg_c-58KSS6bOX0-xi4/getUpdates "HTTP/1.1 200 OK"
2025-04-13 14:29:44,290 - httpx - INFO - HTTP Request: POST https://api.telegram.org/bot7647743490:AAE-gjtb4X7KJVuzJg_c-58KSS6bOX0-xi4/getUpdates "HTTP/1.1 200 OK"
2025-04-13 14:29:54,707 - httpx - INFO - HTTP Request: POST https://api.telegram.org/bot7647743490:AAE-gjtb4X7KJVuzJg_c-58KSS6bOX0-xi4/getUpdates "HTTP/1.1 200 OK"
2025-04-13 14:30:05,038 - httpx - INFO - HTTP Request: POST https://api.telegram.org/bot7647743490:AAE-gjtb4X7KJVuzJg_c-58KSS6bOX0-xi4/getUpdates "HTTP/1.1 200 OK"
2025-04-13 14:30:15,361 - httpx - INFO - HTTP Request: POST https://api.telegram.org/bot7647743490:AAE-gjtb4X7KJVuzJg_c-58KSS6bOX0-xi4/getUpdates "HTTP/1.1 200 OK"
2025-04-13 14:30:25,675 - httpx - INFO - HTTP Request: POST https://api.telegram.org/bot7647743490:AAE-gjtb4X7KJVuzJg_c-58KSS6bOX0-xi4/getUpdates "HTTP/1.1 200 OK"
2025-04-13 14:30:36,018 - httpx - INFO - HTTP Request: POST https://api.telegram.org/bot7647743490:AAE-gjtb4X7KJVuzJg_c-58KSS6bOX0-xi4/getUpdates "HTTP/1.1 200 OK"
2025-04-13 14:30:46,325 - httpx - INFO - HTTP Request: POST https://api.telegram.org/bot7647743490:AAE-gjtb4X7KJVuzJg_c-58KSS6bOX0-xi4/getUpdates "HTTP/1.1 200 OK"
2025-04-13 14:30:56,790 - httpx - INFO - HTTP Request: POST https://api.telegram.org/bot7647743490:AAE-gjtb4X7KJVuzJg_c-58KSS6bOX0-xi4/getUpdates "HTTP/1.1 200 OK"
2025-04-13 14:31:07,224 - httpx - INFO - HTTP Request: POST https://api.telegram.org/bot7647743490:AAE-gjtb4X7KJVuzJg_c-58KSS6bOX0-xi4/getUpdates "HTTP/1.1 200 OK"
2025-04-13 14:31:17,537 - httpx - INFO - HTTP Request: POST https://api.telegram.org/bot7647743490:AAE-gjtb4X7KJVuzJg_c-58KSS6bOX0-xi4/getUpdates "HTTP/1.1 200 OK"
2025-04-13 14:31:28,208 - httpx - INFO - HTTP Request: POST https://api.telegram.org/bot7647743490:AAE-gjtb4X7KJVuzJg_c-58KSS6bOX0-xi4/getUpdates "HTTP/1.1 200 OK"
2025-04-13 14:31:38,515 - httpx - INFO - HTTP Request: POST https://api.telegram.org/bot7647743490:AAE-gjtb4X7KJVuzJg_c-58KSS6bOX0-xi4/getUpdates "HTTP/1.1 200 OK"
2025-04-13 14:31:48,847 - httpx - INFO - HTTP Request: POST https://api.telegram.org/bot7647743490:AAE-gjtb4X7KJVuzJg_c-58KSS6bOX0-xi4/getUpdates "HTTP/1.1 200 OK"
2025-04-13 14:31:59,188 - httpx - INFO - HTTP Request: POST https://api.telegram.org/bot7647743490:AAE-gjtb4X7KJVuzJg_c-58KSS6bOX0-xi4/getUpdates "HTTP/1.1 200 OK"
2025-04-13 14:32:09,631 - httpx - INFO - HTTP Request: POST https://api.telegram.org/bot7647743490:AAE-gjtb4X7KJVuzJg_c-58KSS6bOX0-xi4/getUpdates "HTTP/1.1 200 OK"
2025-04-13 14:32:19,964 - httpx - INFO - HTTP Request: POST https://api.telegram.org/bot7647743490:AAE-gjtb4X7KJVuzJg_c-58KSS6bOX0-xi4/getUpdates "HTTP/1.1 200 OK"
2025-04-13 14:32:30,324 - httpx - INFO - HTTP Request: POST https://api.telegram.org/bot7647743490:AAE-gjtb4X7KJVuzJg_c-58KSS6bOX0-xi4/getUpdates "HTTP/1.1 200 OK"
2025-04-13 14:32:40,637 - httpx - INFO - HTTP Request: POST https://api.telegram.org/bot7647743490:AAE-gjtb4X7KJVuzJg_c-58KSS6bOX0-xi4/getUpdates "HTTP/1.1 200 OK"
2025-04-13 14:32:51,034 - httpx - INFO - HTTP Request: POST https://api.telegram.org/bot7647743490:AAE-gjtb4X7KJVuzJg_c-58KSS6bOX0-xi4/getUpdates "HTTP/1.1 200 OK"
2025-04-13 14:33:01,343 - httpx - INFO - HTTP Request: POST https://api.telegram.org/bot7647743490:AAE-gjtb4X7KJVuzJg_c-58KSS6bOX0-xi4/getUpdates "HTTP/1.1 200 OK"
2025-04-13 14:33:11,670 - httpx - INFO - HTTP Request: POST https://api.telegram.org/bot7647743490:AAE-gjtb4X7KJVuzJg_c-58KSS6bOX0-xi4/getUpdates "HTTP/1.1 200 OK"
2025-04-13 14:33:21,995 - httpx - INFO - HTTP Request: POST https://api.telegram.org/bot7647743490:AAE-gjtb4X7KJVuzJg_c-58KSS6bOX0-xi4/getUpdates "HTTP/1.1 200 OK"
2025-04-13 14:33:29,203 - httpx - INFO - HTTP Request: POST https://api.telegram.org/bot7647743490:AAE-gjtb4X7KJVuzJg_c-58KSS6bOX0-xi4/getUpdates "HTTP/1.1 200 OK"
