2025-04-13 23:18:22,509 - main - INFO - 启动应用
2025-04-13 23:18:22,509 - database - INFO - 数据库初始化成功
2025-04-13 23:18:22,598 - telegram_bot - INFO - 启动Telegram机器人
2025-04-13 23:18:23,553 - httpx - INFO - HTTP Request: POST https://api.telegram.org/bot8155323856:AAH8JAorNJyZtWbJhJtROY-qfUiiT2uwaXg/getMe "HTTP/1.1 200 OK"
2025-04-13 23:18:23,856 - httpx - INFO - HTTP Request: POST https://api.telegram.org/bot8155323856:AAH8JAorNJyZtWbJhJtROY-qfUiiT2uwaXg/deleteWebhook "HTTP/1.1 200 OK"
2025-04-13 23:18:33,478 - httpx - INFO - HTTP Request: POST https://api.telegram.org/bot8155323856:AAH8JAorNJyZtWbJhJtROY-qfUiiT2uwaXg/getUpdates "HTTP/1.1 200 OK"
2025-04-13 23:18:34,706 - httpx - INFO - HTTP Request: POST https://api.telegram.org/bot8155323856:AAH8JAorNJyZtWbJhJtROY-qfUiiT2uwaXg/sendMessage "HTTP/1.1 200 OK"
2025-04-13 23:19:22,365 - httpx - INFO - HTTP Request: POST https://api.telegram.org/bot8155323856:AAH8JAorNJyZtWbJhJtROY-qfUiiT2uwaXg/getUpdates "HTTP/1.1 200 OK"
2025-04-13 23:19:23,495 - httpx - INFO - HTTP Request: POST https://api.telegram.org/bot8155323856:AAH8JAorNJyZtWbJhJtROY-qfUiiT2uwaXg/sendMessage "HTTP/1.1 200 OK"
2025-04-13 23:19:32,757 - httpx - INFO - HTTP Request: POST https://api.telegram.org/bot8155323856:AAH8JAorNJyZtWbJhJtROY-qfUiiT2uwaXg/getUpdates "HTTP/1.1 200 OK"
2025-04-13 23:19:43,210 - httpx - INFO - HTTP Request: POST https://api.telegram.org/bot8155323856:AAH8JAorNJyZtWbJhJtROY-qfUiiT2uwaXg/getUpdates "HTTP/1.1 200 OK"
2025-04-13 23:19:53,556 - httpx - INFO - HTTP Request: POST https://api.telegram.org/bot8155323856:AAH8JAorNJyZtWbJhJtROY-qfUiiT2uwaXg/getUpdates "HTTP/1.1 200 OK"
2025-04-13 23:20:04,091 - httpx - INFO - HTTP Request: POST https://api.telegram.org/bot8155323856:AAH8JAorNJyZtWbJhJtROY-qfUiiT2uwaXg/getUpdates "HTTP/1.1 200 OK"
2025-04-13 23:20:14,488 - httpx - INFO - HTTP Request: POST https://api.telegram.org/bot8155323856:AAH8JAorNJyZtWbJhJtROY-qfUiiT2uwaXg/getUpdates "HTTP/1.1 200 OK"
2025-04-13 23:20:24,805 - httpx - INFO - HTTP Request: POST https://api.telegram.org/bot8155323856:AAH8JAorNJyZtWbJhJtROY-qfUiiT2uwaXg/getUpdates "HTTP/1.1 200 OK"
2025-04-13 23:20:35,166 - httpx - INFO - HTTP Request: POST https://api.telegram.org/bot8155323856:AAH8JAorNJyZtWbJhJtROY-qfUiiT2uwaXg/getUpdates "HTTP/1.1 200 OK"
2025-04-13 23:20:45,589 - httpx - INFO - HTTP Request: POST https://api.telegram.org/bot8155323856:AAH8JAorNJyZtWbJhJtROY-qfUiiT2uwaXg/getUpdates "HTTP/1.1 200 OK"
2025-04-13 23:20:55,983 - httpx - INFO - HTTP Request: POST https://api.telegram.org/bot8155323856:AAH8JAorNJyZtWbJhJtROY-qfUiiT2uwaXg/getUpdates "HTTP/1.1 200 OK"
2025-04-13 23:21:06,326 - httpx - INFO - HTTP Request: POST https://api.telegram.org/bot8155323856:AAH8JAorNJyZtWbJhJtROY-qfUiiT2uwaXg/getUpdates "HTTP/1.1 200 OK"
2025-04-13 23:21:16,679 - httpx - INFO - HTTP Request: POST https://api.telegram.org/bot8155323856:AAH8JAorNJyZtWbJhJtROY-qfUiiT2uwaXg/getUpdates "HTTP/1.1 200 OK"
2025-04-13 23:21:27,061 - httpx - INFO - HTTP Request: POST https://api.telegram.org/bot8155323856:AAH8JAorNJyZtWbJhJtROY-qfUiiT2uwaXg/getUpdates "HTTP/1.1 200 OK"
2025-04-13 23:21:37,398 - httpx - INFO - HTTP Request: POST https://api.telegram.org/bot8155323856:AAH8JAorNJyZtWbJhJtROY-qfUiiT2uwaXg/getUpdates "HTTP/1.1 200 OK"
2025-04-13 23:21:47,739 - httpx - INFO - HTTP Request: POST https://api.telegram.org/bot8155323856:AAH8JAorNJyZtWbJhJtROY-qfUiiT2uwaXg/getUpdates "HTTP/1.1 200 OK"
2025-04-13 23:21:58,142 - httpx - INFO - HTTP Request: POST https://api.telegram.org/bot8155323856:AAH8JAorNJyZtWbJhJtROY-qfUiiT2uwaXg/getUpdates "HTTP/1.1 200 OK"
2025-04-13 23:22:08,616 - httpx - INFO - HTTP Request: POST https://api.telegram.org/bot8155323856:AAH8JAorNJyZtWbJhJtROY-qfUiiT2uwaXg/getUpdates "HTTP/1.1 200 OK"
2025-04-13 23:22:19,103 - httpx - INFO - HTTP Request: POST https://api.telegram.org/bot8155323856:AAH8JAorNJyZtWbJhJtROY-qfUiiT2uwaXg/getUpdates "HTTP/1.1 200 OK"
2025-04-13 23:22:29,462 - httpx - INFO - HTTP Request: POST https://api.telegram.org/bot8155323856:AAH8JAorNJyZtWbJhJtROY-qfUiiT2uwaXg/getUpdates "HTTP/1.1 200 OK"
2025-04-13 23:22:40,323 - httpx - INFO - HTTP Request: POST https://api.telegram.org/bot8155323856:AAH8JAorNJyZtWbJhJtROY-qfUiiT2uwaXg/getUpdates "HTTP/1.1 200 OK"
2025-04-13 23:22:50,672 - httpx - INFO - HTTP Request: POST https://api.telegram.org/bot8155323856:AAH8JAorNJyZtWbJhJtROY-qfUiiT2uwaXg/getUpdates "HTTP/1.1 200 OK"
2025-04-13 23:23:01,315 - httpx - INFO - HTTP Request: POST https://api.telegram.org/bot8155323856:AAH8JAorNJyZtWbJhJtROY-qfUiiT2uwaXg/getUpdates "HTTP/1.1 200 OK"
2025-04-13 23:23:11,657 - httpx - INFO - HTTP Request: POST https://api.telegram.org/bot8155323856:AAH8JAorNJyZtWbJhJtROY-qfUiiT2uwaXg/getUpdates "HTTP/1.1 200 OK"
2025-04-13 23:23:22,035 - httpx - INFO - HTTP Request: POST https://api.telegram.org/bot8155323856:AAH8JAorNJyZtWbJhJtROY-qfUiiT2uwaXg/getUpdates "HTTP/1.1 200 OK"
2025-04-13 23:23:32,395 - httpx - INFO - HTTP Request: POST https://api.telegram.org/bot8155323856:AAH8JAorNJyZtWbJhJtROY-qfUiiT2uwaXg/getUpdates "HTTP/1.1 200 OK"
2025-04-13 23:23:42,844 - httpx - INFO - HTTP Request: POST https://api.telegram.org/bot8155323856:AAH8JAorNJyZtWbJhJtROY-qfUiiT2uwaXg/getUpdates "HTTP/1.1 200 OK"
2025-04-13 23:23:53,281 - httpx - INFO - HTTP Request: POST https://api.telegram.org/bot8155323856:AAH8JAorNJyZtWbJhJtROY-qfUiiT2uwaXg/getUpdates "HTTP/1.1 200 OK"
2025-04-13 23:24:03,643 - httpx - INFO - HTTP Request: POST https://api.telegram.org/bot8155323856:AAH8JAorNJyZtWbJhJtROY-qfUiiT2uwaXg/getUpdates "HTTP/1.1 200 OK"
2025-04-13 23:24:14,002 - httpx - INFO - HTTP Request: POST https://api.telegram.org/bot8155323856:AAH8JAorNJyZtWbJhJtROY-qfUiiT2uwaXg/getUpdates "HTTP/1.1 200 OK"
2025-04-13 23:24:24,460 - httpx - INFO - HTTP Request: POST https://api.telegram.org/bot8155323856:AAH8JAorNJyZtWbJhJtROY-qfUiiT2uwaXg/getUpdates "HTTP/1.1 200 OK"
2025-04-13 23:24:34,843 - httpx - INFO - HTTP Request: POST https://api.telegram.org/bot8155323856:AAH8JAorNJyZtWbJhJtROY-qfUiiT2uwaXg/getUpdates "HTTP/1.1 200 OK"
2025-04-13 23:24:37,639 - httpx - INFO - HTTP Request: POST https://api.telegram.org/bot8155323856:AAH8JAorNJyZtWbJhJtROY-qfUiiT2uwaXg/getUpdates "HTTP/1.1 200 OK"
2025-04-13 23:24:38,880 - httpx - INFO - HTTP Request: POST https://api.telegram.org/bot8155323856:AAH8JAorNJyZtWbJhJtROY-qfUiiT2uwaXg/sendMessage "HTTP/1.1 200 OK"
2025-04-13 23:24:42,248 - httpx - INFO - HTTP Request: POST https://api.telegram.org/bot8155323856:AAH8JAorNJyZtWbJhJtROY-qfUiiT2uwaXg/getUpdates "HTTP/1.1 200 OK"
2025-04-13 23:24:42,763 - httpx - INFO - HTTP Request: POST https://api.telegram.org/bot8155323856:AAH8JAorNJyZtWbJhJtROY-qfUiiT2uwaXg/sendMessage "HTTP/1.1 200 OK"
2025-04-13 23:24:52,596 - httpx - INFO - HTTP Request: POST https://api.telegram.org/bot8155323856:AAH8JAorNJyZtWbJhJtROY-qfUiiT2uwaXg/getUpdates "HTTP/1.1 200 OK"
2025-04-13 23:25:02,952 - httpx - INFO - HTTP Request: POST https://api.telegram.org/bot8155323856:AAH8JAorNJyZtWbJhJtROY-qfUiiT2uwaXg/getUpdates "HTTP/1.1 200 OK"
2025-04-13 23:25:13,308 - httpx - INFO - HTTP Request: POST https://api.telegram.org/bot8155323856:AAH8JAorNJyZtWbJhJtROY-qfUiiT2uwaXg/getUpdates "HTTP/1.1 200 OK"
2025-04-13 23:25:23,695 - httpx - INFO - HTTP Request: POST https://api.telegram.org/bot8155323856:AAH8JAorNJyZtWbJhJtROY-qfUiiT2uwaXg/getUpdates "HTTP/1.1 200 OK"
2025-04-13 23:25:34,139 - httpx - INFO - HTTP Request: POST https://api.telegram.org/bot8155323856:AAH8JAorNJyZtWbJhJtROY-qfUiiT2uwaXg/getUpdates "HTTP/1.1 200 OK"
2025-04-13 23:25:44,519 - httpx - INFO - HTTP Request: POST https://api.telegram.org/bot8155323856:AAH8JAorNJyZtWbJhJtROY-qfUiiT2uwaXg/getUpdates "HTTP/1.1 200 OK"
2025-04-13 23:25:53,923 - httpx - INFO - HTTP Request: POST https://api.telegram.org/bot8155323856:AAH8JAorNJyZtWbJhJtROY-qfUiiT2uwaXg/getUpdates "HTTP/1.1 200 OK"
