2025-04-13 15:49:58,616 - main - INFO - 启动应用
2025-04-13 15:49:58,616 - database - INFO - 数据库初始化成功
2025-04-13 15:49:58,701 - telegram_bot - INFO - 启动Telegram机器人
2025-04-13 15:50:01,189 - httpx - INFO - HTTP Request: POST https://api.telegram.org/bot7647743490:AAE-gjtb4X7KJVuzJg_c-58KSS6bOX0-xi4/getMe "HTTP/1.1 200 OK"
2025-04-13 15:50:01,917 - httpx - INFO - HTTP Request: POST https://api.telegram.org/bot7647743490:AAE-gjtb4X7KJVuzJg_c-58KSS6bOX0-xi4/deleteWebhook "HTTP/1.1 200 OK"
2025-04-13 15:50:04,553 - httpx - INFO - HTTP Request: POST https://api.telegram.org/bot7647743490:AAE-gjtb4X7KJVuzJg_c-58KSS6bOX0-xi4/getUpdates "HTTP/1.1 200 OK"
2025-04-13 15:50:05,273 - httpx - INFO - HTTP Request: POST https://api.telegram.org/bot7647743490:AAE-gjtb4X7KJVuzJg_c-58KSS6bOX0-xi4/sendMessage "HTTP/1.1 200 OK"
2025-04-13 15:50:05,275 - scraper - INFO - 开始爬取: https://x-gpt.bwequation.com/
2025-04-13 15:50:14,641 - selenium.webdriver.common.selenium_manager - WARNING - Error sending stats to Plausible: error sending request for url (https://plausible.io/api/event)
2025-04-13 15:50:17,155 - scraper - INFO - 等待页面内容加载...
2025-04-13 15:50:28,347 - scraper - INFO - 找到 27 个交易员
2025-04-13 15:50:28,377 - scraper - INFO - 添加交易员: Andrew Kang (@Rewkang)
2025-04-13 15:50:28,389 - scraper - INFO - 添加交易员: RunnerXBT (@RunnerXBT)
2025-04-13 15:50:28,402 - scraper - INFO - 添加交易员: art (@art_xbt)
2025-04-13 15:50:28,415 - scraper - INFO - 添加交易员: TheHorse (@trading__horse)
2025-04-13 15:50:28,427 - scraper - INFO - 添加交易员: HORSE 🏴‍☠️ (@TheFlowHorse)
2025-04-13 15:50:28,440 - scraper - INFO - 添加交易员: Nacho Trades (@NachoTrades)
2025-04-13 15:50:28,452 - scraper - INFO - 添加交易员: Awawat (@Awawat_Trades)
2025-04-13 15:50:28,464 - scraper - INFO - 添加交易员: PC ² (@PC_Larp)
2025-04-13 15:50:28,475 - scraper - INFO - 添加交易员: Cred (@CryptoCred)
2025-04-13 15:50:28,487 - scraper - INFO - 添加交易员: Reetika (@ReetikaTrades)
2025-04-13 15:50:28,499 - scraper - INFO - 添加交易员: 🐧 Pentoshi 🇨🇳 🇺🇦 🇪🇺🏳️‍🌈5x 💉boosted (@Pentosh1)
2025-04-13 15:50:28,510 - scraper - INFO - 添加交易员: DonAlt (@CryptoDonAlt)
2025-04-13 15:50:28,521 - scraper - INFO - 添加交易员: DeFi^2 (@DefiSquared)
2025-04-13 15:50:28,534 - scraper - INFO - 添加交易员: Chiefingza (@chiefingza)
2025-04-13 15:50:28,545 - scraper - INFO - 添加交易员: Pika (@pikachu_crypto)
2025-04-13 15:50:28,559 - scraper - INFO - 添加交易员: smartestmoney.hl (@smartestmoney_)
2025-04-13 15:50:28,582 - scraper - INFO - 添加交易员: Nachi (@alphawifhat)
2025-04-13 15:50:28,592 - scraper - INFO - 添加交易员: Joshua | MOZAIK 🇰🇷 (@JoshuaDeuk)
2025-04-13 15:50:28,603 - scraper - INFO - 添加交易员: 川沐｜Trumoo🐮 (@xiaomucrypto)
2025-04-13 15:50:28,615 - scraper - INFO - 添加交易员: Definalist (@definalist)
2025-04-13 15:50:28,628 - scraper - INFO - 添加交易员: salience (@saliencexbt)
2025-04-13 15:50:28,639 - scraper - INFO - 添加交易员: 憨巴龙王 (@dotyyds1234)
2025-04-13 15:50:28,650 - scraper - INFO - 添加交易员: 带带带比特 (@daidaibtc)
2025-04-13 15:50:28,690 - scraper - INFO - 添加交易员: sigma^2 (@SigmaSquared_)
2025-04-13 15:50:28,706 - scraper - INFO - 添加交易员: Game (@game_for_one)
2025-04-13 15:50:28,718 - scraper - INFO - 添加交易员: 0xSun (@0xSunNFT)
2025-04-13 15:50:28,729 - scraper - INFO - 添加交易员: Huma (@HumaCapital)
2025-04-13 15:50:28,729 - scraper - INFO - 点击交易员: Andrew Kang (@Rewkang)
2025-04-13 15:50:32,850 - scraper - INFO - 找到 80 个可能包含JSON数据的元素
2025-04-13 15:50:32,855 - scraper - INFO - 成功获取到 Andrew Kang 的 5 条最近24小时内的推文
2025-04-13 15:50:34,895 - scraper - INFO - 点击交易员: RunnerXBT (@RunnerXBT)
2025-04-13 15:50:38,963 - scraper - INFO - 找到 80 个可能包含JSON数据的元素
2025-04-13 15:50:38,965 - scraper - INFO - 成功获取到 RunnerXBT 的 5 条最近24小时内的推文
2025-04-13 15:50:40,994 - scraper - INFO - 点击交易员: art (@art_xbt)
2025-04-13 15:50:45,079 - scraper - INFO - 找到 80 个可能包含JSON数据的元素
2025-04-13 15:50:45,082 - scraper - INFO - 成功获取到 art 的 5 条最近24小时内的推文
2025-04-13 15:50:47,109 - scraper - INFO - 点击交易员: TheHorse (@trading__horse)
2025-04-13 15:50:51,200 - scraper - INFO - 找到 84 个可能包含JSON数据的元素
2025-04-13 15:50:51,203 - scraper - INFO - 成功获取到 TheHorse 的 5 条最近24小时内的推文
2025-04-13 15:50:53,234 - scraper - INFO - 点击交易员: HORSE 🏴‍☠️ (@TheFlowHorse)
2025-04-13 15:50:57,331 - scraper - INFO - 找到 80 个可能包含JSON数据的元素
2025-04-13 15:50:57,334 - scraper - INFO - 成功获取到 HORSE 🏴‍☠️ 的 5 条最近24小时内的推文
2025-04-13 15:50:59,365 - scraper - INFO - 点击交易员: Nacho Trades (@NachoTrades)
2025-04-13 15:51:03,454 - scraper - INFO - 找到 80 个可能包含JSON数据的元素
2025-04-13 15:51:03,457 - scraper - INFO - 成功获取到 Nacho Trades 的 5 条最近24小时内的推文
2025-04-13 15:51:05,487 - scraper - INFO - 点击交易员: Awawat (@Awawat_Trades)
2025-04-13 15:51:09,564 - scraper - INFO - 找到 86 个可能包含JSON数据的元素
2025-04-13 15:51:09,566 - scraper - INFO - 成功获取到 Awawat 的 5 条最近24小时内的推文
2025-04-13 15:51:11,593 - scraper - INFO - 点击交易员: PC ² (@PC_Larp)
2025-04-13 15:51:15,654 - scraper - INFO - 找到 80 个可能包含JSON数据的元素
2025-04-13 15:51:15,656 - scraper - INFO - 成功获取到 PC ² 的 5 条最近24小时内的推文
2025-04-13 15:51:17,682 - scraper - INFO - 点击交易员: Cred (@CryptoCred)
2025-04-13 15:51:21,746 - scraper - INFO - 找到 80 个可能包含JSON数据的元素
2025-04-13 15:51:21,748 - scraper - INFO - 成功获取到 Cred 的 5 条最近24小时内的推文
2025-04-13 15:51:23,782 - scraper - INFO - 点击交易员: Reetika (@ReetikaTrades)
2025-04-13 15:51:27,893 - scraper - INFO - 找到 80 个可能包含JSON数据的元素
2025-04-13 15:51:27,895 - scraper - INFO - 成功获取到 Reetika 的 5 条最近24小时内的推文
2025-04-13 15:51:29,923 - scraper - INFO - 点击交易员: 🐧 Pentoshi 🇨🇳 🇺🇦 🇪🇺🏳️‍🌈5x 💉boosted (@Pentosh1)
2025-04-13 15:51:34,040 - scraper - INFO - 找到 84 个可能包含JSON数据的元素
2025-04-13 15:51:34,042 - scraper - INFO - 成功获取到 🐧 Pentoshi 🇨🇳 🇺🇦 🇪🇺🏳️‍🌈5x 💉boosted 的 5 条最近24小时内的推文
2025-04-13 15:51:36,074 - scraper - INFO - 点击交易员: DonAlt (@CryptoDonAlt)
2025-04-13 15:51:40,157 - scraper - INFO - 找到 82 个可能包含JSON数据的元素
2025-04-13 15:51:40,161 - scraper - INFO - 成功获取到 DonAlt 的 5 条最近24小时内的推文
2025-04-13 15:51:42,193 - scraper - INFO - 点击交易员: DeFi^2 (@DefiSquared)
2025-04-13 15:51:46,283 - scraper - INFO - 找到 86 个可能包含JSON数据的元素
2025-04-13 15:51:46,285 - scraper - INFO - 成功获取到 DeFi^2 的 5 条最近24小时内的推文
2025-04-13 15:51:48,312 - scraper - INFO - 点击交易员: Chiefingza (@chiefingza)
2025-04-13 15:51:52,375 - scraper - INFO - 找到 86 个可能包含JSON数据的元素
2025-04-13 15:51:52,377 - scraper - INFO - 成功获取到 Chiefingza 的 5 条最近24小时内的推文
2025-04-13 15:51:54,403 - scraper - INFO - 点击交易员: Pika (@pikachu_crypto)
2025-04-13 15:51:58,485 - scraper - INFO - 找到 80 个可能包含JSON数据的元素
2025-04-13 15:51:58,488 - scraper - INFO - 成功获取到 Pika 的 5 条最近24小时内的推文
2025-04-13 15:52:00,517 - scraper - INFO - 点击交易员: smartestmoney.hl (@smartestmoney_)
2025-04-13 15:52:04,571 - scraper - INFO - 找到 82 个可能包含JSON数据的元素
2025-04-13 15:52:04,573 - scraper - INFO - 成功获取到 smartestmoney.hl 的 5 条最近24小时内的推文
2025-04-13 15:52:06,601 - scraper - INFO - 点击交易员: Nachi (@alphawifhat)
2025-04-13 15:52:10,681 - scraper - INFO - 找到 86 个可能包含JSON数据的元素
2025-04-13 15:52:10,684 - scraper - INFO - 成功获取到 Nachi 的 5 条最近24小时内的推文
2025-04-13 15:52:12,711 - scraper - INFO - 点击交易员: Joshua | MOZAIK 🇰🇷 (@JoshuaDeuk)
2025-04-13 15:52:16,802 - scraper - INFO - 找到 86 个可能包含JSON数据的元素
2025-04-13 15:52:16,805 - scraper - INFO - 成功获取到 Joshua | MOZAIK 🇰🇷 的 5 条最近24小时内的推文
2025-04-13 15:52:18,837 - scraper - INFO - 点击交易员: 川沐｜Trumoo🐮 (@xiaomucrypto)
2025-04-13 15:52:22,917 - scraper - INFO - 找到 86 个可能包含JSON数据的元素
2025-04-13 15:52:22,919 - scraper - INFO - 成功获取到 川沐｜Trumoo🐮 的 5 条最近24小时内的推文
2025-04-13 15:52:24,953 - scraper - INFO - 点击交易员: Definalist (@definalist)
2025-04-13 15:52:29,047 - scraper - INFO - 找到 89 个可能包含JSON数据的元素
2025-04-13 15:52:29,051 - scraper - INFO - 成功获取到 Definalist 的 5 条最近24小时内的推文
2025-04-13 15:52:31,077 - scraper - INFO - 点击交易员: salience (@saliencexbt)
2025-04-13 15:52:35,174 - scraper - INFO - 找到 80 个可能包含JSON数据的元素
2025-04-13 15:52:35,177 - scraper - INFO - 成功获取到 salience 的 5 条最近24小时内的推文
2025-04-13 15:52:37,207 - scraper - INFO - 点击交易员: 憨巴龙王 (@dotyyds1234)
2025-04-13 15:52:41,299 - scraper - INFO - 找到 80 个可能包含JSON数据的元素
2025-04-13 15:52:41,302 - scraper - INFO - 成功获取到 憨巴龙王 的 5 条最近24小时内的推文
2025-04-13 15:52:43,333 - scraper - INFO - 点击交易员: 带带带比特 (@daidaibtc)
2025-04-13 15:52:47,439 - scraper - INFO - 找到 84 个可能包含JSON数据的元素
2025-04-13 15:52:47,442 - scraper - INFO - 成功获取到 带带带比特 的 5 条最近24小时内的推文
2025-04-13 15:52:49,477 - scraper - INFO - 点击交易员: sigma^2 (@SigmaSquared_)
2025-04-13 15:52:53,549 - scraper - INFO - 找到 82 个可能包含JSON数据的元素
2025-04-13 15:52:53,551 - scraper - INFO - 成功获取到 sigma^2 的 5 条最近24小时内的推文
2025-04-13 15:52:55,582 - scraper - INFO - 点击交易员: Game (@game_for_one)
2025-04-13 15:52:59,640 - scraper - INFO - 找到 82 个可能包含JSON数据的元素
2025-04-13 15:52:59,642 - scraper - INFO - 成功获取到 Game 的 5 条最近24小时内的推文
2025-04-13 15:53:01,672 - scraper - INFO - 点击交易员: 0xSun (@0xSunNFT)
2025-04-13 15:53:05,752 - scraper - INFO - 找到 82 个可能包含JSON数据的元素
2025-04-13 15:53:05,754 - scraper - INFO - 成功获取到 0xSun 的 5 条最近24小时内的推文
2025-04-13 15:53:07,778 - scraper - INFO - 点击交易员: Huma (@HumaCapital)
2025-04-13 15:53:11,865 - scraper - INFO - 找到 86 个可能包含JSON数据的元素
2025-04-13 15:53:11,867 - scraper - INFO - 成功获取到 Huma 的 5 条最近24小时内的推文
2025-04-13 15:53:13,979 - scraper - INFO - 已爬取 135 条推文并保存到 extracted_tweets.json
2025-04-13 15:53:13,979 - ai_processor - INFO - 处理来自 X-GPT 的数据
2025-04-13 15:54:36,084 - database - INFO - 保存数据成功: X-GPT
2025-04-13 15:54:36,087 - httpx - INFO - HTTP Request: POST https://api.telegram.org/bot7647743490:AAE-gjtb4X7KJVuzJg_c-58KSS6bOX0-xi4/getUpdates "HTTP/1.1 200 OK"
2025-04-13 15:54:37,883 - httpx - INFO - HTTP Request: POST https://api.telegram.org/bot7647743490:AAE-gjtb4X7KJVuzJg_c-58KSS6bOX0-xi4/sendMessage "HTTP/1.1 200 OK"
2025-04-13 15:54:47,601 - httpx - INFO - HTTP Request: POST https://api.telegram.org/bot7647743490:AAE-gjtb4X7KJVuzJg_c-58KSS6bOX0-xi4/getUpdates "HTTP/1.1 200 OK"
2025-04-13 15:54:58,154 - httpx - INFO - HTTP Request: POST https://api.telegram.org/bot7647743490:AAE-gjtb4X7KJVuzJg_c-58KSS6bOX0-xi4/getUpdates "HTTP/1.1 200 OK"
2025-04-13 15:55:08,952 - httpx - INFO - HTTP Request: POST https://api.telegram.org/bot7647743490:AAE-gjtb4X7KJVuzJg_c-58KSS6bOX0-xi4/getUpdates "HTTP/1.1 200 OK"
2025-04-13 15:55:19,446 - httpx - INFO - HTTP Request: POST https://api.telegram.org/bot7647743490:AAE-gjtb4X7KJVuzJg_c-58KSS6bOX0-xi4/getUpdates "HTTP/1.1 200 OK"
2025-04-13 15:55:30,044 - httpx - INFO - HTTP Request: POST https://api.telegram.org/bot7647743490:AAE-gjtb4X7KJVuzJg_c-58KSS6bOX0-xi4/getUpdates "HTTP/1.1 200 OK"
2025-04-13 15:55:43,273 - httpx - INFO - HTTP Request: POST https://api.telegram.org/bot7647743490:AAE-gjtb4X7KJVuzJg_c-58KSS6bOX0-xi4/getUpdates "HTTP/1.1 200 OK"
2025-04-13 15:55:53,791 - httpx - INFO - HTTP Request: POST https://api.telegram.org/bot7647743490:AAE-gjtb4X7KJVuzJg_c-58KSS6bOX0-xi4/getUpdates "HTTP/1.1 200 OK"
2025-04-13 15:56:06,332 - httpx - INFO - HTTP Request: POST https://api.telegram.org/bot7647743490:AAE-gjtb4X7KJVuzJg_c-58KSS6bOX0-xi4/getUpdates "HTTP/1.1 200 OK"
2025-04-13 15:56:17,231 - httpx - INFO - HTTP Request: POST https://api.telegram.org/bot7647743490:AAE-gjtb4X7KJVuzJg_c-58KSS6bOX0-xi4/getUpdates "HTTP/1.1 200 OK"
2025-04-13 15:56:27,726 - httpx - INFO - HTTP Request: POST https://api.telegram.org/bot7647743490:AAE-gjtb4X7KJVuzJg_c-58KSS6bOX0-xi4/getUpdates "HTTP/1.1 200 OK"
2025-04-13 15:56:38,401 - httpx - INFO - HTTP Request: POST https://api.telegram.org/bot7647743490:AAE-gjtb4X7KJVuzJg_c-58KSS6bOX0-xi4/getUpdates "HTTP/1.1 200 OK"
2025-04-13 15:56:49,012 - httpx - INFO - HTTP Request: POST https://api.telegram.org/bot7647743490:AAE-gjtb4X7KJVuzJg_c-58KSS6bOX0-xi4/getUpdates "HTTP/1.1 200 OK"
2025-04-13 15:56:59,816 - httpx - INFO - HTTP Request: POST https://api.telegram.org/bot7647743490:AAE-gjtb4X7KJVuzJg_c-58KSS6bOX0-xi4/getUpdates "HTTP/1.1 200 OK"
2025-04-13 15:57:10,362 - httpx - INFO - HTTP Request: POST https://api.telegram.org/bot7647743490:AAE-gjtb4X7KJVuzJg_c-58KSS6bOX0-xi4/getUpdates "HTTP/1.1 200 OK"
2025-04-13 15:57:19,009 - httpx - INFO - HTTP Request: POST https://api.telegram.org/bot7647743490:AAE-gjtb4X7KJVuzJg_c-58KSS6bOX0-xi4/getUpdates "HTTP/1.1 200 OK"
