2025-04-13 13:39:29,797 - main - INFO - 启动应用
2025-04-13 13:39:29,799 - database - INFO - 数据库初始化成功
2025-04-13 13:39:29,887 - telegram_bot - INFO - 启动Telegram机器人
2025-04-13 13:39:30,762 - httpx - INFO - HTTP Request: POST https://api.telegram.org/bot7647743490:AAE-gjtb4X7KJVuzJg_c-58KSS6bOX0-xi4/getMe "HTTP/1.1 200 OK"
2025-04-13 13:39:31,013 - httpx - INFO - HTTP Request: POST https://api.telegram.org/bot7647743490:AAE-gjtb4X7KJVuzJg_c-58KSS6bOX0-xi4/deleteWebhook "HTTP/1.1 200 OK"
2025-04-13 13:39:38,946 - httpx - INFO - HTTP Request: POST https://api.telegram.org/bot7647743490:AAE-gjtb4X7KJVuzJg_c-58KSS6bOX0-xi4/getUpdates "HTTP/1.1 200 OK"
2025-04-13 13:39:40,074 - httpx - INFO - HTTP Request: POST https://api.telegram.org/bot7647743490:AAE-gjtb4X7KJVuzJg_c-58KSS6bOX0-xi4/sendMessage "HTTP/1.1 200 OK"
2025-04-13 13:39:40,075 - scraper - INFO - 开始爬取: https://x-gpt.bwequation.com/
2025-04-13 13:39:44,120 - scraper - INFO - 等待页面内容加载...
2025-04-13 13:39:49,145 - scraper - INFO - 找到 27 个交易员
2025-04-13 13:39:49,177 - scraper - INFO - 添加交易员: Andrew Kang (@Rewkang)
2025-04-13 13:39:49,190 - scraper - INFO - 添加交易员: RunnerXBT (@RunnerXBT)
2025-04-13 13:39:49,203 - scraper - INFO - 添加交易员: art (@art_xbt)
2025-04-13 13:39:49,214 - scraper - INFO - 添加交易员: TheHorse (@trading__horse)
2025-04-13 13:39:49,227 - scraper - INFO - 添加交易员: HORSE 🏴‍☠️ (@TheFlowHorse)
2025-04-13 13:39:49,238 - scraper - INFO - 添加交易员: Nacho Trades (@NachoTrades)
2025-04-13 13:39:49,249 - scraper - INFO - 添加交易员: Awawat (@Awawat_Trades)
2025-04-13 13:39:49,260 - scraper - INFO - 添加交易员: PC ² (@PC_Larp)
2025-04-13 13:39:49,271 - scraper - INFO - 添加交易员: Cred (@CryptoCred)
2025-04-13 13:39:49,282 - scraper - INFO - 添加交易员: Reetika (@ReetikaTrades)
2025-04-13 13:39:49,293 - scraper - INFO - 添加交易员: 🐧 Pentoshi 🇨🇳 🇺🇦 🇪🇺🏳️‍🌈5x 💉boosted (@Pentosh1)
2025-04-13 13:39:49,304 - scraper - INFO - 添加交易员: DonAlt (@CryptoDonAlt)
2025-04-13 13:39:49,314 - scraper - INFO - 添加交易员: DeFi^2 (@DefiSquared)
2025-04-13 13:39:49,325 - scraper - INFO - 添加交易员: Chiefingza (@chiefingza)
2025-04-13 13:39:49,337 - scraper - INFO - 添加交易员: Pika (@pikachu_crypto)
2025-04-13 13:39:49,353 - scraper - INFO - 添加交易员: smartestmoney.hl (@smartestmoney_)
2025-04-13 13:39:49,364 - scraper - INFO - 添加交易员: Nachi (@alphawifhat)
2025-04-13 13:39:49,375 - scraper - INFO - 添加交易员: Joshua | MOZAIK 🇰🇷 (@JoshuaDeuk)
2025-04-13 13:39:49,386 - scraper - INFO - 添加交易员: 川沐｜Trumoo🐮 (@xiaomucrypto)
2025-04-13 13:39:49,396 - scraper - INFO - 添加交易员: Definalist (@definalist)
2025-04-13 13:39:49,407 - scraper - INFO - 添加交易员: salience (@saliencexbt)
2025-04-13 13:39:49,417 - scraper - INFO - 添加交易员: 憨巴龙王 (@dotyyds1234)
2025-04-13 13:39:49,427 - scraper - INFO - 添加交易员: 带带带比特 (@daidaibtc)
2025-04-13 13:39:49,438 - scraper - INFO - 添加交易员: sigma^2 (@SigmaSquared_)
2025-04-13 13:39:49,449 - scraper - INFO - 添加交易员: Game (@game_for_one)
2025-04-13 13:39:49,459 - scraper - INFO - 添加交易员: 0xSun (@0xSunNFT)
2025-04-13 13:39:49,470 - scraper - INFO - 添加交易员: Huma (@HumaCapital)
2025-04-13 13:39:49,470 - scraper - INFO - 点击交易员: Andrew Kang (@Rewkang)
2025-04-13 13:39:52,537 - scraper - INFO - 找到 80 个可能包含JSON数据的元素
2025-04-13 13:39:52,539 - scraper - INFO - 成功获取到 Andrew Kang 的 0 条最近12小时内的推文
2025-04-13 13:39:54,575 - scraper - INFO - 点击交易员: RunnerXBT (@RunnerXBT)
2025-04-13 13:39:57,660 - scraper - INFO - 找到 80 个可能包含JSON数据的元素
2025-04-13 13:39:57,661 - scraper - INFO - 成功获取到 RunnerXBT 的 4 条最近12小时内的推文
2025-04-13 13:39:59,691 - scraper - INFO - 点击交易员: art (@art_xbt)
2025-04-13 13:40:02,768 - scraper - INFO - 找到 80 个可能包含JSON数据的元素
2025-04-13 13:40:02,769 - scraper - INFO - 成功获取到 art 的 0 条最近12小时内的推文
2025-04-13 13:40:04,890 - scraper - INFO - 已爬取 4 条推文并保存到 extracted_tweets.json
2025-04-13 13:40:04,890 - ai_processor - INFO - 处理来自 X-GPT 的数据
2025-04-13 13:40:20,622 - database - INFO - 保存数据成功: X-GPT
2025-04-13 13:40:20,625 - httpx - INFO - HTTP Request: POST https://api.telegram.org/bot7647743490:AAE-gjtb4X7KJVuzJg_c-58KSS6bOX0-xi4/getUpdates "HTTP/1.1 200 OK"
2025-04-13 13:40:23,039 - httpx - INFO - HTTP Request: POST https://api.telegram.org/bot7647743490:AAE-gjtb4X7KJVuzJg_c-58KSS6bOX0-xi4/sendMessage "HTTP/1.1 200 OK"
2025-04-13 13:40:30,966 - httpx - INFO - HTTP Request: POST https://api.telegram.org/bot7647743490:AAE-gjtb4X7KJVuzJg_c-58KSS6bOX0-xi4/getUpdates "HTTP/1.1 200 OK"
2025-04-13 13:40:41,314 - httpx - INFO - HTTP Request: POST https://api.telegram.org/bot7647743490:AAE-gjtb4X7KJVuzJg_c-58KSS6bOX0-xi4/getUpdates "HTTP/1.1 200 OK"
2025-04-13 13:40:51,635 - httpx - INFO - HTTP Request: POST https://api.telegram.org/bot7647743490:AAE-gjtb4X7KJVuzJg_c-58KSS6bOX0-xi4/getUpdates "HTTP/1.1 200 OK"
2025-04-13 13:41:01,974 - httpx - INFO - HTTP Request: POST https://api.telegram.org/bot7647743490:AAE-gjtb4X7KJVuzJg_c-58KSS6bOX0-xi4/getUpdates "HTTP/1.1 200 OK"
2025-04-13 13:41:12,290 - httpx - INFO - HTTP Request: POST https://api.telegram.org/bot7647743490:AAE-gjtb4X7KJVuzJg_c-58KSS6bOX0-xi4/getUpdates "HTTP/1.1 200 OK"
2025-04-13 13:41:22,726 - httpx - INFO - HTTP Request: POST https://api.telegram.org/bot7647743490:AAE-gjtb4X7KJVuzJg_c-58KSS6bOX0-xi4/getUpdates "HTTP/1.1 200 OK"
2025-04-13 13:41:33,100 - httpx - INFO - HTTP Request: POST https://api.telegram.org/bot7647743490:AAE-gjtb4X7KJVuzJg_c-58KSS6bOX0-xi4/getUpdates "HTTP/1.1 200 OK"
2025-04-13 13:41:43,448 - httpx - INFO - HTTP Request: POST https://api.telegram.org/bot7647743490:AAE-gjtb4X7KJVuzJg_c-58KSS6bOX0-xi4/getUpdates "HTTP/1.1 200 OK"
2025-04-13 13:41:53,762 - httpx - INFO - HTTP Request: POST https://api.telegram.org/bot7647743490:AAE-gjtb4X7KJVuzJg_c-58KSS6bOX0-xi4/getUpdates "HTTP/1.1 200 OK"
2025-04-13 13:42:04,129 - httpx - INFO - HTTP Request: POST https://api.telegram.org/bot7647743490:AAE-gjtb4X7KJVuzJg_c-58KSS6bOX0-xi4/getUpdates "HTTP/1.1 200 OK"
2025-04-13 13:42:14,773 - httpx - INFO - HTTP Request: POST https://api.telegram.org/bot7647743490:AAE-gjtb4X7KJVuzJg_c-58KSS6bOX0-xi4/getUpdates "HTTP/1.1 200 OK"
2025-04-13 13:42:25,146 - httpx - INFO - HTTP Request: POST https://api.telegram.org/bot7647743490:AAE-gjtb4X7KJVuzJg_c-58KSS6bOX0-xi4/getUpdates "HTTP/1.1 200 OK"
2025-04-13 13:42:25,486 - httpx - INFO - HTTP Request: POST https://api.telegram.org/bot7647743490:AAE-gjtb4X7KJVuzJg_c-58KSS6bOX0-xi4/getUpdates "HTTP/1.1 200 OK"
2025-04-13 13:42:26,535 - httpx - INFO - HTTP Request: POST https://api.telegram.org/bot7647743490:AAE-gjtb4X7KJVuzJg_c-58KSS6bOX0-xi4/sendMessage "HTTP/1.1 200 OK"
2025-04-13 13:42:26,537 - scraper - INFO - 开始爬取: https://x-gpt.bwequation.com/
2025-04-13 13:42:27,608 - scraper - INFO - 等待页面内容加载...
2025-04-13 13:42:32,618 - scraper - INFO - 找到 27 个交易员
2025-04-13 13:42:32,637 - scraper - INFO - 添加交易员: Andrew Kang (@Rewkang)
2025-04-13 13:42:32,649 - scraper - INFO - 添加交易员: RunnerXBT (@RunnerXBT)
2025-04-13 13:42:32,660 - scraper - INFO - 添加交易员: art (@art_xbt)
2025-04-13 13:42:32,671 - scraper - INFO - 添加交易员: TheHorse (@trading__horse)
2025-04-13 13:42:32,683 - scraper - INFO - 添加交易员: HORSE 🏴‍☠️ (@TheFlowHorse)
2025-04-13 13:42:32,694 - scraper - INFO - 添加交易员: Nacho Trades (@NachoTrades)
2025-04-13 13:42:32,705 - scraper - INFO - 添加交易员: Awawat (@Awawat_Trades)
2025-04-13 13:42:32,716 - scraper - INFO - 添加交易员: PC ² (@PC_Larp)
2025-04-13 13:42:32,727 - scraper - INFO - 添加交易员: Cred (@CryptoCred)
2025-04-13 13:42:32,737 - scraper - INFO - 添加交易员: Reetika (@ReetikaTrades)
2025-04-13 13:42:32,752 - scraper - INFO - 添加交易员: 🐧 Pentoshi 🇨🇳 🇺🇦 🇪🇺🏳️‍🌈5x 💉boosted (@Pentosh1)
2025-04-13 13:42:32,763 - scraper - INFO - 添加交易员: DonAlt (@CryptoDonAlt)
2025-04-13 13:42:32,774 - scraper - INFO - 添加交易员: DeFi^2 (@DefiSquared)
2025-04-13 13:42:32,784 - scraper - INFO - 添加交易员: Chiefingza (@chiefingza)
2025-04-13 13:42:32,794 - scraper - INFO - 添加交易员: Pika (@pikachu_crypto)
2025-04-13 13:42:32,805 - scraper - INFO - 添加交易员: smartestmoney.hl (@smartestmoney_)
2025-04-13 13:42:32,815 - scraper - INFO - 添加交易员: Nachi (@alphawifhat)
2025-04-13 13:42:32,826 - scraper - INFO - 添加交易员: Joshua | MOZAIK 🇰🇷 (@JoshuaDeuk)
2025-04-13 13:42:32,837 - scraper - INFO - 添加交易员: 川沐｜Trumoo🐮 (@xiaomucrypto)
2025-04-13 13:42:32,846 - scraper - INFO - 添加交易员: Definalist (@definalist)
2025-04-13 13:42:32,857 - scraper - INFO - 添加交易员: salience (@saliencexbt)
2025-04-13 13:42:32,867 - scraper - INFO - 添加交易员: 憨巴龙王 (@dotyyds1234)
2025-04-13 13:42:32,878 - scraper - INFO - 添加交易员: 带带带比特 (@daidaibtc)
2025-04-13 13:42:32,890 - scraper - INFO - 添加交易员: sigma^2 (@SigmaSquared_)
2025-04-13 13:42:32,901 - scraper - INFO - 添加交易员: Game (@game_for_one)
2025-04-13 13:42:32,911 - scraper - INFO - 添加交易员: 0xSun (@0xSunNFT)
2025-04-13 13:42:32,923 - scraper - INFO - 添加交易员: Huma (@HumaCapital)
2025-04-13 13:42:32,923 - scraper - INFO - 点击交易员: Andrew Kang (@Rewkang)
2025-04-13 13:42:35,985 - scraper - INFO - 找到 80 个可能包含JSON数据的元素
2025-04-13 13:42:35,986 - scraper - INFO - 成功获取到 Andrew Kang 的 0 条最近12小时内的推文
2025-04-13 13:42:38,021 - scraper - INFO - 点击交易员: RunnerXBT (@RunnerXBT)
2025-04-13 13:42:41,101 - scraper - INFO - 找到 80 个可能包含JSON数据的元素
2025-04-13 13:42:41,101 - scraper - INFO - 成功获取到 RunnerXBT 的 4 条最近12小时内的推文
2025-04-13 13:42:43,132 - scraper - INFO - 点击交易员: art (@art_xbt)
2025-04-13 13:42:46,202 - scraper - INFO - 找到 80 个可能包含JSON数据的元素
2025-04-13 13:42:46,203 - scraper - INFO - 成功获取到 art 的 0 条最近12小时内的推文
2025-04-13 13:42:48,333 - scraper - INFO - 已爬取 4 条推文并保存到 extracted_tweets.json
2025-04-13 13:42:48,333 - ai_processor - INFO - 处理来自 X-GPT 的数据
2025-04-13 13:42:59,186 - database - INFO - 保存数据成功: X-GPT
2025-04-13 13:42:59,190 - httpx - INFO - HTTP Request: POST https://api.telegram.org/bot7647743490:AAE-gjtb4X7KJVuzJg_c-58KSS6bOX0-xi4/getUpdates "HTTP/1.1 200 OK"
2025-04-13 13:43:00,313 - httpx - INFO - HTTP Request: POST https://api.telegram.org/bot7647743490:AAE-gjtb4X7KJVuzJg_c-58KSS6bOX0-xi4/sendMessage "HTTP/1.1 200 OK"
2025-04-13 13:43:10,101 - httpx - INFO - HTTP Request: POST https://api.telegram.org/bot7647743490:AAE-gjtb4X7KJVuzJg_c-58KSS6bOX0-xi4/getUpdates "HTTP/1.1 200 OK"
2025-04-13 13:43:20,473 - httpx - INFO - HTTP Request: POST https://api.telegram.org/bot7647743490:AAE-gjtb4X7KJVuzJg_c-58KSS6bOX0-xi4/getUpdates "HTTP/1.1 200 OK"
2025-04-13 13:43:30,875 - httpx - INFO - HTTP Request: POST https://api.telegram.org/bot7647743490:AAE-gjtb4X7KJVuzJg_c-58KSS6bOX0-xi4/getUpdates "HTTP/1.1 200 OK"
