2025-04-13 23:40:21,373 - main - INFO - 启动应用
2025-04-13 23:40:21,373 - database - INFO - 数据库初始化成功
2025-04-13 23:40:21,456 - telegram_bot - INFO - 启动Telegram机器人
2025-04-13 23:40:22,695 - httpx - INFO - HTTP Request: POST https://api.telegram.org/bot8155323856:AAH8JAorNJyZtWbJhJtROY-qfUiiT2uwaXg/getMe "HTTP/1.1 200 OK"
2025-04-13 23:40:22,970 - httpx - INFO - HTTP Request: POST https://api.telegram.org/bot8155323856:AAH8JAorNJyZtWbJhJtROY-qfUiiT2uwaXg/deleteWebhook "HTTP/1.1 200 OK"
2025-04-13 23:40:24,413 - httpx - INFO - HTTP Request: POST https://api.telegram.org/bot8155323856:AAH8JAorNJyZtWbJhJtROY-qfUiiT2uwaXg/getUpdates "HTTP/1.1 200 OK"
2025-04-13 23:40:24,924 - httpx - INFO - HTTP Request: POST https://api.telegram.org/bot8155323856:AAH8JAorNJyZtWbJhJtROY-qfUiiT2uwaXg/sendMessage "HTTP/1.1 200 OK"
2025-04-13 23:40:24,927 - telegram_bot - INFO - 用户 7787033196 请求查看交易员列表
2025-04-13 23:40:34,868 - httpx - INFO - HTTP Request: POST https://api.telegram.org/bot8155323856:AAH8JAorNJyZtWbJhJtROY-qfUiiT2uwaXg/getUpdates "HTTP/1.1 200 OK"
2025-04-13 23:40:45,261 - httpx - INFO - HTTP Request: POST https://api.telegram.org/bot8155323856:AAH8JAorNJyZtWbJhJtROY-qfUiiT2uwaXg/getUpdates "HTTP/1.1 200 OK"
2025-04-13 23:40:55,722 - httpx - INFO - HTTP Request: POST https://api.telegram.org/bot8155323856:AAH8JAorNJyZtWbJhJtROY-qfUiiT2uwaXg/getUpdates "HTTP/1.1 200 OK"
2025-04-13 23:41:06,480 - httpx - INFO - HTTP Request: POST https://api.telegram.org/bot8155323856:AAH8JAorNJyZtWbJhJtROY-qfUiiT2uwaXg/getUpdates "HTTP/1.1 200 OK"
2025-04-13 23:41:16,840 - httpx - INFO - HTTP Request: POST https://api.telegram.org/bot8155323856:AAH8JAorNJyZtWbJhJtROY-qfUiiT2uwaXg/getUpdates "HTTP/1.1 200 OK"
2025-04-13 23:41:27,192 - httpx - INFO - HTTP Request: POST https://api.telegram.org/bot8155323856:AAH8JAorNJyZtWbJhJtROY-qfUiiT2uwaXg/getUpdates "HTTP/1.1 200 OK"
2025-04-13 23:41:37,599 - httpx - INFO - HTTP Request: POST https://api.telegram.org/bot8155323856:AAH8JAorNJyZtWbJhJtROY-qfUiiT2uwaXg/getUpdates "HTTP/1.1 200 OK"
2025-04-13 23:41:47,933 - httpx - INFO - HTTP Request: POST https://api.telegram.org/bot8155323856:AAH8JAorNJyZtWbJhJtROY-qfUiiT2uwaXg/getUpdates "HTTP/1.1 200 OK"
2025-04-13 23:41:58,275 - httpx - INFO - HTTP Request: POST https://api.telegram.org/bot8155323856:AAH8JAorNJyZtWbJhJtROY-qfUiiT2uwaXg/getUpdates "HTTP/1.1 200 OK"
2025-04-13 23:42:08,617 - httpx - INFO - HTTP Request: POST https://api.telegram.org/bot8155323856:AAH8JAorNJyZtWbJhJtROY-qfUiiT2uwaXg/getUpdates "HTTP/1.1 200 OK"
2025-04-13 23:42:18,961 - httpx - INFO - HTTP Request: POST https://api.telegram.org/bot8155323856:AAH8JAorNJyZtWbJhJtROY-qfUiiT2uwaXg/getUpdates "HTTP/1.1 200 OK"
2025-04-13 23:42:29,310 - httpx - INFO - HTTP Request: POST https://api.telegram.org/bot8155323856:AAH8JAorNJyZtWbJhJtROY-qfUiiT2uwaXg/getUpdates "HTTP/1.1 200 OK"
2025-04-13 23:42:39,652 - httpx - INFO - HTTP Request: POST https://api.telegram.org/bot8155323856:AAH8JAorNJyZtWbJhJtROY-qfUiiT2uwaXg/getUpdates "HTTP/1.1 200 OK"
2025-04-13 23:42:50,184 - httpx - INFO - HTTP Request: POST https://api.telegram.org/bot8155323856:AAH8JAorNJyZtWbJhJtROY-qfUiiT2uwaXg/getUpdates "HTTP/1.1 200 OK"
2025-04-13 23:43:00,521 - httpx - INFO - HTTP Request: POST https://api.telegram.org/bot8155323856:AAH8JAorNJyZtWbJhJtROY-qfUiiT2uwaXg/getUpdates "HTTP/1.1 200 OK"
2025-04-13 23:43:09,359 - httpx - INFO - HTTP Request: POST https://api.telegram.org/bot8155323856:AAH8JAorNJyZtWbJhJtROY-qfUiiT2uwaXg/getUpdates "HTTP/1.1 200 OK"
2025-04-13 23:43:10,422 - httpx - INFO - HTTP Request: POST https://api.telegram.org/bot8155323856:AAH8JAorNJyZtWbJhJtROY-qfUiiT2uwaXg/sendMessage "HTTP/1.1 200 OK"
2025-04-13 23:43:10,422 - telegram_bot - INFO - 用户 7787033196 请求删除交易员: @Vitalik
2025-04-13 23:43:19,688 - httpx - INFO - HTTP Request: POST https://api.telegram.org/bot8155323856:AAH8JAorNJyZtWbJhJtROY-qfUiiT2uwaXg/getUpdates "HTTP/1.1 200 OK"
2025-04-13 23:43:30,061 - httpx - INFO - HTTP Request: POST https://api.telegram.org/bot8155323856:AAH8JAorNJyZtWbJhJtROY-qfUiiT2uwaXg/getUpdates "HTTP/1.1 200 OK"
2025-04-13 23:43:40,470 - httpx - INFO - HTTP Request: POST https://api.telegram.org/bot8155323856:AAH8JAorNJyZtWbJhJtROY-qfUiiT2uwaXg/getUpdates "HTTP/1.1 200 OK"
2025-04-13 23:43:50,805 - httpx - INFO - HTTP Request: POST https://api.telegram.org/bot8155323856:AAH8JAorNJyZtWbJhJtROY-qfUiiT2uwaXg/getUpdates "HTTP/1.1 200 OK"
2025-04-13 23:44:01,251 - httpx - INFO - HTTP Request: POST https://api.telegram.org/bot8155323856:AAH8JAorNJyZtWbJhJtROY-qfUiiT2uwaXg/getUpdates "HTTP/1.1 200 OK"
2025-04-13 23:44:11,819 - httpx - INFO - HTTP Request: POST https://api.telegram.org/bot8155323856:AAH8JAorNJyZtWbJhJtROY-qfUiiT2uwaXg/getUpdates "HTTP/1.1 200 OK"
2025-04-13 23:44:22,265 - httpx - INFO - HTTP Request: POST https://api.telegram.org/bot8155323856:AAH8JAorNJyZtWbJhJtROY-qfUiiT2uwaXg/getUpdates "HTTP/1.1 200 OK"
2025-04-13 23:44:32,717 - httpx - INFO - HTTP Request: POST https://api.telegram.org/bot8155323856:AAH8JAorNJyZtWbJhJtROY-qfUiiT2uwaXg/getUpdates "HTTP/1.1 200 OK"
2025-04-13 23:44:39,592 - httpx - INFO - HTTP Request: POST https://api.telegram.org/bot8155323856:AAH8JAorNJyZtWbJhJtROY-qfUiiT2uwaXg/getUpdates "HTTP/1.1 200 OK"
2025-04-13 23:44:40,771 - httpx - INFO - HTTP Request: POST https://api.telegram.org/bot8155323856:AAH8JAorNJyZtWbJhJtROY-qfUiiT2uwaXg/sendMessage "HTTP/1.1 200 OK"
2025-04-13 23:44:40,773 - telegram_bot - INFO - 用户 7787033196 请求查看交易员列表
2025-04-13 23:44:49,885 - httpx - INFO - HTTP Request: POST https://api.telegram.org/bot8155323856:AAH8JAorNJyZtWbJhJtROY-qfUiiT2uwaXg/getUpdates "HTTP/1.1 200 OK"
2025-04-13 23:45:00,226 - httpx - INFO - HTTP Request: POST https://api.telegram.org/bot8155323856:AAH8JAorNJyZtWbJhJtROY-qfUiiT2uwaXg/getUpdates "HTTP/1.1 200 OK"
2025-04-13 23:45:10,645 - httpx - INFO - HTTP Request: POST https://api.telegram.org/bot8155323856:AAH8JAorNJyZtWbJhJtROY-qfUiiT2uwaXg/getUpdates "HTTP/1.1 200 OK"
2025-04-13 23:45:21,013 - httpx - INFO - HTTP Request: POST https://api.telegram.org/bot8155323856:AAH8JAorNJyZtWbJhJtROY-qfUiiT2uwaXg/getUpdates "HTTP/1.1 200 OK"
2025-04-13 23:45:31,420 - httpx - INFO - HTTP Request: POST https://api.telegram.org/bot8155323856:AAH8JAorNJyZtWbJhJtROY-qfUiiT2uwaXg/getUpdates "HTTP/1.1 200 OK"
2025-04-13 23:45:41,864 - httpx - INFO - HTTP Request: POST https://api.telegram.org/bot8155323856:AAH8JAorNJyZtWbJhJtROY-qfUiiT2uwaXg/getUpdates "HTTP/1.1 200 OK"
2025-04-13 23:45:52,202 - httpx - INFO - HTTP Request: POST https://api.telegram.org/bot8155323856:AAH8JAorNJyZtWbJhJtROY-qfUiiT2uwaXg/getUpdates "HTTP/1.1 200 OK"
2025-04-13 23:46:02,557 - httpx - INFO - HTTP Request: POST https://api.telegram.org/bot8155323856:AAH8JAorNJyZtWbJhJtROY-qfUiiT2uwaXg/getUpdates "HTTP/1.1 200 OK"
2025-04-13 23:46:12,984 - httpx - INFO - HTTP Request: POST https://api.telegram.org/bot8155323856:AAH8JAorNJyZtWbJhJtROY-qfUiiT2uwaXg/getUpdates "HTTP/1.1 200 OK"
2025-04-13 23:46:23,328 - httpx - INFO - HTTP Request: POST https://api.telegram.org/bot8155323856:AAH8JAorNJyZtWbJhJtROY-qfUiiT2uwaXg/getUpdates "HTTP/1.1 200 OK"
2025-04-13 23:46:33,680 - httpx - INFO - HTTP Request: POST https://api.telegram.org/bot8155323856:AAH8JAorNJyZtWbJhJtROY-qfUiiT2uwaXg/getUpdates "HTTP/1.1 200 OK"
2025-04-13 23:46:44,017 - httpx - INFO - HTTP Request: POST https://api.telegram.org/bot8155323856:AAH8JAorNJyZtWbJhJtROY-qfUiiT2uwaXg/getUpdates "HTTP/1.1 200 OK"
