2025-04-13 13:52:33,706 - main - INFO - 启动应用
2025-04-13 13:52:33,707 - database - INFO - 数据库初始化成功
2025-04-13 13:52:33,789 - telegram_bot - INFO - 启动Telegram机器人
2025-04-13 13:52:34,981 - httpx - INFO - HTTP Request: POST https://api.telegram.org/bot7647743490:AAE-gjtb4X7KJVuzJg_c-58KSS6bOX0-xi4/getMe "HTTP/1.1 200 OK"
2025-04-13 13:52:35,239 - httpx - INFO - HTTP Request: POST https://api.telegram.org/bot7647743490:AAE-gjtb4X7KJVuzJg_c-58KSS6bOX0-xi4/deleteWebhook "HTTP/1.1 200 OK"
2025-04-13 13:52:41,111 - httpx - INFO - HTTP Request: POST https://api.telegram.org/bot7647743490:AAE-gjtb4X7KJVuzJg_c-58KSS6bOX0-xi4/getUpdates "HTTP/1.1 200 OK"
2025-04-13 13:52:43,524 - httpx - INFO - HTTP Request: POST https://api.telegram.org/bot7647743490:AAE-gjtb4X7KJVuzJg_c-58KSS6bOX0-xi4/sendMessage "HTTP/1.1 200 OK"
2025-04-13 13:52:43,526 - scraper - INFO - 开始爬取: https://x-gpt.bwequation.com/
2025-04-13 13:52:47,220 - scraper - INFO - 等待页面内容加载...
2025-04-13 13:52:52,247 - scraper - INFO - 找到 27 个交易员
2025-04-13 13:52:52,278 - scraper - INFO - 添加交易员: Andrew Kang (@Rewkang)
2025-04-13 13:52:52,292 - scraper - INFO - 添加交易员: RunnerXBT (@RunnerXBT)
2025-04-13 13:52:52,304 - scraper - INFO - 添加交易员: art (@art_xbt)
2025-04-13 13:52:52,315 - scraper - INFO - 添加交易员: TheHorse (@trading__horse)
2025-04-13 13:52:52,326 - scraper - INFO - 添加交易员: HORSE 🏴‍☠️ (@TheFlowHorse)
2025-04-13 13:52:52,336 - scraper - INFO - 添加交易员: Nacho Trades (@NachoTrades)
2025-04-13 13:52:52,346 - scraper - INFO - 添加交易员: Awawat (@Awawat_Trades)
2025-04-13 13:52:52,357 - scraper - INFO - 添加交易员: PC ² (@PC_Larp)
2025-04-13 13:52:52,371 - scraper - INFO - 添加交易员: Cred (@CryptoCred)
2025-04-13 13:52:52,389 - scraper - INFO - 添加交易员: Reetika (@ReetikaTrades)
2025-04-13 13:52:52,399 - scraper - INFO - 添加交易员: 🐧 Pentoshi 🇨🇳 🇺🇦 🇪🇺🏳️‍🌈5x 💉boosted (@Pentosh1)
2025-04-13 13:52:52,409 - scraper - INFO - 添加交易员: DonAlt (@CryptoDonAlt)
2025-04-13 13:52:52,419 - scraper - INFO - 添加交易员: DeFi^2 (@DefiSquared)
2025-04-13 13:52:52,429 - scraper - INFO - 添加交易员: Chiefingza (@chiefingza)
2025-04-13 13:52:52,439 - scraper - INFO - 添加交易员: Pika (@pikachu_crypto)
2025-04-13 13:52:52,448 - scraper - INFO - 添加交易员: smartestmoney.hl (@smartestmoney_)
2025-04-13 13:52:52,458 - scraper - INFO - 添加交易员: Nachi (@alphawifhat)
2025-04-13 13:52:52,469 - scraper - INFO - 添加交易员: Joshua | MOZAIK 🇰🇷 (@JoshuaDeuk)
2025-04-13 13:52:52,479 - scraper - INFO - 添加交易员: 川沐｜Trumoo🐮 (@xiaomucrypto)
2025-04-13 13:52:52,489 - scraper - INFO - 添加交易员: Definalist (@definalist)
2025-04-13 13:52:52,500 - scraper - INFO - 添加交易员: salience (@saliencexbt)
2025-04-13 13:52:52,510 - scraper - INFO - 添加交易员: 憨巴龙王 (@dotyyds1234)
2025-04-13 13:52:52,519 - scraper - INFO - 添加交易员: 带带带比特 (@daidaibtc)
2025-04-13 13:52:52,529 - scraper - INFO - 添加交易员: sigma^2 (@SigmaSquared_)
2025-04-13 13:52:52,539 - scraper - INFO - 添加交易员: Game (@game_for_one)
2025-04-13 13:52:52,549 - scraper - INFO - 添加交易员: 0xSun (@0xSunNFT)
2025-04-13 13:52:52,559 - scraper - INFO - 添加交易员: Huma (@HumaCapital)
2025-04-13 13:52:52,559 - scraper - INFO - 点击交易员: Andrew Kang (@Rewkang)
2025-04-13 13:52:55,639 - scraper - INFO - 找到 80 个可能包含JSON数据的元素
2025-04-13 13:52:55,641 - scraper - INFO - 成功获取到 Andrew Kang 的 0 条最近12小时内的推文
2025-04-13 13:52:57,678 - scraper - INFO - 点击交易员: RunnerXBT (@RunnerXBT)
2025-04-13 13:53:00,770 - scraper - INFO - 找到 80 个可能包含JSON数据的元素
2025-04-13 13:53:00,771 - scraper - INFO - 成功获取到 RunnerXBT 的 4 条最近12小时内的推文
2025-04-13 13:53:02,801 - scraper - INFO - 点击交易员: art (@art_xbt)
2025-04-13 13:53:05,885 - scraper - INFO - 找到 80 个可能包含JSON数据的元素
2025-04-13 13:53:05,886 - scraper - INFO - 成功获取到 art 的 0 条最近12小时内的推文
2025-04-13 13:53:07,914 - scraper - INFO - 点击交易员: TheHorse (@trading__horse)
2025-04-13 13:53:11,003 - scraper - INFO - 找到 84 个可能包含JSON数据的元素
2025-04-13 13:53:11,004 - scraper - INFO - 成功获取到 TheHorse 的 0 条最近12小时内的推文
2025-04-13 13:53:13,034 - scraper - INFO - 点击交易员: HORSE 🏴‍☠️ (@TheFlowHorse)
2025-04-13 13:53:16,116 - scraper - INFO - 找到 80 个可能包含JSON数据的元素
2025-04-13 13:53:16,116 - scraper - INFO - 成功获取到 HORSE 🏴‍☠️ 的 1 条最近12小时内的推文
2025-04-13 13:53:18,147 - scraper - INFO - 点击交易员: Nacho Trades (@NachoTrades)
2025-04-13 13:53:21,234 - scraper - INFO - 找到 86 个可能包含JSON数据的元素
2025-04-13 13:53:21,235 - scraper - INFO - 成功获取到 Nacho Trades 的 0 条最近12小时内的推文
2025-04-13 13:53:23,266 - scraper - INFO - 点击交易员: Awawat (@Awawat_Trades)
2025-04-13 13:53:26,351 - scraper - INFO - 找到 80 个可能包含JSON数据的元素
2025-04-13 13:53:26,354 - scraper - INFO - 成功获取到 Awawat 的 2 条最近12小时内的推文
2025-04-13 13:53:28,386 - scraper - INFO - 点击交易员: PC ² (@PC_Larp)
2025-04-13 13:53:31,462 - scraper - INFO - 找到 80 个可能包含JSON数据的元素
2025-04-13 13:53:31,463 - scraper - INFO - 成功获取到 PC ² 的 2 条最近12小时内的推文
2025-04-13 13:53:33,493 - scraper - INFO - 点击交易员: Cred (@CryptoCred)
2025-04-13 13:53:36,578 - scraper - INFO - 找到 80 个可能包含JSON数据的元素
2025-04-13 13:53:36,578 - scraper - INFO - 成功获取到 Cred 的 0 条最近12小时内的推文
2025-04-13 13:53:38,610 - scraper - INFO - 点击交易员: Reetika (@ReetikaTrades)
2025-04-13 13:53:41,718 - scraper - INFO - 找到 82 个可能包含JSON数据的元素
2025-04-13 13:53:41,719 - scraper - INFO - 成功获取到 Reetika 的 0 条最近12小时内的推文
2025-04-13 13:53:43,745 - scraper - INFO - 点击交易员: 🐧 Pentoshi 🇨🇳 🇺🇦 🇪🇺🏳️‍🌈5x 💉boosted (@Pentosh1)
2025-04-13 13:53:46,815 - scraper - INFO - 找到 84 个可能包含JSON数据的元素
2025-04-13 13:53:46,816 - scraper - INFO - 成功获取到 🐧 Pentoshi 🇨🇳 🇺🇦 🇪🇺🏳️‍🌈5x 💉boosted 的 0 条最近12小时内的推文
2025-04-13 13:53:48,849 - scraper - INFO - 点击交易员: DonAlt (@CryptoDonAlt)
2025-04-13 13:53:49,896 - scraper - ERROR - 爬取交易员 DonAlt 的推文失败: Message: element click intercepted: Element <div data-v-759468ba="" data-v-127306e8="" class="profile user" title="View only this trader">...</div> is not clickable at point (148, 872). Other element would receive the click: <a data-v-b9c1f7d2="" href="https://www.bwequation.com/" target="_blank" class="powered-by-bottom">...</a>
  (Session info: chrome=135.0.7049.84)
Stacktrace:
0   chromedriver                        0x0000000102aeedec cxxbridge1$str$ptr + 2817040
1   chromedriver                        0x0000000102ae7088 cxxbridge1$str$ptr + 2784940
2   chromedriver                        0x000000010262e8d8 cxxbridge1$string$len + 93028
3   chromedriver                        0x000000010267b1a8 cxxbridge1$string$len + 406580
4   chromedriver                        0x0000000102679738 cxxbridge1$string$len + 399812
5   chromedriver                        0x000000010267754c cxxbridge1$string$len + 391128
6   chromedriver                        0x0000000102676948 cxxbridge1$string$len + 388052
7   chromedriver                        0x000000010266b2b0 cxxbridge1$string$len + 341308
8   chromedriver                        0x000000010266ad3c cxxbridge1$string$len + 339912
9   chromedriver                        0x00000001026b67b8 cxxbridge1$string$len + 649796
10  chromedriver                        0x0000000102669a80 cxxbridge1$string$len + 335116
11  chromedriver                        0x0000000102ab3c74 cxxbridge1$str$ptr + 2575000
12  chromedriver                        0x0000000102ab6f40 cxxbridge1$str$ptr + 2588004
13  chromedriver                        0x0000000102a939fc cxxbridge1$str$ptr + 2443296
14  chromedriver                        0x0000000102ab77bc cxxbridge1$str$ptr + 2590176
15  chromedriver                        0x0000000102a84af0 cxxbridge1$str$ptr + 2382100
16  chromedriver                        0x0000000102ad79a0 cxxbridge1$str$ptr + 2721732
17  chromedriver                        0x0000000102ad7b2c cxxbridge1$str$ptr + 2722128
18  chromedriver                        0x0000000102ae6cd4 cxxbridge1$str$ptr + 2783992
19  libsystem_pthread.dylib             0x0000000190f8b2e4 _pthread_start + 136
20  libsystem_pthread.dylib             0x0000000190f860fc thread_start + 8

2025-04-13 13:53:49,897 - scraper - INFO - 点击交易员: DeFi^2 (@DefiSquared)
2025-04-13 13:53:50,939 - scraper - ERROR - 爬取交易员 DeFi^2 的推文失败: Message: element click intercepted: Element <div data-v-759468ba="" data-v-127306e8="" class="profile user" title="View only this trader">...</div> is not clickable at point (148, 858). Other element would receive the click: <a data-v-b9c1f7d2="" href="https://www.bwequation.com/" target="_blank" class="powered-by-bottom">...</a>
  (Session info: chrome=135.0.7049.84)
Stacktrace:
0   chromedriver                        0x0000000102aeedec cxxbridge1$str$ptr + 2817040
1   chromedriver                        0x0000000102ae7088 cxxbridge1$str$ptr + 2784940
2   chromedriver                        0x000000010262e8d8 cxxbridge1$string$len + 93028
3   chromedriver                        0x000000010267b1a8 cxxbridge1$string$len + 406580
4   chromedriver                        0x0000000102679738 cxxbridge1$string$len + 399812
5   chromedriver                        0x000000010267754c cxxbridge1$string$len + 391128
6   chromedriver                        0x0000000102676948 cxxbridge1$string$len + 388052
7   chromedriver                        0x000000010266b2b0 cxxbridge1$string$len + 341308
8   chromedriver                        0x000000010266ad3c cxxbridge1$string$len + 339912
9   chromedriver                        0x00000001026b67b8 cxxbridge1$string$len + 649796
10  chromedriver                        0x0000000102669a80 cxxbridge1$string$len + 335116
11  chromedriver                        0x0000000102ab3c74 cxxbridge1$str$ptr + 2575000
12  chromedriver                        0x0000000102ab6f40 cxxbridge1$str$ptr + 2588004
13  chromedriver                        0x0000000102a939fc cxxbridge1$str$ptr + 2443296
14  chromedriver                        0x0000000102ab77bc cxxbridge1$str$ptr + 2590176
15  chromedriver                        0x0000000102a84af0 cxxbridge1$str$ptr + 2382100
16  chromedriver                        0x0000000102ad79a0 cxxbridge1$str$ptr + 2721732
17  chromedriver                        0x0000000102ad7b2c cxxbridge1$str$ptr + 2722128
18  chromedriver                        0x0000000102ae6cd4 cxxbridge1$str$ptr + 2783992
19  libsystem_pthread.dylib             0x0000000190f8b2e4 _pthread_start + 136
20  libsystem_pthread.dylib             0x0000000190f860fc thread_start + 8

2025-04-13 13:53:50,940 - scraper - INFO - 点击交易员: Chiefingza (@chiefingza)
2025-04-13 13:53:51,995 - scraper - ERROR - 爬取交易员 Chiefingza 的推文失败: Message: element click intercepted: Element <div data-v-759468ba="" data-v-127306e8="" class="profile user" title="View only this trader">...</div> is not clickable at point (148, 858). Other element would receive the click: <a data-v-b9c1f7d2="" href="https://www.bwequation.com/" target="_blank" class="powered-by-bottom">...</a>
  (Session info: chrome=135.0.7049.84)
Stacktrace:
0   chromedriver                        0x0000000102aeedec cxxbridge1$str$ptr + 2817040
1   chromedriver                        0x0000000102ae7088 cxxbridge1$str$ptr + 2784940
2   chromedriver                        0x000000010262e8d8 cxxbridge1$string$len + 93028
3   chromedriver                        0x000000010267b1a8 cxxbridge1$string$len + 406580
4   chromedriver                        0x0000000102679738 cxxbridge1$string$len + 399812
5   chromedriver                        0x000000010267754c cxxbridge1$string$len + 391128
6   chromedriver                        0x0000000102676948 cxxbridge1$string$len + 388052
7   chromedriver                        0x000000010266b2b0 cxxbridge1$string$len + 341308
8   chromedriver                        0x000000010266ad3c cxxbridge1$string$len + 339912
9   chromedriver                        0x00000001026b67b8 cxxbridge1$string$len + 649796
10  chromedriver                        0x0000000102669a80 cxxbridge1$string$len + 335116
11  chromedriver                        0x0000000102ab3c74 cxxbridge1$str$ptr + 2575000
12  chromedriver                        0x0000000102ab6f40 cxxbridge1$str$ptr + 2588004
13  chromedriver                        0x0000000102a939fc cxxbridge1$str$ptr + 2443296
14  chromedriver                        0x0000000102ab77bc cxxbridge1$str$ptr + 2590176
15  chromedriver                        0x0000000102a84af0 cxxbridge1$str$ptr + 2382100
16  chromedriver                        0x0000000102ad79a0 cxxbridge1$str$ptr + 2721732
17  chromedriver                        0x0000000102ad7b2c cxxbridge1$str$ptr + 2722128
18  chromedriver                        0x0000000102ae6cd4 cxxbridge1$str$ptr + 2783992
19  libsystem_pthread.dylib             0x0000000190f8b2e4 _pthread_start + 136
20  libsystem_pthread.dylib             0x0000000190f860fc thread_start + 8

2025-04-13 13:53:51,996 - scraper - INFO - 点击交易员: Pika (@pikachu_crypto)
2025-04-13 13:53:53,033 - scraper - ERROR - 爬取交易员 Pika 的推文失败: Message: element click intercepted: Element <div data-v-759468ba="" data-v-127306e8="" class="profile user" title="View only this trader">...</div> is not clickable at point (148, 858). Other element would receive the click: <a data-v-b9c1f7d2="" href="https://www.bwequation.com/" target="_blank" class="powered-by-bottom">...</a>
  (Session info: chrome=135.0.7049.84)
Stacktrace:
0   chromedriver                        0x0000000102aeedec cxxbridge1$str$ptr + 2817040
1   chromedriver                        0x0000000102ae7088 cxxbridge1$str$ptr + 2784940
2   chromedriver                        0x000000010262e8d8 cxxbridge1$string$len + 93028
3   chromedriver                        0x000000010267b1a8 cxxbridge1$string$len + 406580
4   chromedriver                        0x0000000102679738 cxxbridge1$string$len + 399812
5   chromedriver                        0x000000010267754c cxxbridge1$string$len + 391128
6   chromedriver                        0x0000000102676948 cxxbridge1$string$len + 388052
7   chromedriver                        0x000000010266b2b0 cxxbridge1$string$len + 341308
8   chromedriver                        0x000000010266ad3c cxxbridge1$string$len + 339912
9   chromedriver                        0x00000001026b67b8 cxxbridge1$string$len + 649796
10  chromedriver                        0x0000000102669a80 cxxbridge1$string$len + 335116
11  chromedriver                        0x0000000102ab3c74 cxxbridge1$str$ptr + 2575000
12  chromedriver                        0x0000000102ab6f40 cxxbridge1$str$ptr + 2588004
13  chromedriver                        0x0000000102a939fc cxxbridge1$str$ptr + 2443296
14  chromedriver                        0x0000000102ab77bc cxxbridge1$str$ptr + 2590176
15  chromedriver                        0x0000000102a84af0 cxxbridge1$str$ptr + 2382100
16  chromedriver                        0x0000000102ad79a0 cxxbridge1$str$ptr + 2721732
17  chromedriver                        0x0000000102ad7b2c cxxbridge1$str$ptr + 2722128
18  chromedriver                        0x0000000102ae6cd4 cxxbridge1$str$ptr + 2783992
19  libsystem_pthread.dylib             0x0000000190f8b2e4 _pthread_start + 136
20  libsystem_pthread.dylib             0x0000000190f860fc thread_start + 8

2025-04-13 13:53:53,034 - scraper - INFO - 点击交易员: smartestmoney.hl (@smartestmoney_)
2025-04-13 13:53:54,067 - scraper - ERROR - 爬取交易员 smartestmoney.hl 的推文失败: Message: element click intercepted: Element <div data-v-759468ba="" data-v-127306e8="" class="profile user" title="View only this trader">...</div> is not clickable at point (148, 858). Other element would receive the click: <a data-v-b9c1f7d2="" href="https://www.bwequation.com/" target="_blank" class="powered-by-bottom">...</a>
  (Session info: chrome=135.0.7049.84)
Stacktrace:
0   chromedriver                        0x0000000102aeedec cxxbridge1$str$ptr + 2817040
1   chromedriver                        0x0000000102ae7088 cxxbridge1$str$ptr + 2784940
2   chromedriver                        0x000000010262e8d8 cxxbridge1$string$len + 93028
3   chromedriver                        0x000000010267b1a8 cxxbridge1$string$len + 406580
4   chromedriver                        0x0000000102679738 cxxbridge1$string$len + 399812
5   chromedriver                        0x000000010267754c cxxbridge1$string$len + 391128
6   chromedriver                        0x0000000102676948 cxxbridge1$string$len + 388052
7   chromedriver                        0x000000010266b2b0 cxxbridge1$string$len + 341308
8   chromedriver                        0x000000010266ad3c cxxbridge1$string$len + 339912
9   chromedriver                        0x00000001026b67b8 cxxbridge1$string$len + 649796
10  chromedriver                        0x0000000102669a80 cxxbridge1$string$len + 335116
11  chromedriver                        0x0000000102ab3c74 cxxbridge1$str$ptr + 2575000
12  chromedriver                        0x0000000102ab6f40 cxxbridge1$str$ptr + 2588004
13  chromedriver                        0x0000000102a939fc cxxbridge1$str$ptr + 2443296
14  chromedriver                        0x0000000102ab77bc cxxbridge1$str$ptr + 2590176
15  chromedriver                        0x0000000102a84af0 cxxbridge1$str$ptr + 2382100
16  chromedriver                        0x0000000102ad79a0 cxxbridge1$str$ptr + 2721732
17  chromedriver                        0x0000000102ad7b2c cxxbridge1$str$ptr + 2722128
18  chromedriver                        0x0000000102ae6cd4 cxxbridge1$str$ptr + 2783992
19  libsystem_pthread.dylib             0x0000000190f8b2e4 _pthread_start + 136
20  libsystem_pthread.dylib             0x0000000190f860fc thread_start + 8

2025-04-13 13:53:54,067 - scraper - INFO - 点击交易员: Nachi (@alphawifhat)
2025-04-13 13:53:55,106 - scraper - ERROR - 爬取交易员 Nachi 的推文失败: Message: element click intercepted: Element <div data-v-759468ba="" data-v-127306e8="" class="profile user" title="View only this trader">...</div> is not clickable at point (148, 858). Other element would receive the click: <a data-v-b9c1f7d2="" href="https://www.bwequation.com/" target="_blank" class="powered-by-bottom">...</a>
  (Session info: chrome=135.0.7049.84)
Stacktrace:
0   chromedriver                        0x0000000102aeedec cxxbridge1$str$ptr + 2817040
1   chromedriver                        0x0000000102ae7088 cxxbridge1$str$ptr + 2784940
2   chromedriver                        0x000000010262e8d8 cxxbridge1$string$len + 93028
3   chromedriver                        0x000000010267b1a8 cxxbridge1$string$len + 406580
4   chromedriver                        0x0000000102679738 cxxbridge1$string$len + 399812
5   chromedriver                        0x000000010267754c cxxbridge1$string$len + 391128
6   chromedriver                        0x0000000102676948 cxxbridge1$string$len + 388052
7   chromedriver                        0x000000010266b2b0 cxxbridge1$string$len + 341308
8   chromedriver                        0x000000010266ad3c cxxbridge1$string$len + 339912
9   chromedriver                        0x00000001026b67b8 cxxbridge1$string$len + 649796
10  chromedriver                        0x0000000102669a80 cxxbridge1$string$len + 335116
11  chromedriver                        0x0000000102ab3c74 cxxbridge1$str$ptr + 2575000
12  chromedriver                        0x0000000102ab6f40 cxxbridge1$str$ptr + 2588004
13  chromedriver                        0x0000000102a939fc cxxbridge1$str$ptr + 2443296
14  chromedriver                        0x0000000102ab77bc cxxbridge1$str$ptr + 2590176
15  chromedriver                        0x0000000102a84af0 cxxbridge1$str$ptr + 2382100
16  chromedriver                        0x0000000102ad79a0 cxxbridge1$str$ptr + 2721732
17  chromedriver                        0x0000000102ad7b2c cxxbridge1$str$ptr + 2722128
18  chromedriver                        0x0000000102ae6cd4 cxxbridge1$str$ptr + 2783992
19  libsystem_pthread.dylib             0x0000000190f8b2e4 _pthread_start + 136
20  libsystem_pthread.dylib             0x0000000190f860fc thread_start + 8

2025-04-13 13:53:55,107 - scraper - INFO - 点击交易员: Joshua | MOZAIK 🇰🇷 (@JoshuaDeuk)
2025-04-13 13:53:56,142 - scraper - ERROR - 爬取交易员 Joshua | MOZAIK 🇰🇷 的推文失败: Message: element click intercepted: Element <div data-v-759468ba="" data-v-127306e8="" class="profile user" title="View only this trader">...</div> is not clickable at point (148, 858). Other element would receive the click: <a data-v-b9c1f7d2="" href="https://www.bwequation.com/" target="_blank" class="powered-by-bottom">...</a>
  (Session info: chrome=135.0.7049.84)
Stacktrace:
0   chromedriver                        0x0000000102aeedec cxxbridge1$str$ptr + 2817040
1   chromedriver                        0x0000000102ae7088 cxxbridge1$str$ptr + 2784940
2   chromedriver                        0x000000010262e8d8 cxxbridge1$string$len + 93028
3   chromedriver                        0x000000010267b1a8 cxxbridge1$string$len + 406580
4   chromedriver                        0x0000000102679738 cxxbridge1$string$len + 399812
5   chromedriver                        0x000000010267754c cxxbridge1$string$len + 391128
6   chromedriver                        0x0000000102676948 cxxbridge1$string$len + 388052
7   chromedriver                        0x000000010266b2b0 cxxbridge1$string$len + 341308
8   chromedriver                        0x000000010266ad3c cxxbridge1$string$len + 339912
9   chromedriver                        0x00000001026b67b8 cxxbridge1$string$len + 649796
10  chromedriver                        0x0000000102669a80 cxxbridge1$string$len + 335116
11  chromedriver                        0x0000000102ab3c74 cxxbridge1$str$ptr + 2575000
12  chromedriver                        0x0000000102ab6f40 cxxbridge1$str$ptr + 2588004
13  chromedriver                        0x0000000102a939fc cxxbridge1$str$ptr + 2443296
14  chromedriver                        0x0000000102ab77bc cxxbridge1$str$ptr + 2590176
15  chromedriver                        0x0000000102a84af0 cxxbridge1$str$ptr + 2382100
16  chromedriver                        0x0000000102ad79a0 cxxbridge1$str$ptr + 2721732
17  chromedriver                        0x0000000102ad7b2c cxxbridge1$str$ptr + 2722128
18  chromedriver                        0x0000000102ae6cd4 cxxbridge1$str$ptr + 2783992
19  libsystem_pthread.dylib             0x0000000190f8b2e4 _pthread_start + 136
20  libsystem_pthread.dylib             0x0000000190f860fc thread_start + 8

2025-04-13 13:53:56,142 - scraper - INFO - 点击交易员: 川沐｜Trumoo🐮 (@xiaomucrypto)
2025-04-13 13:53:57,196 - scraper - ERROR - 爬取交易员 川沐｜Trumoo🐮 的推文失败: Message: element click intercepted: Element <div data-v-759468ba="" data-v-127306e8="" class="profile user" title="View only this trader">...</div> is not clickable at point (148, 858). Other element would receive the click: <a data-v-b9c1f7d2="" href="https://www.bwequation.com/" target="_blank" class="powered-by-bottom">...</a>
  (Session info: chrome=135.0.7049.84)
Stacktrace:
0   chromedriver                        0x0000000102aeedec cxxbridge1$str$ptr + 2817040
1   chromedriver                        0x0000000102ae7088 cxxbridge1$str$ptr + 2784940
2   chromedriver                        0x000000010262e8d8 cxxbridge1$string$len + 93028
3   chromedriver                        0x000000010267b1a8 cxxbridge1$string$len + 406580
4   chromedriver                        0x0000000102679738 cxxbridge1$string$len + 399812
5   chromedriver                        0x000000010267754c cxxbridge1$string$len + 391128
6   chromedriver                        0x0000000102676948 cxxbridge1$string$len + 388052
7   chromedriver                        0x000000010266b2b0 cxxbridge1$string$len + 341308
8   chromedriver                        0x000000010266ad3c cxxbridge1$string$len + 339912
9   chromedriver                        0x00000001026b67b8 cxxbridge1$string$len + 649796
10  chromedriver                        0x0000000102669a80 cxxbridge1$string$len + 335116
11  chromedriver                        0x0000000102ab3c74 cxxbridge1$str$ptr + 2575000
12  chromedriver                        0x0000000102ab6f40 cxxbridge1$str$ptr + 2588004
13  chromedriver                        0x0000000102a939fc cxxbridge1$str$ptr + 2443296
14  chromedriver                        0x0000000102ab77bc cxxbridge1$str$ptr + 2590176
15  chromedriver                        0x0000000102a84af0 cxxbridge1$str$ptr + 2382100
16  chromedriver                        0x0000000102ad79a0 cxxbridge1$str$ptr + 2721732
17  chromedriver                        0x0000000102ad7b2c cxxbridge1$str$ptr + 2722128
18  chromedriver                        0x0000000102ae6cd4 cxxbridge1$str$ptr + 2783992
19  libsystem_pthread.dylib             0x0000000190f8b2e4 _pthread_start + 136
20  libsystem_pthread.dylib             0x0000000190f860fc thread_start + 8

2025-04-13 13:53:57,197 - scraper - INFO - 点击交易员: Definalist (@definalist)
2025-04-13 13:53:58,237 - scraper - ERROR - 爬取交易员 Definalist 的推文失败: Message: element click intercepted: Element <div data-v-759468ba="" data-v-127306e8="" class="profile user" title="View only this trader">...</div> is not clickable at point (148, 858). Other element would receive the click: <a data-v-b9c1f7d2="" href="https://www.bwequation.com/" target="_blank" class="powered-by-bottom">...</a>
  (Session info: chrome=135.0.7049.84)
Stacktrace:
0   chromedriver                        0x0000000102aeedec cxxbridge1$str$ptr + 2817040
1   chromedriver                        0x0000000102ae7088 cxxbridge1$str$ptr + 2784940
2   chromedriver                        0x000000010262e8d8 cxxbridge1$string$len + 93028
3   chromedriver                        0x000000010267b1a8 cxxbridge1$string$len + 406580
4   chromedriver                        0x0000000102679738 cxxbridge1$string$len + 399812
5   chromedriver                        0x000000010267754c cxxbridge1$string$len + 391128
6   chromedriver                        0x0000000102676948 cxxbridge1$string$len + 388052
7   chromedriver                        0x000000010266b2b0 cxxbridge1$string$len + 341308
8   chromedriver                        0x000000010266ad3c cxxbridge1$string$len + 339912
9   chromedriver                        0x00000001026b67b8 cxxbridge1$string$len + 649796
10  chromedriver                        0x0000000102669a80 cxxbridge1$string$len + 335116
11  chromedriver                        0x0000000102ab3c74 cxxbridge1$str$ptr + 2575000
12  chromedriver                        0x0000000102ab6f40 cxxbridge1$str$ptr + 2588004
13  chromedriver                        0x0000000102a939fc cxxbridge1$str$ptr + 2443296
14  chromedriver                        0x0000000102ab77bc cxxbridge1$str$ptr + 2590176
15  chromedriver                        0x0000000102a84af0 cxxbridge1$str$ptr + 2382100
16  chromedriver                        0x0000000102ad79a0 cxxbridge1$str$ptr + 2721732
17  chromedriver                        0x0000000102ad7b2c cxxbridge1$str$ptr + 2722128
18  chromedriver                        0x0000000102ae6cd4 cxxbridge1$str$ptr + 2783992
19  libsystem_pthread.dylib             0x0000000190f8b2e4 _pthread_start + 136
20  libsystem_pthread.dylib             0x0000000190f860fc thread_start + 8

2025-04-13 13:53:58,238 - scraper - INFO - 点击交易员: salience (@saliencexbt)
2025-04-13 13:53:59,322 - scraper - ERROR - 爬取交易员 salience 的推文失败: Message: element click intercepted: Element <div data-v-759468ba="" data-v-127306e8="" class="profile user" title="View only this trader">...</div> is not clickable at point (148, 858). Other element would receive the click: <a data-v-b9c1f7d2="" href="https://www.bwequation.com/" target="_blank" class="powered-by-bottom">...</a>
  (Session info: chrome=135.0.7049.84)
Stacktrace:
0   chromedriver                        0x0000000102aeedec cxxbridge1$str$ptr + 2817040
1   chromedriver                        0x0000000102ae7088 cxxbridge1$str$ptr + 2784940
2   chromedriver                        0x000000010262e8d8 cxxbridge1$string$len + 93028
3   chromedriver                        0x000000010267b1a8 cxxbridge1$string$len + 406580
4   chromedriver                        0x0000000102679738 cxxbridge1$string$len + 399812
5   chromedriver                        0x000000010267754c cxxbridge1$string$len + 391128
6   chromedriver                        0x0000000102676948 cxxbridge1$string$len + 388052
7   chromedriver                        0x000000010266b2b0 cxxbridge1$string$len + 341308
8   chromedriver                        0x000000010266ad3c cxxbridge1$string$len + 339912
9   chromedriver                        0x00000001026b67b8 cxxbridge1$string$len + 649796
10  chromedriver                        0x0000000102669a80 cxxbridge1$string$len + 335116
11  chromedriver                        0x0000000102ab3c74 cxxbridge1$str$ptr + 2575000
12  chromedriver                        0x0000000102ab6f40 cxxbridge1$str$ptr + 2588004
13  chromedriver                        0x0000000102a939fc cxxbridge1$str$ptr + 2443296
14  chromedriver                        0x0000000102ab77bc cxxbridge1$str$ptr + 2590176
15  chromedriver                        0x0000000102a84af0 cxxbridge1$str$ptr + 2382100
16  chromedriver                        0x0000000102ad79a0 cxxbridge1$str$ptr + 2721732
17  chromedriver                        0x0000000102ad7b2c cxxbridge1$str$ptr + 2722128
18  chromedriver                        0x0000000102ae6cd4 cxxbridge1$str$ptr + 2783992
19  libsystem_pthread.dylib             0x0000000190f8b2e4 _pthread_start + 136
20  libsystem_pthread.dylib             0x0000000190f860fc thread_start + 8

2025-04-13 13:53:59,323 - scraper - INFO - 点击交易员: 憨巴龙王 (@dotyyds1234)
2025-04-13 13:54:00,370 - scraper - ERROR - 爬取交易员 憨巴龙王 的推文失败: Message: element click intercepted: Element <div data-v-759468ba="" data-v-127306e8="" class="profile user" title="View only this trader">...</div> is not clickable at point (148, 858). Other element would receive the click: <a data-v-b9c1f7d2="" href="https://www.bwequation.com/" target="_blank" class="powered-by-bottom">...</a>
  (Session info: chrome=135.0.7049.84)
Stacktrace:
0   chromedriver                        0x0000000102aeedec cxxbridge1$str$ptr + 2817040
1   chromedriver                        0x0000000102ae7088 cxxbridge1$str$ptr + 2784940
2   chromedriver                        0x000000010262e8d8 cxxbridge1$string$len + 93028
3   chromedriver                        0x000000010267b1a8 cxxbridge1$string$len + 406580
4   chromedriver                        0x0000000102679738 cxxbridge1$string$len + 399812
5   chromedriver                        0x000000010267754c cxxbridge1$string$len + 391128
6   chromedriver                        0x0000000102676948 cxxbridge1$string$len + 388052
7   chromedriver                        0x000000010266b2b0 cxxbridge1$string$len + 341308
8   chromedriver                        0x000000010266ad3c cxxbridge1$string$len + 339912
9   chromedriver                        0x00000001026b67b8 cxxbridge1$string$len + 649796
10  chromedriver                        0x0000000102669a80 cxxbridge1$string$len + 335116
11  chromedriver                        0x0000000102ab3c74 cxxbridge1$str$ptr + 2575000
12  chromedriver                        0x0000000102ab6f40 cxxbridge1$str$ptr + 2588004
13  chromedriver                        0x0000000102a939fc cxxbridge1$str$ptr + 2443296
14  chromedriver                        0x0000000102ab77bc cxxbridge1$str$ptr + 2590176
15  chromedriver                        0x0000000102a84af0 cxxbridge1$str$ptr + 2382100
16  chromedriver                        0x0000000102ad79a0 cxxbridge1$str$ptr + 2721732
17  chromedriver                        0x0000000102ad7b2c cxxbridge1$str$ptr + 2722128
18  chromedriver                        0x0000000102ae6cd4 cxxbridge1$str$ptr + 2783992
19  libsystem_pthread.dylib             0x0000000190f8b2e4 _pthread_start + 136
20  libsystem_pthread.dylib             0x0000000190f860fc thread_start + 8

2025-04-13 13:54:00,370 - scraper - INFO - 点击交易员: 带带带比特 (@daidaibtc)
2025-04-13 13:54:01,439 - scraper - ERROR - 爬取交易员 带带带比特 的推文失败: Message: element click intercepted: Element <div data-v-759468ba="" data-v-127306e8="" class="profile user" title="View only this trader">...</div> is not clickable at point (148, 858). Other element would receive the click: <a data-v-b9c1f7d2="" href="https://www.bwequation.com/" target="_blank" class="powered-by-bottom">...</a>
  (Session info: chrome=135.0.7049.84)
Stacktrace:
0   chromedriver                        0x0000000102aeedec cxxbridge1$str$ptr + 2817040
1   chromedriver                        0x0000000102ae7088 cxxbridge1$str$ptr + 2784940
2   chromedriver                        0x000000010262e8d8 cxxbridge1$string$len + 93028
3   chromedriver                        0x000000010267b1a8 cxxbridge1$string$len + 406580
4   chromedriver                        0x0000000102679738 cxxbridge1$string$len + 399812
5   chromedriver                        0x000000010267754c cxxbridge1$string$len + 391128
6   chromedriver                        0x0000000102676948 cxxbridge1$string$len + 388052
7   chromedriver                        0x000000010266b2b0 cxxbridge1$string$len + 341308
8   chromedriver                        0x000000010266ad3c cxxbridge1$string$len + 339912
9   chromedriver                        0x00000001026b67b8 cxxbridge1$string$len + 649796
10  chromedriver                        0x0000000102669a80 cxxbridge1$string$len + 335116
11  chromedriver                        0x0000000102ab3c74 cxxbridge1$str$ptr + 2575000
12  chromedriver                        0x0000000102ab6f40 cxxbridge1$str$ptr + 2588004
13  chromedriver                        0x0000000102a939fc cxxbridge1$str$ptr + 2443296
14  chromedriver                        0x0000000102ab77bc cxxbridge1$str$ptr + 2590176
15  chromedriver                        0x0000000102a84af0 cxxbridge1$str$ptr + 2382100
16  chromedriver                        0x0000000102ad79a0 cxxbridge1$str$ptr + 2721732
17  chromedriver                        0x0000000102ad7b2c cxxbridge1$str$ptr + 2722128
18  chromedriver                        0x0000000102ae6cd4 cxxbridge1$str$ptr + 2783992
19  libsystem_pthread.dylib             0x0000000190f8b2e4 _pthread_start + 136
20  libsystem_pthread.dylib             0x0000000190f860fc thread_start + 8

2025-04-13 13:54:01,440 - scraper - INFO - 点击交易员: sigma^2 (@SigmaSquared_)
2025-04-13 13:54:02,480 - scraper - ERROR - 爬取交易员 sigma^2 的推文失败: Message: element click intercepted: Element <div data-v-759468ba="" data-v-127306e8="" class="profile user" title="View only this trader">...</div> is not clickable at point (148, 858). Other element would receive the click: <a data-v-b9c1f7d2="" href="https://www.bwequation.com/" target="_blank" class="powered-by-bottom">...</a>
  (Session info: chrome=135.0.7049.84)
Stacktrace:
0   chromedriver                        0x0000000102aeedec cxxbridge1$str$ptr + 2817040
1   chromedriver                        0x0000000102ae7088 cxxbridge1$str$ptr + 2784940
2   chromedriver                        0x000000010262e8d8 cxxbridge1$string$len + 93028
3   chromedriver                        0x000000010267b1a8 cxxbridge1$string$len + 406580
4   chromedriver                        0x0000000102679738 cxxbridge1$string$len + 399812
5   chromedriver                        0x000000010267754c cxxbridge1$string$len + 391128
6   chromedriver                        0x0000000102676948 cxxbridge1$string$len + 388052
7   chromedriver                        0x000000010266b2b0 cxxbridge1$string$len + 341308
8   chromedriver                        0x000000010266ad3c cxxbridge1$string$len + 339912
9   chromedriver                        0x00000001026b67b8 cxxbridge1$string$len + 649796
10  chromedriver                        0x0000000102669a80 cxxbridge1$string$len + 335116
11  chromedriver                        0x0000000102ab3c74 cxxbridge1$str$ptr + 2575000
12  chromedriver                        0x0000000102ab6f40 cxxbridge1$str$ptr + 2588004
13  chromedriver                        0x0000000102a939fc cxxbridge1$str$ptr + 2443296
14  chromedriver                        0x0000000102ab77bc cxxbridge1$str$ptr + 2590176
15  chromedriver                        0x0000000102a84af0 cxxbridge1$str$ptr + 2382100
16  chromedriver                        0x0000000102ad79a0 cxxbridge1$str$ptr + 2721732
17  chromedriver                        0x0000000102ad7b2c cxxbridge1$str$ptr + 2722128
18  chromedriver                        0x0000000102ae6cd4 cxxbridge1$str$ptr + 2783992
19  libsystem_pthread.dylib             0x0000000190f8b2e4 _pthread_start + 136
20  libsystem_pthread.dylib             0x0000000190f860fc thread_start + 8

2025-04-13 13:54:02,481 - scraper - INFO - 点击交易员: Game (@game_for_one)
2025-04-13 13:54:03,563 - scraper - ERROR - 爬取交易员 Game 的推文失败: Message: element click intercepted: Element <div data-v-759468ba="" data-v-127306e8="" class="profile user" title="View only this trader">...</div> is not clickable at point (148, 858). Other element would receive the click: <a data-v-b9c1f7d2="" href="https://www.bwequation.com/" target="_blank" class="powered-by-bottom">...</a>
  (Session info: chrome=135.0.7049.84)
Stacktrace:
0   chromedriver                        0x0000000102aeedec cxxbridge1$str$ptr + 2817040
1   chromedriver                        0x0000000102ae7088 cxxbridge1$str$ptr + 2784940
2   chromedriver                        0x000000010262e8d8 cxxbridge1$string$len + 93028
3   chromedriver                        0x000000010267b1a8 cxxbridge1$string$len + 406580
4   chromedriver                        0x0000000102679738 cxxbridge1$string$len + 399812
5   chromedriver                        0x000000010267754c cxxbridge1$string$len + 391128
6   chromedriver                        0x0000000102676948 cxxbridge1$string$len + 388052
7   chromedriver                        0x000000010266b2b0 cxxbridge1$string$len + 341308
8   chromedriver                        0x000000010266ad3c cxxbridge1$string$len + 339912
9   chromedriver                        0x00000001026b67b8 cxxbridge1$string$len + 649796
10  chromedriver                        0x0000000102669a80 cxxbridge1$string$len + 335116
11  chromedriver                        0x0000000102ab3c74 cxxbridge1$str$ptr + 2575000
12  chromedriver                        0x0000000102ab6f40 cxxbridge1$str$ptr + 2588004
13  chromedriver                        0x0000000102a939fc cxxbridge1$str$ptr + 2443296
14  chromedriver                        0x0000000102ab77bc cxxbridge1$str$ptr + 2590176
15  chromedriver                        0x0000000102a84af0 cxxbridge1$str$ptr + 2382100
16  chromedriver                        0x0000000102ad79a0 cxxbridge1$str$ptr + 2721732
17  chromedriver                        0x0000000102ad7b2c cxxbridge1$str$ptr + 2722128
18  chromedriver                        0x0000000102ae6cd4 cxxbridge1$str$ptr + 2783992
19  libsystem_pthread.dylib             0x0000000190f8b2e4 _pthread_start + 136
20  libsystem_pthread.dylib             0x0000000190f860fc thread_start + 8

2025-04-13 13:54:03,563 - scraper - INFO - 点击交易员: 0xSun (@0xSunNFT)
2025-04-13 13:54:04,633 - scraper - ERROR - 爬取交易员 0xSun 的推文失败: Message: element click intercepted: Element <div data-v-759468ba="" data-v-127306e8="" class="profile user" title="View only this trader">...</div> is not clickable at point (148, 858). Other element would receive the click: <a data-v-b9c1f7d2="" href="https://www.bwequation.com/" target="_blank" class="powered-by-bottom">...</a>
  (Session info: chrome=135.0.7049.84)
Stacktrace:
0   chromedriver                        0x0000000102aeedec cxxbridge1$str$ptr + 2817040
1   chromedriver                        0x0000000102ae7088 cxxbridge1$str$ptr + 2784940
2   chromedriver                        0x000000010262e8d8 cxxbridge1$string$len + 93028
3   chromedriver                        0x000000010267b1a8 cxxbridge1$string$len + 406580
4   chromedriver                        0x0000000102679738 cxxbridge1$string$len + 399812
5   chromedriver                        0x000000010267754c cxxbridge1$string$len + 391128
6   chromedriver                        0x0000000102676948 cxxbridge1$string$len + 388052
7   chromedriver                        0x000000010266b2b0 cxxbridge1$string$len + 341308
8   chromedriver                        0x000000010266ad3c cxxbridge1$string$len + 339912
9   chromedriver                        0x00000001026b67b8 cxxbridge1$string$len + 649796
10  chromedriver                        0x0000000102669a80 cxxbridge1$string$len + 335116
11  chromedriver                        0x0000000102ab3c74 cxxbridge1$str$ptr + 2575000
12  chromedriver                        0x0000000102ab6f40 cxxbridge1$str$ptr + 2588004
13  chromedriver                        0x0000000102a939fc cxxbridge1$str$ptr + 2443296
14  chromedriver                        0x0000000102ab77bc cxxbridge1$str$ptr + 2590176
15  chromedriver                        0x0000000102a84af0 cxxbridge1$str$ptr + 2382100
16  chromedriver                        0x0000000102ad79a0 cxxbridge1$str$ptr + 2721732
17  chromedriver                        0x0000000102ad7b2c cxxbridge1$str$ptr + 2722128
18  chromedriver                        0x0000000102ae6cd4 cxxbridge1$str$ptr + 2783992
19  libsystem_pthread.dylib             0x0000000190f8b2e4 _pthread_start + 136
20  libsystem_pthread.dylib             0x0000000190f860fc thread_start + 8

2025-04-13 13:54:04,634 - scraper - INFO - 点击交易员: Huma (@HumaCapital)
2025-04-13 13:54:05,682 - scraper - ERROR - 爬取交易员 Huma 的推文失败: Message: element click intercepted: Element <div data-v-759468ba="" data-v-127306e8="" class="profile user" title="View only this trader">...</div> is not clickable at point (148, 858). Other element would receive the click: <a data-v-b9c1f7d2="" href="https://www.bwequation.com/" target="_blank" class="powered-by-bottom">...</a>
  (Session info: chrome=135.0.7049.84)
Stacktrace:
0   chromedriver                        0x0000000102aeedec cxxbridge1$str$ptr + 2817040
1   chromedriver                        0x0000000102ae7088 cxxbridge1$str$ptr + 2784940
2   chromedriver                        0x000000010262e8d8 cxxbridge1$string$len + 93028
3   chromedriver                        0x000000010267b1a8 cxxbridge1$string$len + 406580
4   chromedriver                        0x0000000102679738 cxxbridge1$string$len + 399812
5   chromedriver                        0x000000010267754c cxxbridge1$string$len + 391128
6   chromedriver                        0x0000000102676948 cxxbridge1$string$len + 388052
7   chromedriver                        0x000000010266b2b0 cxxbridge1$string$len + 341308
8   chromedriver                        0x000000010266ad3c cxxbridge1$string$len + 339912
9   chromedriver                        0x00000001026b67b8 cxxbridge1$string$len + 649796
10  chromedriver                        0x0000000102669a80 cxxbridge1$string$len + 335116
11  chromedriver                        0x0000000102ab3c74 cxxbridge1$str$ptr + 2575000
12  chromedriver                        0x0000000102ab6f40 cxxbridge1$str$ptr + 2588004
13  chromedriver                        0x0000000102a939fc cxxbridge1$str$ptr + 2443296
14  chromedriver                        0x0000000102ab77bc cxxbridge1$str$ptr + 2590176
15  chromedriver                        0x0000000102a84af0 cxxbridge1$str$ptr + 2382100
16  chromedriver                        0x0000000102ad79a0 cxxbridge1$str$ptr + 2721732
17  chromedriver                        0x0000000102ad7b2c cxxbridge1$str$ptr + 2722128
18  chromedriver                        0x0000000102ae6cd4 cxxbridge1$str$ptr + 2783992
19  libsystem_pthread.dylib             0x0000000190f8b2e4 _pthread_start + 136
20  libsystem_pthread.dylib             0x0000000190f860fc thread_start + 8

2025-04-13 13:54:05,776 - scraper - INFO - 已爬取 9 条推文并保存到 extracted_tweets.json
2025-04-13 13:54:05,776 - ai_processor - INFO - 处理来自 X-GPT 的数据
2025-04-13 13:54:21,876 - database - INFO - 保存数据成功: X-GPT
2025-04-13 13:54:21,880 - httpx - INFO - HTTP Request: POST https://api.telegram.org/bot7647743490:AAE-gjtb4X7KJVuzJg_c-58KSS6bOX0-xi4/getUpdates "HTTP/1.1 200 OK"
2025-04-13 13:54:23,086 - httpx - INFO - HTTP Request: POST https://api.telegram.org/bot7647743490:AAE-gjtb4X7KJVuzJg_c-58KSS6bOX0-xi4/sendMessage "HTTP/1.1 200 OK"
2025-04-13 13:54:32,797 - httpx - INFO - HTTP Request: POST https://api.telegram.org/bot7647743490:AAE-gjtb4X7KJVuzJg_c-58KSS6bOX0-xi4/getUpdates "HTTP/1.1 200 OK"
2025-04-13 13:54:43,091 - httpx - INFO - HTTP Request: POST https://api.telegram.org/bot7647743490:AAE-gjtb4X7KJVuzJg_c-58KSS6bOX0-xi4/getUpdates "HTTP/1.1 200 OK"
2025-04-13 13:54:53,500 - httpx - INFO - HTTP Request: POST https://api.telegram.org/bot7647743490:AAE-gjtb4X7KJVuzJg_c-58KSS6bOX0-xi4/getUpdates "HTTP/1.1 200 OK"
2025-04-13 13:55:03,823 - httpx - INFO - HTTP Request: POST https://api.telegram.org/bot7647743490:AAE-gjtb4X7KJVuzJg_c-58KSS6bOX0-xi4/getUpdates "HTTP/1.1 200 OK"
2025-04-13 13:55:14,114 - httpx - INFO - HTTP Request: POST https://api.telegram.org/bot7647743490:AAE-gjtb4X7KJVuzJg_c-58KSS6bOX0-xi4/getUpdates "HTTP/1.1 200 OK"
2025-04-13 13:55:24,422 - httpx - INFO - HTTP Request: POST https://api.telegram.org/bot7647743490:AAE-gjtb4X7KJVuzJg_c-58KSS6bOX0-xi4/getUpdates "HTTP/1.1 200 OK"
2025-04-13 13:55:34,859 - httpx - INFO - HTTP Request: POST https://api.telegram.org/bot7647743490:AAE-gjtb4X7KJVuzJg_c-58KSS6bOX0-xi4/getUpdates "HTTP/1.1 200 OK"
2025-04-13 13:55:45,245 - httpx - INFO - HTTP Request: POST https://api.telegram.org/bot7647743490:AAE-gjtb4X7KJVuzJg_c-58KSS6bOX0-xi4/getUpdates "HTTP/1.1 200 OK"
2025-04-13 13:55:55,621 - httpx - INFO - HTTP Request: POST https://api.telegram.org/bot7647743490:AAE-gjtb4X7KJVuzJg_c-58KSS6bOX0-xi4/getUpdates "HTTP/1.1 200 OK"
2025-04-13 13:56:06,976 - httpx - INFO - HTTP Request: POST https://api.telegram.org/bot7647743490:AAE-gjtb4X7KJVuzJg_c-58KSS6bOX0-xi4/getUpdates "HTTP/1.1 200 OK"
2025-04-13 13:56:17,271 - httpx - INFO - HTTP Request: POST https://api.telegram.org/bot7647743490:AAE-gjtb4X7KJVuzJg_c-58KSS6bOX0-xi4/getUpdates "HTTP/1.1 200 OK"
2025-04-13 13:56:27,951 - httpx - INFO - HTTP Request: POST https://api.telegram.org/bot7647743490:AAE-gjtb4X7KJVuzJg_c-58KSS6bOX0-xi4/getUpdates "HTTP/1.1 200 OK"
2025-04-13 13:56:38,254 - httpx - INFO - HTTP Request: POST https://api.telegram.org/bot7647743490:AAE-gjtb4X7KJVuzJg_c-58KSS6bOX0-xi4/getUpdates "HTTP/1.1 200 OK"
2025-04-13 13:56:48,665 - httpx - INFO - HTTP Request: POST https://api.telegram.org/bot7647743490:AAE-gjtb4X7KJVuzJg_c-58KSS6bOX0-xi4/getUpdates "HTTP/1.1 200 OK"
2025-04-13 13:56:58,972 - httpx - INFO - HTTP Request: POST https://api.telegram.org/bot7647743490:AAE-gjtb4X7KJVuzJg_c-58KSS6bOX0-xi4/getUpdates "HTTP/1.1 200 OK"
2025-04-13 13:57:09,297 - httpx - INFO - HTTP Request: POST https://api.telegram.org/bot7647743490:AAE-gjtb4X7KJVuzJg_c-58KSS6bOX0-xi4/getUpdates "HTTP/1.1 200 OK"
2025-04-13 13:57:19,607 - httpx - INFO - HTTP Request: POST https://api.telegram.org/bot7647743490:AAE-gjtb4X7KJVuzJg_c-58KSS6bOX0-xi4/getUpdates "HTTP/1.1 200 OK"
2025-04-13 13:57:29,902 - httpx - INFO - HTTP Request: POST https://api.telegram.org/bot7647743490:AAE-gjtb4X7KJVuzJg_c-58KSS6bOX0-xi4/getUpdates "HTTP/1.1 200 OK"
2025-04-13 13:57:40,224 - httpx - INFO - HTTP Request: POST https://api.telegram.org/bot7647743490:AAE-gjtb4X7KJVuzJg_c-58KSS6bOX0-xi4/getUpdates "HTTP/1.1 200 OK"
2025-04-13 13:57:50,547 - httpx - INFO - HTTP Request: POST https://api.telegram.org/bot7647743490:AAE-gjtb4X7KJVuzJg_c-58KSS6bOX0-xi4/getUpdates "HTTP/1.1 200 OK"
2025-04-13 13:58:02,394 - httpx - INFO - HTTP Request: POST https://api.telegram.org/bot7647743490:AAE-gjtb4X7KJVuzJg_c-58KSS6bOX0-xi4/getUpdates "HTTP/1.1 200 OK"
