2025-04-13 16:26:05,013 - main - INFO - 启动应用
2025-04-13 16:26:05,013 - database - INFO - 数据库初始化成功
2025-04-13 16:26:05,102 - telegram_bot - INFO - 启动Telegram机器人
2025-04-13 16:26:10,380 - httpx - INFO - HTTP Request: POST https://api.telegram.org/bot8155323856:AAH8JAorNJyZtWbJhJtROY-qfUiiT2uwaXg/getMe "HTTP/1.1 200 OK"
2025-04-13 16:26:10,715 - httpx - INFO - HTTP Request: POST https://api.telegram.org/bot8155323856:AAH8JAorNJyZtWbJhJtROY-qfUiiT2uwaXg/deleteWebhook "HTTP/1.1 200 OK"
2025-04-13 16:26:12,214 - httpx - INFO - HTTP Request: POST https://api.telegram.org/bot8155323856:AAH8JAorNJyZtWbJhJtROY-qfUiiT2uwaXg/getUpdates "HTTP/1.1 200 OK"
2025-04-13 16:26:12,784 - httpx - INFO - HTTP Request: POST https://api.telegram.org/bot8155323856:AAH8JAorNJyZtWbJhJtROY-qfUiiT2uwaXg/sendMessage "HTTP/1.1 200 OK"
2025-04-13 16:26:15,643 - httpx - INFO - HTTP Request: POST https://api.telegram.org/bot8155323856:AAH8JAorNJyZtWbJhJtROY-qfUiiT2uwaXg/getUpdates "HTTP/1.1 200 OK"
2025-04-13 16:26:16,303 - httpx - INFO - HTTP Request: POST https://api.telegram.org/bot8155323856:AAH8JAorNJyZtWbJhJtROY-qfUiiT2uwaXg/sendMessage "HTTP/1.1 200 OK"
2025-04-13 16:26:19,565 - httpx - INFO - HTTP Request: POST https://api.telegram.org/bot8155323856:AAH8JAorNJyZtWbJhJtROY-qfUiiT2uwaXg/getUpdates "HTTP/1.1 200 OK"
2025-04-13 16:26:20,113 - httpx - INFO - HTTP Request: POST https://api.telegram.org/bot8155323856:AAH8JAorNJyZtWbJhJtROY-qfUiiT2uwaXg/sendMessage "HTTP/1.1 200 OK"
2025-04-13 16:26:20,115 - scraper - INFO - 开始爬取: https://x-gpt.bwequation.com/
2025-04-13 16:26:27,105 - scraper - INFO - 等待页面内容加载...
2025-04-13 16:26:32,129 - scraper - INFO - 找到 27 个交易员
2025-04-13 16:26:32,161 - scraper - INFO - 添加交易员: Andrew Kang (@Rewkang)
2025-04-13 16:26:32,175 - scraper - INFO - 添加交易员: RunnerXBT (@RunnerXBT)
2025-04-13 16:26:32,187 - scraper - INFO - 添加交易员: art (@art_xbt)
2025-04-13 16:26:32,198 - scraper - INFO - 添加交易员: TheHorse (@trading__horse)
2025-04-13 16:26:32,208 - scraper - INFO - 添加交易员: HORSE 🏴‍☠️ (@TheFlowHorse)
2025-04-13 16:26:32,219 - scraper - INFO - 添加交易员: Nacho Trades (@NachoTrades)
2025-04-13 16:26:32,228 - scraper - INFO - 添加交易员: Awawat (@Awawat_Trades)
2025-04-13 16:26:32,238 - scraper - INFO - 添加交易员: PC ² (@PC_Larp)
2025-04-13 16:26:32,249 - scraper - INFO - 添加交易员: Cred (@CryptoCred)
2025-04-13 16:26:32,265 - scraper - INFO - 添加交易员: Reetika (@ReetikaTrades)
2025-04-13 16:26:32,275 - scraper - INFO - 添加交易员: 🐧 Pentoshi 🇨🇳 🇺🇦 🇪🇺🏳️‍🌈5x 💉boosted (@Pentosh1)
2025-04-13 16:26:32,284 - scraper - INFO - 添加交易员: DonAlt (@CryptoDonAlt)
2025-04-13 16:26:32,294 - scraper - INFO - 添加交易员: DeFi^2 (@DefiSquared)
2025-04-13 16:26:32,303 - scraper - INFO - 添加交易员: Chiefingza (@chiefingza)
2025-04-13 16:26:32,313 - scraper - INFO - 添加交易员: Pika (@pikachu_crypto)
2025-04-13 16:26:32,323 - scraper - INFO - 添加交易员: smartestmoney.hl (@smartestmoney_)
2025-04-13 16:26:32,332 - scraper - INFO - 添加交易员: Nachi (@alphawifhat)
2025-04-13 16:26:32,342 - scraper - INFO - 添加交易员: Joshua | MOZAIK 🇰🇷 (@JoshuaDeuk)
2025-04-13 16:26:32,352 - scraper - INFO - 添加交易员: 川沐｜Trumoo🐮 (@xiaomucrypto)
2025-04-13 16:26:32,362 - scraper - INFO - 添加交易员: Definalist (@definalist)
2025-04-13 16:26:32,372 - scraper - INFO - 添加交易员: salience (@saliencexbt)
2025-04-13 16:26:32,382 - scraper - INFO - 添加交易员: 憨巴龙王 (@dotyyds1234)
2025-04-13 16:26:32,392 - scraper - INFO - 添加交易员: 带带带比特 (@daidaibtc)
2025-04-13 16:26:32,402 - scraper - INFO - 添加交易员: sigma^2 (@SigmaSquared_)
2025-04-13 16:26:32,411 - scraper - INFO - 添加交易员: Game (@game_for_one)
2025-04-13 16:26:32,421 - scraper - INFO - 添加交易员: 0xSun (@0xSunNFT)
2025-04-13 16:26:32,431 - scraper - INFO - 添加交易员: Huma (@HumaCapital)
2025-04-13 16:26:32,431 - scraper - INFO - 点击交易员: Andrew Kang (@Rewkang)
2025-04-13 16:26:36,512 - scraper - INFO - 找到 80 个可能包含JSON数据的元素
2025-04-13 16:26:36,517 - scraper - INFO - 成功获取到 Andrew Kang 的 5 条最近24小时内的推文
2025-04-13 16:26:38,548 - scraper - INFO - 点击交易员: RunnerXBT (@RunnerXBT)
2025-04-13 16:26:42,626 - scraper - INFO - 找到 80 个可能包含JSON数据的元素
2025-04-13 16:26:42,628 - scraper - INFO - 成功获取到 RunnerXBT 的 5 条最近24小时内的推文
2025-04-13 16:26:44,654 - scraper - INFO - 点击交易员: art (@art_xbt)
2025-04-13 16:26:48,748 - scraper - INFO - 找到 80 个可能包含JSON数据的元素
2025-04-13 16:26:48,751 - scraper - INFO - 成功获取到 art 的 5 条最近24小时内的推文
2025-04-13 16:26:50,780 - scraper - INFO - 点击交易员: TheHorse (@trading__horse)
2025-04-13 16:26:54,877 - scraper - INFO - 找到 84 个可能包含JSON数据的元素
2025-04-13 16:26:54,880 - scraper - INFO - 成功获取到 TheHorse 的 5 条最近24小时内的推文
2025-04-13 16:26:56,910 - scraper - INFO - 点击交易员: HORSE 🏴‍☠️ (@TheFlowHorse)
2025-04-13 16:27:01,005 - scraper - INFO - 找到 80 个可能包含JSON数据的元素
2025-04-13 16:27:01,008 - scraper - INFO - 成功获取到 HORSE 🏴‍☠️ 的 5 条最近24小时内的推文
2025-04-13 16:27:03,037 - scraper - INFO - 点击交易员: Nacho Trades (@NachoTrades)
2025-04-13 16:27:07,121 - scraper - INFO - 找到 86 个可能包含JSON数据的元素
2025-04-13 16:27:07,124 - scraper - INFO - 成功获取到 Nacho Trades 的 5 条最近24小时内的推文
2025-04-13 16:27:09,155 - scraper - INFO - 点击交易员: Awawat (@Awawat_Trades)
2025-04-13 16:27:13,250 - scraper - INFO - 找到 80 个可能包含JSON数据的元素
2025-04-13 16:27:13,253 - scraper - INFO - 成功获取到 Awawat 的 5 条最近24小时内的推文
2025-04-13 16:27:15,282 - scraper - INFO - 点击交易员: PC ² (@PC_Larp)
2025-04-13 16:27:19,367 - scraper - INFO - 找到 80 个可能包含JSON数据的元素
2025-04-13 16:27:19,370 - scraper - INFO - 成功获取到 PC ² 的 5 条最近24小时内的推文
2025-04-13 16:27:21,399 - scraper - INFO - 点击交易员: Cred (@CryptoCred)
2025-04-13 16:27:25,503 - scraper - INFO - 找到 80 个可能包含JSON数据的元素
2025-04-13 16:27:25,505 - scraper - INFO - 成功获取到 Cred 的 5 条最近24小时内的推文
2025-04-13 16:27:27,533 - scraper - INFO - 点击交易员: Reetika (@ReetikaTrades)
2025-04-13 16:27:31,641 - scraper - INFO - 找到 82 个可能包含JSON数据的元素
2025-04-13 16:27:31,643 - scraper - INFO - 成功获取到 Reetika 的 5 条最近24小时内的推文
2025-04-13 16:27:33,670 - scraper - INFO - 点击交易员: 🐧 Pentoshi 🇨🇳 🇺🇦 🇪🇺🏳️‍🌈5x 💉boosted (@Pentosh1)
2025-04-13 16:27:37,766 - scraper - INFO - 找到 84 个可能包含JSON数据的元素
2025-04-13 16:27:37,769 - scraper - INFO - 成功获取到 🐧 Pentoshi 🇨🇳 🇺🇦 🇪🇺🏳️‍🌈5x 💉boosted 的 5 条最近24小时内的推文
2025-04-13 16:27:39,799 - scraper - INFO - 点击交易员: DonAlt (@CryptoDonAlt)
2025-04-13 16:27:43,885 - scraper - INFO - 找到 82 个可能包含JSON数据的元素
2025-04-13 16:27:43,888 - scraper - INFO - 成功获取到 DonAlt 的 5 条最近24小时内的推文
2025-04-13 16:27:45,917 - scraper - INFO - 点击交易员: DeFi^2 (@DefiSquared)
2025-04-13 16:27:49,991 - scraper - INFO - 找到 86 个可能包含JSON数据的元素
2025-04-13 16:27:49,993 - scraper - INFO - 成功获取到 DeFi^2 的 5 条最近24小时内的推文
2025-04-13 16:27:52,020 - scraper - INFO - 点击交易员: Chiefingza (@chiefingza)
2025-04-13 16:27:56,113 - scraper - INFO - 找到 80 个可能包含JSON数据的元素
2025-04-13 16:27:56,116 - scraper - INFO - 成功获取到 Chiefingza 的 5 条最近24小时内的推文
2025-04-13 16:27:58,146 - scraper - INFO - 点击交易员: Pika (@pikachu_crypto)
2025-04-13 16:28:02,232 - scraper - INFO - 找到 82 个可能包含JSON数据的元素
2025-04-13 16:28:02,235 - scraper - INFO - 成功获取到 Pika 的 5 条最近24小时内的推文
2025-04-13 16:28:04,264 - scraper - INFO - 点击交易员: smartestmoney.hl (@smartestmoney_)
2025-04-13 16:28:08,363 - scraper - INFO - 找到 86 个可能包含JSON数据的元素
2025-04-13 16:28:08,366 - scraper - INFO - 成功获取到 smartestmoney.hl 的 5 条最近24小时内的推文
2025-04-13 16:28:10,396 - scraper - INFO - 点击交易员: Nachi (@alphawifhat)
2025-04-13 16:28:14,510 - scraper - INFO - 找到 82 个可能包含JSON数据的元素
2025-04-13 16:28:14,513 - scraper - INFO - 成功获取到 Nachi 的 5 条最近24小时内的推文
2025-04-13 16:28:16,544 - scraper - INFO - 点击交易员: Joshua | MOZAIK 🇰🇷 (@JoshuaDeuk)
2025-04-13 16:28:20,634 - scraper - INFO - 找到 80 个可能包含JSON数据的元素
2025-04-13 16:28:20,637 - scraper - INFO - 成功获取到 Joshua | MOZAIK 🇰🇷 的 5 条最近24小时内的推文
2025-04-13 16:28:22,668 - scraper - INFO - 点击交易员: 川沐｜Trumoo🐮 (@xiaomucrypto)
2025-04-13 16:28:26,727 - scraper - INFO - 找到 86 个可能包含JSON数据的元素
2025-04-13 16:28:26,730 - scraper - INFO - 成功获取到 川沐｜Trumoo🐮 的 5 条最近24小时内的推文
2025-04-13 16:28:28,757 - scraper - INFO - 点击交易员: Definalist (@definalist)
2025-04-13 16:28:32,852 - scraper - INFO - 找到 89 个可能包含JSON数据的元素
2025-04-13 16:28:32,855 - scraper - INFO - 成功获取到 Definalist 的 5 条最近24小时内的推文
2025-04-13 16:28:34,913 - scraper - INFO - 点击交易员: salience (@saliencexbt)
2025-04-13 16:28:38,985 - scraper - INFO - 找到 80 个可能包含JSON数据的元素
2025-04-13 16:28:38,987 - scraper - INFO - 成功获取到 salience 的 5 条最近24小时内的推文
2025-04-13 16:28:41,008 - scraper - INFO - 点击交易员: 憨巴龙王 (@dotyyds1234)
2025-04-13 16:28:45,076 - scraper - INFO - 找到 80 个可能包含JSON数据的元素
2025-04-13 16:28:45,078 - scraper - INFO - 成功获取到 憨巴龙王 的 5 条最近24小时内的推文
2025-04-13 16:28:47,107 - scraper - INFO - 点击交易员: 带带带比特 (@daidaibtc)
2025-04-13 16:28:51,178 - scraper - INFO - 找到 84 个可能包含JSON数据的元素
2025-04-13 16:28:51,181 - scraper - INFO - 成功获取到 带带带比特 的 5 条最近24小时内的推文
2025-04-13 16:28:53,208 - scraper - INFO - 点击交易员: sigma^2 (@SigmaSquared_)
2025-04-13 16:28:57,269 - scraper - INFO - 找到 82 个可能包含JSON数据的元素
2025-04-13 16:28:57,271 - scraper - INFO - 成功获取到 sigma^2 的 5 条最近24小时内的推文
2025-04-13 16:28:59,300 - scraper - INFO - 点击交易员: Game (@game_for_one)
2025-04-13 16:29:03,381 - scraper - INFO - 找到 82 个可能包含JSON数据的元素
2025-04-13 16:29:03,383 - scraper - INFO - 成功获取到 Game 的 5 条最近24小时内的推文
2025-04-13 16:29:05,409 - scraper - INFO - 点击交易员: 0xSun (@0xSunNFT)
2025-04-13 16:29:09,524 - scraper - INFO - 找到 86 个可能包含JSON数据的元素
2025-04-13 16:29:09,527 - scraper - INFO - 成功获取到 0xSun 的 5 条最近24小时内的推文
2025-04-13 16:29:11,553 - scraper - INFO - 点击交易员: Huma (@HumaCapital)
2025-04-13 16:29:15,641 - scraper - INFO - 找到 82 个可能包含JSON数据的元素
2025-04-13 16:29:15,643 - scraper - INFO - 成功获取到 Huma 的 5 条最近24小时内的推文
2025-04-13 16:29:17,780 - scraper - INFO - 已爬取 135 条推文并保存到 extracted_tweets.json
2025-04-13 16:29:17,780 - ai_processor - INFO - 处理来自 X-GPT 的数据
2025-04-13 16:30:26,995 - database - INFO - 保存数据成功: X-GPT
2025-04-13 16:30:26,996 - httpx - INFO - HTTP Request: POST https://api.telegram.org/bot8155323856:AAH8JAorNJyZtWbJhJtROY-qfUiiT2uwaXg/getUpdates "HTTP/1.1 200 OK"
2025-04-13 16:30:27,957 - httpx - INFO - HTTP Request: POST https://api.telegram.org/bot8155323856:AAH8JAorNJyZtWbJhJtROY-qfUiiT2uwaXg/getUpdates "HTTP/1.1 200 OK"
2025-04-13 16:30:28,123 - httpx - INFO - HTTP Request: POST https://api.telegram.org/bot8155323856:AAH8JAorNJyZtWbJhJtROY-qfUiiT2uwaXg/sendMessage "HTTP/1.1 200 OK"
2025-04-13 16:30:28,643 - httpx - INFO - HTTP Request: POST https://api.telegram.org/bot8155323856:AAH8JAorNJyZtWbJhJtROY-qfUiiT2uwaXg/sendMessage "HTTP/1.1 200 OK"
2025-04-13 16:30:29,628 - httpx - INFO - HTTP Request: POST https://api.telegram.org/bot8155323856:AAH8JAorNJyZtWbJhJtROY-qfUiiT2uwaXg/sendMessage "HTTP/1.1 200 OK"
2025-04-13 16:30:29,629 - scraper - INFO - 开始爬取: https://x-gpt.bwequation.com/
2025-04-13 16:30:31,677 - scraper - INFO - 等待页面内容加载...
2025-04-13 16:30:37,196 - scraper - INFO - 找到 27 个交易员
2025-04-13 16:30:37,220 - scraper - INFO - 添加交易员: Andrew Kang (@Rewkang)
2025-04-13 16:30:37,231 - scraper - INFO - 添加交易员: RunnerXBT (@RunnerXBT)
2025-04-13 16:30:37,241 - scraper - INFO - 添加交易员: art (@art_xbt)
2025-04-13 16:30:37,252 - scraper - INFO - 添加交易员: TheHorse (@trading__horse)
2025-04-13 16:30:37,262 - scraper - INFO - 添加交易员: HORSE 🏴‍☠️ (@TheFlowHorse)
2025-04-13 16:30:37,283 - scraper - INFO - 添加交易员: Nacho Trades (@NachoTrades)
2025-04-13 16:30:37,301 - scraper - INFO - 添加交易员: Awawat (@Awawat_Trades)
2025-04-13 16:30:37,314 - scraper - INFO - 添加交易员: PC ² (@PC_Larp)
2025-04-13 16:30:37,325 - scraper - INFO - 添加交易员: Cred (@CryptoCred)
2025-04-13 16:30:37,341 - scraper - INFO - 添加交易员: Reetika (@ReetikaTrades)
2025-04-13 16:30:37,352 - scraper - INFO - 添加交易员: 🐧 Pentoshi 🇨🇳 🇺🇦 🇪🇺🏳️‍🌈5x 💉boosted (@Pentosh1)
2025-04-13 16:30:37,361 - scraper - INFO - 添加交易员: DonAlt (@CryptoDonAlt)
2025-04-13 16:30:37,371 - scraper - INFO - 添加交易员: DeFi^2 (@DefiSquared)
2025-04-13 16:30:37,381 - scraper - INFO - 添加交易员: Chiefingza (@chiefingza)
2025-04-13 16:30:37,391 - scraper - INFO - 添加交易员: Pika (@pikachu_crypto)
2025-04-13 16:30:37,401 - scraper - INFO - 添加交易员: smartestmoney.hl (@smartestmoney_)
2025-04-13 16:30:37,411 - scraper - INFO - 添加交易员: Nachi (@alphawifhat)
2025-04-13 16:30:37,421 - scraper - INFO - 添加交易员: Joshua | MOZAIK 🇰🇷 (@JoshuaDeuk)
2025-04-13 16:30:37,431 - scraper - INFO - 添加交易员: 川沐｜Trumoo🐮 (@xiaomucrypto)
2025-04-13 16:30:37,441 - scraper - INFO - 添加交易员: Definalist (@definalist)
2025-04-13 16:30:37,451 - scraper - INFO - 添加交易员: salience (@saliencexbt)
2025-04-13 16:30:37,461 - scraper - INFO - 添加交易员: 憨巴龙王 (@dotyyds1234)
2025-04-13 16:30:37,473 - scraper - INFO - 添加交易员: 带带带比特 (@daidaibtc)
2025-04-13 16:30:37,483 - scraper - INFO - 添加交易员: sigma^2 (@SigmaSquared_)
2025-04-13 16:30:37,493 - scraper - INFO - 添加交易员: Game (@game_for_one)
2025-04-13 16:30:37,503 - scraper - INFO - 添加交易员: 0xSun (@0xSunNFT)
2025-04-13 16:30:37,512 - scraper - INFO - 添加交易员: Huma (@HumaCapital)
2025-04-13 16:30:37,512 - scraper - INFO - 点击交易员: Andrew Kang (@Rewkang)
2025-04-13 16:30:41,621 - scraper - INFO - 找到 80 个可能包含JSON数据的元素
2025-04-13 16:30:41,624 - scraper - INFO - 成功获取到 Andrew Kang 的 5 条最近24小时内的推文
2025-04-13 16:30:43,663 - scraper - INFO - 点击交易员: RunnerXBT (@RunnerXBT)
2025-04-13 16:30:47,756 - scraper - INFO - 找到 80 个可能包含JSON数据的元素
2025-04-13 16:30:47,758 - scraper - INFO - 成功获取到 RunnerXBT 的 5 条最近24小时内的推文
2025-04-13 16:30:49,784 - scraper - INFO - 点击交易员: art (@art_xbt)
2025-04-13 16:30:53,878 - scraper - INFO - 找到 80 个可能包含JSON数据的元素
2025-04-13 16:30:53,881 - scraper - INFO - 成功获取到 art 的 5 条最近24小时内的推文
2025-04-13 16:30:55,910 - scraper - INFO - 点击交易员: TheHorse (@trading__horse)
2025-04-13 16:31:00,007 - scraper - INFO - 找到 84 个可能包含JSON数据的元素
2025-04-13 16:31:00,011 - scraper - INFO - 成功获取到 TheHorse 的 5 条最近24小时内的推文
2025-04-13 16:31:02,040 - scraper - INFO - 点击交易员: HORSE 🏴‍☠️ (@TheFlowHorse)
2025-04-13 16:31:06,163 - scraper - INFO - 找到 80 个可能包含JSON数据的元素
2025-04-13 16:31:06,165 - scraper - INFO - 成功获取到 HORSE 🏴‍☠️ 的 5 条最近24小时内的推文
2025-04-13 16:31:08,192 - scraper - INFO - 点击交易员: Nacho Trades (@NachoTrades)
2025-04-13 16:31:08,194 - urllib3.connectionpool - WARNING - Retrying (Retry(total=2, connect=None, read=None, redirect=None, status=None)) after connection broken by 'NewConnectionError('<urllib3.connection.HTTPConnection object at 0x109424400>: Failed to establish a new connection: [Errno 61] Connection refused')': /session/e447086cb8064936e891efbc6fc97002/execute/sync
2025-04-13 16:31:08,194 - urllib3.connectionpool - WARNING - Retrying (Retry(total=1, connect=None, read=None, redirect=None, status=None)) after connection broken by 'NewConnectionError('<urllib3.connection.HTTPConnection object at 0x10977e890>: Failed to establish a new connection: [Errno 61] Connection refused')': /session/e447086cb8064936e891efbc6fc97002/execute/sync
2025-04-13 16:31:08,195 - urllib3.connectionpool - WARNING - Retrying (Retry(total=0, connect=None, read=None, redirect=None, status=None)) after connection broken by 'NewConnectionError('<urllib3.connection.HTTPConnection object at 0x10977e980>: Failed to establish a new connection: [Errno 61] Connection refused')': /session/e447086cb8064936e891efbc6fc97002/execute/sync
2025-04-13 16:31:08,195 - scraper - ERROR - 滚动到元素位置失败: HTTPConnectionPool(host='localhost', port=57373): Max retries exceeded with url: /session/e447086cb8064936e891efbc6fc97002/execute/sync (Caused by NewConnectionError('<urllib3.connection.HTTPConnection object at 0x10977edd0>: Failed to establish a new connection: [Errno 61] Connection refused'))
2025-04-13 16:31:08,196 - urllib3.connectionpool - WARNING - Retrying (Retry(total=2, connect=None, read=None, redirect=None, status=None)) after connection broken by 'NewConnectionError('<urllib3.connection.HTTPConnection object at 0x10977f1c0>: Failed to establish a new connection: [Errno 61] Connection refused')': /session/e447086cb8064936e891efbc6fc97002/element/f.8AB8F940D06DE66B56584AFA1177C167.d.29E140F035C780B34F4E50C79AE03E8D.e.63/click
2025-04-13 16:31:08,196 - urllib3.connectionpool - WARNING - Retrying (Retry(total=1, connect=None, read=None, redirect=None, status=None)) after connection broken by 'NewConnectionError('<urllib3.connection.HTTPConnection object at 0x10977ebf0>: Failed to establish a new connection: [Errno 61] Connection refused')': /session/e447086cb8064936e891efbc6fc97002/element/f.8AB8F940D06DE66B56584AFA1177C167.d.29E140F035C780B34F4E50C79AE03E8D.e.63/click
2025-04-13 16:31:08,197 - urllib3.connectionpool - WARNING - Retrying (Retry(total=0, connect=None, read=None, redirect=None, status=None)) after connection broken by 'NewConnectionError('<urllib3.connection.HTTPConnection object at 0x10977c8b0>: Failed to establish a new connection: [Errno 61] Connection refused')': /session/e447086cb8064936e891efbc6fc97002/element/f.8AB8F940D06DE66B56584AFA1177C167.d.29E140F035C780B34F4E50C79AE03E8D.e.63/click
2025-04-13 16:31:08,197 - scraper - ERROR - 爬取交易员 Nacho Trades 的推文失败: HTTPConnectionPool(host='localhost', port=57373): Max retries exceeded with url: /session/e447086cb8064936e891efbc6fc97002/element/f.8AB8F940D06DE66B56584AFA1177C167.d.29E140F035C780B34F4E50C79AE03E8D.e.63/click (Caused by NewConnectionError('<urllib3.connection.HTTPConnection object at 0x10977f730>: Failed to establish a new connection: [Errno 61] Connection refused'))
2025-04-13 16:31:08,197 - scraper - INFO - 点击交易员: Awawat (@Awawat_Trades)
2025-04-13 16:31:08,198 - urllib3.connectionpool - WARNING - Retrying (Retry(total=2, connect=None, read=None, redirect=None, status=None)) after connection broken by 'NewConnectionError('<urllib3.connection.HTTPConnection object at 0x10977f4c0>: Failed to establish a new connection: [Errno 61] Connection refused')': /session/e447086cb8064936e891efbc6fc97002/execute/sync
2025-04-13 16:31:08,198 - urllib3.connectionpool - WARNING - Retrying (Retry(total=1, connect=None, read=None, redirect=None, status=None)) after connection broken by 'NewConnectionError('<urllib3.connection.HTTPConnection object at 0x10977f490>: Failed to establish a new connection: [Errno 61] Connection refused')': /session/e447086cb8064936e891efbc6fc97002/execute/sync
2025-04-13 16:31:08,199 - urllib3.connectionpool - WARNING - Retrying (Retry(total=0, connect=None, read=None, redirect=None, status=None)) after connection broken by 'NewConnectionError('<urllib3.connection.HTTPConnection object at 0x10977fd60>: Failed to establish a new connection: [Errno 61] Connection refused')': /session/e447086cb8064936e891efbc6fc97002/execute/sync
2025-04-13 16:31:08,199 - scraper - ERROR - 滚动到元素位置失败: HTTPConnectionPool(host='localhost', port=57373): Max retries exceeded with url: /session/e447086cb8064936e891efbc6fc97002/execute/sync (Caused by NewConnectionError('<urllib3.connection.HTTPConnection object at 0x109a2df00>: Failed to establish a new connection: [Errno 61] Connection refused'))
2025-04-13 16:31:08,200 - urllib3.connectionpool - WARNING - Retrying (Retry(total=2, connect=None, read=None, redirect=None, status=None)) after connection broken by 'NewConnectionError('<urllib3.connection.HTTPConnection object at 0x109a2c040>: Failed to establish a new connection: [Errno 61] Connection refused')': /session/e447086cb8064936e891efbc6fc97002/element/f.8AB8F940D06DE66B56584AFA1177C167.d.29E140F035C780B34F4E50C79AE03E8D.e.64/click
2025-04-13 16:31:08,200 - urllib3.connectionpool - WARNING - Retrying (Retry(total=1, connect=None, read=None, redirect=None, status=None)) after connection broken by 'NewConnectionError('<urllib3.connection.HTTPConnection object at 0x109a2c670>: Failed to establish a new connection: [Errno 61] Connection refused')': /session/e447086cb8064936e891efbc6fc97002/element/f.8AB8F940D06DE66B56584AFA1177C167.d.29E140F035C780B34F4E50C79AE03E8D.e.64/click
2025-04-13 16:31:08,201 - urllib3.connectionpool - WARNING - Retrying (Retry(total=0, connect=None, read=None, redirect=None, status=None)) after connection broken by 'NewConnectionError('<urllib3.connection.HTTPConnection object at 0x109137700>: Failed to establish a new connection: [Errno 61] Connection refused')': /session/e447086cb8064936e891efbc6fc97002/element/f.8AB8F940D06DE66B56584AFA1177C167.d.29E140F035C780B34F4E50C79AE03E8D.e.64/click
2025-04-13 16:31:08,201 - scraper - ERROR - 爬取交易员 Awawat 的推文失败: HTTPConnectionPool(host='localhost', port=57373): Max retries exceeded with url: /session/e447086cb8064936e891efbc6fc97002/element/f.8AB8F940D06DE66B56584AFA1177C167.d.29E140F035C780B34F4E50C79AE03E8D.e.64/click (Caused by NewConnectionError('<urllib3.connection.HTTPConnection object at 0x109135a20>: Failed to establish a new connection: [Errno 61] Connection refused'))
2025-04-13 16:31:08,201 - scraper - INFO - 点击交易员: PC ² (@PC_Larp)
2025-04-13 16:31:08,202 - urllib3.connectionpool - WARNING - Retrying (Retry(total=2, connect=None, read=None, redirect=None, status=None)) after connection broken by 'NewConnectionError('<urllib3.connection.HTTPConnection object at 0x109135f00>: Failed to establish a new connection: [Errno 61] Connection refused')': /session/e447086cb8064936e891efbc6fc97002/execute/sync
2025-04-13 16:31:08,202 - urllib3.connectionpool - WARNING - Retrying (Retry(total=1, connect=None, read=None, redirect=None, status=None)) after connection broken by 'NewConnectionError('<urllib3.connection.HTTPConnection object at 0x109a2dea0>: Failed to establish a new connection: [Errno 61] Connection refused')': /session/e447086cb8064936e891efbc6fc97002/execute/sync
2025-04-13 16:31:08,203 - urllib3.connectionpool - WARNING - Retrying (Retry(total=0, connect=None, read=None, redirect=None, status=None)) after connection broken by 'NewConnectionError('<urllib3.connection.HTTPConnection object at 0x109a2c370>: Failed to establish a new connection: [Errno 61] Connection refused')': /session/e447086cb8064936e891efbc6fc97002/execute/sync
2025-04-13 16:31:08,203 - scraper - ERROR - 滚动到元素位置失败: HTTPConnectionPool(host='localhost', port=57373): Max retries exceeded with url: /session/e447086cb8064936e891efbc6fc97002/execute/sync (Caused by NewConnectionError('<urllib3.connection.HTTPConnection object at 0x109a2c1c0>: Failed to establish a new connection: [Errno 61] Connection refused'))
2025-04-13 16:31:08,203 - urllib3.connectionpool - WARNING - Retrying (Retry(total=2, connect=None, read=None, redirect=None, status=None)) after connection broken by 'NewConnectionError('<urllib3.connection.HTTPConnection object at 0x10977fe80>: Failed to establish a new connection: [Errno 61] Connection refused')': /session/e447086cb8064936e891efbc6fc97002/element/f.8AB8F940D06DE66B56584AFA1177C167.d.29E140F035C780B34F4E50C79AE03E8D.e.65/click
2025-04-13 16:31:08,204 - urllib3.connectionpool - WARNING - Retrying (Retry(total=1, connect=None, read=None, redirect=None, status=None)) after connection broken by 'NewConnectionError('<urllib3.connection.HTTPConnection object at 0x10977fd00>: Failed to establish a new connection: [Errno 61] Connection refused')': /session/e447086cb8064936e891efbc6fc97002/element/f.8AB8F940D06DE66B56584AFA1177C167.d.29E140F035C780B34F4E50C79AE03E8D.e.65/click
2025-04-13 16:31:08,204 - urllib3.connectionpool - WARNING - Retrying (Retry(total=0, connect=None, read=None, redirect=None, status=None)) after connection broken by 'NewConnectionError('<urllib3.connection.HTTPConnection object at 0x10977fa90>: Failed to establish a new connection: [Errno 61] Connection refused')': /session/e447086cb8064936e891efbc6fc97002/element/f.8AB8F940D06DE66B56584AFA1177C167.d.29E140F035C780B34F4E50C79AE03E8D.e.65/click
2025-04-13 16:31:08,205 - scraper - ERROR - 爬取交易员 PC ² 的推文失败: HTTPConnectionPool(host='localhost', port=57373): Max retries exceeded with url: /session/e447086cb8064936e891efbc6fc97002/element/f.8AB8F940D06DE66B56584AFA1177C167.d.29E140F035C780B34F4E50C79AE03E8D.e.65/click (Caused by NewConnectionError('<urllib3.connection.HTTPConnection object at 0x10977f2e0>: Failed to establish a new connection: [Errno 61] Connection refused'))
2025-04-13 16:31:08,205 - scraper - INFO - 点击交易员: Cred (@CryptoCred)
2025-04-13 16:31:08,205 - urllib3.connectionpool - WARNING - Retrying (Retry(total=2, connect=None, read=None, redirect=None, status=None)) after connection broken by 'NewConnectionError('<urllib3.connection.HTTPConnection object at 0x10977f610>: Failed to establish a new connection: [Errno 61] Connection refused')': /session/e447086cb8064936e891efbc6fc97002/execute/sync
2025-04-13 16:31:08,206 - urllib3.connectionpool - WARNING - Retrying (Retry(total=1, connect=None, read=None, redirect=None, status=None)) after connection broken by 'NewConnectionError('<urllib3.connection.HTTPConnection object at 0x10977ec20>: Failed to establish a new connection: [Errno 61] Connection refused')': /session/e447086cb8064936e891efbc6fc97002/execute/sync
2025-04-13 16:31:08,206 - urllib3.connectionpool - WARNING - Retrying (Retry(total=0, connect=None, read=None, redirect=None, status=None)) after connection broken by 'NewConnectionError('<urllib3.connection.HTTPConnection object at 0x109137790>: Failed to establish a new connection: [Errno 61] Connection refused')': /session/e447086cb8064936e891efbc6fc97002/execute/sync
2025-04-13 16:31:08,207 - scraper - ERROR - 滚动到元素位置失败: HTTPConnectionPool(host='localhost', port=57373): Max retries exceeded with url: /session/e447086cb8064936e891efbc6fc97002/execute/sync (Caused by NewConnectionError('<urllib3.connection.HTTPConnection object at 0x1091359c0>: Failed to establish a new connection: [Errno 61] Connection refused'))
2025-04-13 16:31:08,207 - urllib3.connectionpool - WARNING - Retrying (Retry(total=2, connect=None, read=None, redirect=None, status=None)) after connection broken by 'NewConnectionError('<urllib3.connection.HTTPConnection object at 0x1091363e0>: Failed to establish a new connection: [Errno 61] Connection refused')': /session/e447086cb8064936e891efbc6fc97002/element/f.8AB8F940D06DE66B56584AFA1177C167.d.29E140F035C780B34F4E50C79AE03E8D.e.66/click
2025-04-13 16:31:08,208 - urllib3.connectionpool - WARNING - Retrying (Retry(total=1, connect=None, read=None, redirect=None, status=None)) after connection broken by 'NewConnectionError('<urllib3.connection.HTTPConnection object at 0x1091364d0>: Failed to establish a new connection: [Errno 61] Connection refused')': /session/e447086cb8064936e891efbc6fc97002/element/f.8AB8F940D06DE66B56584AFA1177C167.d.29E140F035C780B34F4E50C79AE03E8D.e.66/click
2025-04-13 16:31:08,208 - urllib3.connectionpool - WARNING - Retrying (Retry(total=0, connect=None, read=None, redirect=None, status=None)) after connection broken by 'NewConnectionError('<urllib3.connection.HTTPConnection object at 0x1091366e0>: Failed to establish a new connection: [Errno 61] Connection refused')': /session/e447086cb8064936e891efbc6fc97002/element/f.8AB8F940D06DE66B56584AFA1177C167.d.29E140F035C780B34F4E50C79AE03E8D.e.66/click
2025-04-13 16:31:08,208 - scraper - ERROR - 爬取交易员 Cred 的推文失败: HTTPConnectionPool(host='localhost', port=57373): Max retries exceeded with url: /session/e447086cb8064936e891efbc6fc97002/element/f.8AB8F940D06DE66B56584AFA1177C167.d.29E140F035C780B34F4E50C79AE03E8D.e.66/click (Caused by NewConnectionError('<urllib3.connection.HTTPConnection object at 0x1091368c0>: Failed to establish a new connection: [Errno 61] Connection refused'))
2025-04-13 16:31:08,208 - scraper - INFO - 点击交易员: Reetika (@ReetikaTrades)
2025-04-13 16:31:08,209 - urllib3.connectionpool - WARNING - Retrying (Retry(total=2, connect=None, read=None, redirect=None, status=None)) after connection broken by 'NewConnectionError('<urllib3.connection.HTTPConnection object at 0x109136aa0>: Failed to establish a new connection: [Errno 61] Connection refused')': /session/e447086cb8064936e891efbc6fc97002/execute/sync
2025-04-13 16:31:08,209 - urllib3.connectionpool - WARNING - Retrying (Retry(total=1, connect=None, read=None, redirect=None, status=None)) after connection broken by 'NewConnectionError('<urllib3.connection.HTTPConnection object at 0x10977f370>: Failed to establish a new connection: [Errno 61] Connection refused')': /session/e447086cb8064936e891efbc6fc97002/execute/sync
2025-04-13 16:31:08,210 - urllib3.connectionpool - WARNING - Retrying (Retry(total=0, connect=None, read=None, redirect=None, status=None)) after connection broken by 'NewConnectionError('<urllib3.connection.HTTPConnection object at 0x10977c8b0>: Failed to establish a new connection: [Errno 61] Connection refused')': /session/e447086cb8064936e891efbc6fc97002/execute/sync
2025-04-13 16:31:08,210 - scraper - ERROR - 滚动到元素位置失败: HTTPConnectionPool(host='localhost', port=57373): Max retries exceeded with url: /session/e447086cb8064936e891efbc6fc97002/execute/sync (Caused by NewConnectionError('<urllib3.connection.HTTPConnection object at 0x10977fac0>: Failed to establish a new connection: [Errno 61] Connection refused'))
2025-04-13 16:31:08,211 - urllib3.connectionpool - WARNING - Retrying (Retry(total=2, connect=None, read=None, redirect=None, status=None)) after connection broken by 'NewConnectionError('<urllib3.connection.HTTPConnection object at 0x10977f310>: Failed to establish a new connection: [Errno 61] Connection refused')': /session/e447086cb8064936e891efbc6fc97002/element/f.8AB8F940D06DE66B56584AFA1177C167.d.29E140F035C780B34F4E50C79AE03E8D.e.67/click
2025-04-13 16:31:08,211 - urllib3.connectionpool - WARNING - Retrying (Retry(total=1, connect=None, read=None, redirect=None, status=None)) after connection broken by 'NewConnectionError('<urllib3.connection.HTTPConnection object at 0x10977fb50>: Failed to establish a new connection: [Errno 61] Connection refused')': /session/e447086cb8064936e891efbc6fc97002/element/f.8AB8F940D06DE66B56584AFA1177C167.d.29E140F035C780B34F4E50C79AE03E8D.e.67/click
2025-04-13 16:31:08,211 - urllib3.connectionpool - WARNING - Retrying (Retry(total=0, connect=None, read=None, redirect=None, status=None)) after connection broken by 'NewConnectionError('<urllib3.connection.HTTPConnection object at 0x10977fc10>: Failed to establish a new connection: [Errno 61] Connection refused')': /session/e447086cb8064936e891efbc6fc97002/element/f.8AB8F940D06DE66B56584AFA1177C167.d.29E140F035C780B34F4E50C79AE03E8D.e.67/click
2025-04-13 16:31:08,212 - scraper - ERROR - 爬取交易员 Reetika 的推文失败: HTTPConnectionPool(host='localhost', port=57373): Max retries exceeded with url: /session/e447086cb8064936e891efbc6fc97002/element/f.8AB8F940D06DE66B56584AFA1177C167.d.29E140F035C780B34F4E50C79AE03E8D.e.67/click (Caused by NewConnectionError('<urllib3.connection.HTTPConnection object at 0x109a2c730>: Failed to establish a new connection: [Errno 61] Connection refused'))
2025-04-13 16:31:08,212 - scraper - INFO - 点击交易员: 🐧 Pentoshi 🇨🇳 🇺🇦 🇪🇺🏳️‍🌈5x 💉boosted (@Pentosh1)
2025-04-13 16:31:08,212 - urllib3.connectionpool - WARNING - Retrying (Retry(total=2, connect=None, read=None, redirect=None, status=None)) after connection broken by 'NewConnectionError('<urllib3.connection.HTTPConnection object at 0x109a2c370>: Failed to establish a new connection: [Errno 61] Connection refused')': /session/e447086cb8064936e891efbc6fc97002/execute/sync
2025-04-13 16:31:08,213 - urllib3.connectionpool - WARNING - Retrying (Retry(total=1, connect=None, read=None, redirect=None, status=None)) after connection broken by 'NewConnectionError('<urllib3.connection.HTTPConnection object at 0x109a2c610>: Failed to establish a new connection: [Errno 61] Connection refused')': /session/e447086cb8064936e891efbc6fc97002/execute/sync
2025-04-13 16:31:08,213 - urllib3.connectionpool - WARNING - Retrying (Retry(total=0, connect=None, read=None, redirect=None, status=None)) after connection broken by 'NewConnectionError('<urllib3.connection.HTTPConnection object at 0x1091366b0>: Failed to establish a new connection: [Errno 61] Connection refused')': /session/e447086cb8064936e891efbc6fc97002/execute/sync
2025-04-13 16:31:08,214 - scraper - ERROR - 滚动到元素位置失败: HTTPConnectionPool(host='localhost', port=57373): Max retries exceeded with url: /session/e447086cb8064936e891efbc6fc97002/execute/sync (Caused by NewConnectionError('<urllib3.connection.HTTPConnection object at 0x109136980>: Failed to establish a new connection: [Errno 61] Connection refused'))
2025-04-13 16:31:08,214 - urllib3.connectionpool - WARNING - Retrying (Retry(total=2, connect=None, read=None, redirect=None, status=None)) after connection broken by 'NewConnectionError('<urllib3.connection.HTTPConnection object at 0x1091363b0>: Failed to establish a new connection: [Errno 61] Connection refused')': /session/e447086cb8064936e891efbc6fc97002/element/f.8AB8F940D06DE66B56584AFA1177C167.d.29E140F035C780B34F4E50C79AE03E8D.e.68/click
2025-04-13 16:31:08,214 - urllib3.connectionpool - WARNING - Retrying (Retry(total=1, connect=None, read=None, redirect=None, status=None)) after connection broken by 'NewConnectionError('<urllib3.connection.HTTPConnection object at 0x109136170>: Failed to establish a new connection: [Errno 61] Connection refused')': /session/e447086cb8064936e891efbc6fc97002/element/f.8AB8F940D06DE66B56584AFA1177C167.d.29E140F035C780B34F4E50C79AE03E8D.e.68/click
2025-04-13 16:31:08,215 - urllib3.connectionpool - WARNING - Retrying (Retry(total=0, connect=None, read=None, redirect=None, status=None)) after connection broken by 'NewConnectionError('<urllib3.connection.HTTPConnection object at 0x109135cf0>: Failed to establish a new connection: [Errno 61] Connection refused')': /session/e447086cb8064936e891efbc6fc97002/element/f.8AB8F940D06DE66B56584AFA1177C167.d.29E140F035C780B34F4E50C79AE03E8D.e.68/click
2025-04-13 16:31:08,215 - scraper - ERROR - 爬取交易员 🐧 Pentoshi 🇨🇳 🇺🇦 🇪🇺🏳️‍🌈5x 💉boosted 的推文失败: HTTPConnectionPool(host='localhost', port=57373): Max retries exceeded with url: /session/e447086cb8064936e891efbc6fc97002/element/f.8AB8F940D06DE66B56584AFA1177C167.d.29E140F035C780B34F4E50C79AE03E8D.e.68/click (Caused by NewConnectionError('<urllib3.connection.HTTPConnection object at 0x109135b10>: Failed to establish a new connection: [Errno 61] Connection refused'))
2025-04-13 16:31:08,215 - scraper - INFO - 点击交易员: DonAlt (@CryptoDonAlt)
2025-04-13 16:31:08,216 - urllib3.connectionpool - WARNING - Retrying (Retry(total=2, connect=None, read=None, redirect=None, status=None)) after connection broken by 'NewConnectionError('<urllib3.connection.HTTPConnection object at 0x109136e00>: Failed to establish a new connection: [Errno 61] Connection refused')': /session/e447086cb8064936e891efbc6fc97002/execute/sync
2025-04-13 16:31:08,216 - urllib3.connectionpool - WARNING - Retrying (Retry(total=1, connect=None, read=None, redirect=None, status=None)) after connection broken by 'NewConnectionError('<urllib3.connection.HTTPConnection object at 0x1091370d0>: Failed to establish a new connection: [Errno 61] Connection refused')': /session/e447086cb8064936e891efbc6fc97002/execute/sync
2025-04-13 16:31:08,217 - urllib3.connectionpool - WARNING - Retrying (Retry(total=0, connect=None, read=None, redirect=None, status=None)) after connection broken by 'NewConnectionError('<urllib3.connection.HTTPConnection object at 0x109a2c460>: Failed to establish a new connection: [Errno 61] Connection refused')': /session/e447086cb8064936e891efbc6fc97002/execute/sync
2025-04-13 16:31:08,217 - scraper - ERROR - 滚动到元素位置失败: HTTPConnectionPool(host='localhost', port=57373): Max retries exceeded with url: /session/e447086cb8064936e891efbc6fc97002/execute/sync (Caused by NewConnectionError('<urllib3.connection.HTTPConnection object at 0x109a2c250>: Failed to establish a new connection: [Errno 61] Connection refused'))
2025-04-13 16:31:08,217 - urllib3.connectionpool - WARNING - Retrying (Retry(total=2, connect=None, read=None, redirect=None, status=None)) after connection broken by 'NewConnectionError('<urllib3.connection.HTTPConnection object at 0x10977f3d0>: Failed to establish a new connection: [Errno 61] Connection refused')': /session/e447086cb8064936e891efbc6fc97002/element/f.8AB8F940D06DE66B56584AFA1177C167.d.29E140F035C780B34F4E50C79AE03E8D.e.69/click
2025-04-13 16:31:08,218 - urllib3.connectionpool - WARNING - Retrying (Retry(total=1, connect=None, read=None, redirect=None, status=None)) after connection broken by 'NewConnectionError('<urllib3.connection.HTTPConnection object at 0x10977fc10>: Failed to establish a new connection: [Errno 61] Connection refused')': /session/e447086cb8064936e891efbc6fc97002/element/f.8AB8F940D06DE66B56584AFA1177C167.d.29E140F035C780B34F4E50C79AE03E8D.e.69/click
2025-04-13 16:31:08,218 - urllib3.connectionpool - WARNING - Retrying (Retry(total=0, connect=None, read=None, redirect=None, status=None)) after connection broken by 'NewConnectionError('<urllib3.connection.HTTPConnection object at 0x10977fd00>: Failed to establish a new connection: [Errno 61] Connection refused')': /session/e447086cb8064936e891efbc6fc97002/element/f.8AB8F940D06DE66B56584AFA1177C167.d.29E140F035C780B34F4E50C79AE03E8D.e.69/click
2025-04-13 16:31:08,219 - scraper - ERROR - 爬取交易员 DonAlt 的推文失败: HTTPConnectionPool(host='localhost', port=57373): Max retries exceeded with url: /session/e447086cb8064936e891efbc6fc97002/element/f.8AB8F940D06DE66B56584AFA1177C167.d.29E140F035C780B34F4E50C79AE03E8D.e.69/click (Caused by NewConnectionError('<urllib3.connection.HTTPConnection object at 0x10977f430>: Failed to establish a new connection: [Errno 61] Connection refused'))
2025-04-13 16:31:08,219 - scraper - INFO - 点击交易员: DeFi^2 (@DefiSquared)
2025-04-13 16:31:08,219 - urllib3.connectionpool - WARNING - Retrying (Retry(total=2, connect=None, read=None, redirect=None, status=None)) after connection broken by 'NewConnectionError('<urllib3.connection.HTTPConnection object at 0x10977cfd0>: Failed to establish a new connection: [Errno 61] Connection refused')': /session/e447086cb8064936e891efbc6fc97002/execute/sync
2025-04-13 16:31:08,219 - urllib3.connectionpool - WARNING - Retrying (Retry(total=1, connect=None, read=None, redirect=None, status=None)) after connection broken by 'NewConnectionError('<urllib3.connection.HTTPConnection object at 0x10977f700>: Failed to establish a new connection: [Errno 61] Connection refused')': /session/e447086cb8064936e891efbc6fc97002/execute/sync
2025-04-13 16:31:08,220 - urllib3.connectionpool - WARNING - Retrying (Retry(total=0, connect=None, read=None, redirect=None, status=None)) after connection broken by 'NewConnectionError('<urllib3.connection.HTTPConnection object at 0x10977f4f0>: Failed to establish a new connection: [Errno 61] Connection refused')': /session/e447086cb8064936e891efbc6fc97002/execute/sync
2025-04-13 16:31:08,220 - scraper - ERROR - 滚动到元素位置失败: HTTPConnectionPool(host='localhost', port=57373): Max retries exceeded with url: /session/e447086cb8064936e891efbc6fc97002/execute/sync (Caused by NewConnectionError('<urllib3.connection.HTTPConnection object at 0x109136560>: Failed to establish a new connection: [Errno 61] Connection refused'))
2025-04-13 16:31:08,221 - urllib3.connectionpool - WARNING - Retrying (Retry(total=2, connect=None, read=None, redirect=None, status=None)) after connection broken by 'NewConnectionError('<urllib3.connection.HTTPConnection object at 0x109135ea0>: Failed to establish a new connection: [Errno 61] Connection refused')': /session/e447086cb8064936e891efbc6fc97002/element/f.8AB8F940D06DE66B56584AFA1177C167.d.29E140F035C780B34F4E50C79AE03E8D.e.70/click
2025-04-13 16:31:08,221 - urllib3.connectionpool - WARNING - Retrying (Retry(total=1, connect=None, read=None, redirect=None, status=None)) after connection broken by 'NewConnectionError('<urllib3.connection.HTTPConnection object at 0x109137580>: Failed to establish a new connection: [Errno 61] Connection refused')': /session/e447086cb8064936e891efbc6fc97002/element/f.8AB8F940D06DE66B56584AFA1177C167.d.29E140F035C780B34F4E50C79AE03E8D.e.70/click
2025-04-13 16:31:08,222 - urllib3.connectionpool - WARNING - Retrying (Retry(total=0, connect=None, read=None, redirect=None, status=None)) after connection broken by 'NewConnectionError('<urllib3.connection.HTTPConnection object at 0x1091364d0>: Failed to establish a new connection: [Errno 61] Connection refused')': /session/e447086cb8064936e891efbc6fc97002/element/f.8AB8F940D06DE66B56584AFA1177C167.d.29E140F035C780B34F4E50C79AE03E8D.e.70/click
2025-04-13 16:31:08,222 - scraper - ERROR - 爬取交易员 DeFi^2 的推文失败: HTTPConnectionPool(host='localhost', port=57373): Max retries exceeded with url: /session/e447086cb8064936e891efbc6fc97002/element/f.8AB8F940D06DE66B56584AFA1177C167.d.29E140F035C780B34F4E50C79AE03E8D.e.70/click (Caused by NewConnectionError('<urllib3.connection.HTTPConnection object at 0x109136860>: Failed to establish a new connection: [Errno 61] Connection refused'))
2025-04-13 16:31:08,222 - scraper - INFO - 点击交易员: Chiefingza (@chiefingza)
2025-04-13 16:31:08,222 - urllib3.connectionpool - WARNING - Retrying (Retry(total=2, connect=None, read=None, redirect=None, status=None)) after connection broken by 'NewConnectionError('<urllib3.connection.HTTPConnection object at 0x109136290>: Failed to establish a new connection: [Errno 61] Connection refused')': /session/e447086cb8064936e891efbc6fc97002/execute/sync
2025-04-13 16:31:08,223 - urllib3.connectionpool - WARNING - Retrying (Retry(total=1, connect=None, read=None, redirect=None, status=None)) after connection broken by 'NewConnectionError('<urllib3.connection.HTTPConnection object at 0x109136b90>: Failed to establish a new connection: [Errno 61] Connection refused')': /session/e447086cb8064936e891efbc6fc97002/execute/sync
2025-04-13 16:31:08,223 - urllib3.connectionpool - WARNING - Retrying (Retry(total=0, connect=None, read=None, redirect=None, status=None)) after connection broken by 'NewConnectionError('<urllib3.connection.HTTPConnection object at 0x109137370>: Failed to establish a new connection: [Errno 61] Connection refused')': /session/e447086cb8064936e891efbc6fc97002/execute/sync
2025-04-13 16:31:08,224 - scraper - ERROR - 滚动到元素位置失败: HTTPConnectionPool(host='localhost', port=57373): Max retries exceeded with url: /session/e447086cb8064936e891efbc6fc97002/execute/sync (Caused by NewConnectionError('<urllib3.connection.HTTPConnection object at 0x10977fe50>: Failed to establish a new connection: [Errno 61] Connection refused'))
2025-04-13 16:31:08,224 - urllib3.connectionpool - WARNING - Retrying (Retry(total=2, connect=None, read=None, redirect=None, status=None)) after connection broken by 'NewConnectionError('<urllib3.connection.HTTPConnection object at 0x10977f340>: Failed to establish a new connection: [Errno 61] Connection refused')': /session/e447086cb8064936e891efbc6fc97002/element/f.8AB8F940D06DE66B56584AFA1177C167.d.29E140F035C780B34F4E50C79AE03E8D.e.71/click
2025-04-13 16:31:08,225 - urllib3.connectionpool - WARNING - Retrying (Retry(total=1, connect=None, read=None, redirect=None, status=None)) after connection broken by 'NewConnectionError('<urllib3.connection.HTTPConnection object at 0x10977f490>: Failed to establish a new connection: [Errno 61] Connection refused')': /session/e447086cb8064936e891efbc6fc97002/element/f.8AB8F940D06DE66B56584AFA1177C167.d.29E140F035C780B34F4E50C79AE03E8D.e.71/click
2025-04-13 16:31:08,225 - urllib3.connectionpool - WARNING - Retrying (Retry(total=0, connect=None, read=None, redirect=None, status=None)) after connection broken by 'NewConnectionError('<urllib3.connection.HTTPConnection object at 0x10977f610>: Failed to establish a new connection: [Errno 61] Connection refused')': /session/e447086cb8064936e891efbc6fc97002/element/f.8AB8F940D06DE66B56584AFA1177C167.d.29E140F035C780B34F4E50C79AE03E8D.e.71/click
2025-04-13 16:31:08,226 - scraper - ERROR - 爬取交易员 Chiefingza 的推文失败: HTTPConnectionPool(host='localhost', port=57373): Max retries exceeded with url: /session/e447086cb8064936e891efbc6fc97002/element/f.8AB8F940D06DE66B56584AFA1177C167.d.29E140F035C780B34F4E50C79AE03E8D.e.71/click (Caused by NewConnectionError('<urllib3.connection.HTTPConnection object at 0x10977fb50>: Failed to establish a new connection: [Errno 61] Connection refused'))
2025-04-13 16:31:08,226 - scraper - INFO - 点击交易员: Pika (@pikachu_crypto)
2025-04-13 16:31:08,226 - urllib3.connectionpool - WARNING - Retrying (Retry(total=2, connect=None, read=None, redirect=None, status=None)) after connection broken by 'NewConnectionError('<urllib3.connection.HTTPConnection object at 0x10977f7f0>: Failed to establish a new connection: [Errno 61] Connection refused')': /session/e447086cb8064936e891efbc6fc97002/execute/sync
2025-04-13 16:31:08,226 - urllib3.connectionpool - WARNING - Retrying (Retry(total=1, connect=None, read=None, redirect=None, status=None)) after connection broken by 'NewConnectionError('<urllib3.connection.HTTPConnection object at 0x109a2c0a0>: Failed to establish a new connection: [Errno 61] Connection refused')': /session/e447086cb8064936e891efbc6fc97002/execute/sync
2025-04-13 16:31:08,227 - urllib3.connectionpool - WARNING - Retrying (Retry(total=0, connect=None, read=None, redirect=None, status=None)) after connection broken by 'NewConnectionError('<urllib3.connection.HTTPConnection object at 0x109a2c250>: Failed to establish a new connection: [Errno 61] Connection refused')': /session/e447086cb8064936e891efbc6fc97002/execute/sync
2025-04-13 16:31:08,227 - scraper - ERROR - 滚动到元素位置失败: HTTPConnectionPool(host='localhost', port=57373): Max retries exceeded with url: /session/e447086cb8064936e891efbc6fc97002/execute/sync (Caused by NewConnectionError('<urllib3.connection.HTTPConnection object at 0x109a2c490>: Failed to establish a new connection: [Errno 61] Connection refused'))
2025-04-13 16:31:08,228 - urllib3.connectionpool - WARNING - Retrying (Retry(total=2, connect=None, read=None, redirect=None, status=None)) after connection broken by 'NewConnectionError('<urllib3.connection.HTTPConnection object at 0x109136a70>: Failed to establish a new connection: [Errno 61] Connection refused')': /session/e447086cb8064936e891efbc6fc97002/element/f.8AB8F940D06DE66B56584AFA1177C167.d.29E140F035C780B34F4E50C79AE03E8D.e.72/click
2025-04-13 16:31:08,228 - urllib3.connectionpool - WARNING - Retrying (Retry(total=1, connect=None, read=None, redirect=None, status=None)) after connection broken by 'NewConnectionError('<urllib3.connection.HTTPConnection object at 0x1091360b0>: Failed to establish a new connection: [Errno 61] Connection refused')': /session/e447086cb8064936e891efbc6fc97002/element/f.8AB8F940D06DE66B56584AFA1177C167.d.29E140F035C780B34F4E50C79AE03E8D.e.72/click
2025-04-13 16:31:08,228 - urllib3.connectionpool - WARNING - Retrying (Retry(total=0, connect=None, read=None, redirect=None, status=None)) after connection broken by 'NewConnectionError('<urllib3.connection.HTTPConnection object at 0x1091360e0>: Failed to establish a new connection: [Errno 61] Connection refused')': /session/e447086cb8064936e891efbc6fc97002/element/f.8AB8F940D06DE66B56584AFA1177C167.d.29E140F035C780B34F4E50C79AE03E8D.e.72/click
2025-04-13 16:31:08,229 - scraper - ERROR - 爬取交易员 Pika 的推文失败: HTTPConnectionPool(host='localhost', port=57373): Max retries exceeded with url: /session/e447086cb8064936e891efbc6fc97002/element/f.8AB8F940D06DE66B56584AFA1177C167.d.29E140F035C780B34F4E50C79AE03E8D.e.72/click (Caused by NewConnectionError('<urllib3.connection.HTTPConnection object at 0x109135d20>: Failed to establish a new connection: [Errno 61] Connection refused'))
2025-04-13 16:31:08,229 - scraper - INFO - 点击交易员: smartestmoney.hl (@smartestmoney_)
2025-04-13 16:31:08,229 - urllib3.connectionpool - WARNING - Retrying (Retry(total=2, connect=None, read=None, redirect=None, status=None)) after connection broken by 'NewConnectionError('<urllib3.connection.HTTPConnection object at 0x109135a20>: Failed to establish a new connection: [Errno 61] Connection refused')': /session/e447086cb8064936e891efbc6fc97002/execute/sync
2025-04-13 16:31:08,229 - urllib3.connectionpool - WARNING - Retrying (Retry(total=1, connect=None, read=None, redirect=None, status=None)) after connection broken by 'NewConnectionError('<urllib3.connection.HTTPConnection object at 0x1091370d0>: Failed to establish a new connection: [Errno 61] Connection refused')': /session/e447086cb8064936e891efbc6fc97002/execute/sync
2025-04-13 16:31:08,230 - urllib3.connectionpool - WARNING - Retrying (Retry(total=0, connect=None, read=None, redirect=None, status=None)) after connection broken by 'NewConnectionError('<urllib3.connection.HTTPConnection object at 0x109137550>: Failed to establish a new connection: [Errno 61] Connection refused')': /session/e447086cb8064936e891efbc6fc97002/execute/sync
2025-04-13 16:31:08,230 - scraper - ERROR - 滚动到元素位置失败: HTTPConnectionPool(host='localhost', port=57373): Max retries exceeded with url: /session/e447086cb8064936e891efbc6fc97002/execute/sync (Caused by NewConnectionError('<urllib3.connection.HTTPConnection object at 0x109a2c730>: Failed to establish a new connection: [Errno 61] Connection refused'))
2025-04-13 16:31:08,231 - urllib3.connectionpool - WARNING - Retrying (Retry(total=2, connect=None, read=None, redirect=None, status=None)) after connection broken by 'NewConnectionError('<urllib3.connection.HTTPConnection object at 0x109a2c040>: Failed to establish a new connection: [Errno 61] Connection refused')': /session/e447086cb8064936e891efbc6fc97002/element/f.8AB8F940D06DE66B56584AFA1177C167.d.29E140F035C780B34F4E50C79AE03E8D.e.73/click
2025-04-13 16:31:08,231 - urllib3.connectionpool - WARNING - Retrying (Retry(total=1, connect=None, read=None, redirect=None, status=None)) after connection broken by 'NewConnectionError('<urllib3.connection.HTTPConnection object at 0x10977fcd0>: Failed to establish a new connection: [Errno 61] Connection refused')': /session/e447086cb8064936e891efbc6fc97002/element/f.8AB8F940D06DE66B56584AFA1177C167.d.29E140F035C780B34F4E50C79AE03E8D.e.73/click
2025-04-13 16:31:08,231 - urllib3.connectionpool - WARNING - Retrying (Retry(total=0, connect=None, read=None, redirect=None, status=None)) after connection broken by 'NewConnectionError('<urllib3.connection.HTTPConnection object at 0x10977f3a0>: Failed to establish a new connection: [Errno 61] Connection refused')': /session/e447086cb8064936e891efbc6fc97002/element/f.8AB8F940D06DE66B56584AFA1177C167.d.29E140F035C780B34F4E50C79AE03E8D.e.73/click
2025-04-13 16:31:08,232 - scraper - ERROR - 爬取交易员 smartestmoney.hl 的推文失败: HTTPConnectionPool(host='localhost', port=57373): Max retries exceeded with url: /session/e447086cb8064936e891efbc6fc97002/element/f.8AB8F940D06DE66B56584AFA1177C167.d.29E140F035C780B34F4E50C79AE03E8D.e.73/click (Caused by NewConnectionError('<urllib3.connection.HTTPConnection object at 0x10977f4c0>: Failed to establish a new connection: [Errno 61] Connection refused'))
2025-04-13 16:31:08,232 - scraper - INFO - 点击交易员: Nachi (@alphawifhat)
2025-04-13 16:31:08,232 - urllib3.connectionpool - WARNING - Retrying (Retry(total=2, connect=None, read=None, redirect=None, status=None)) after connection broken by 'NewConnectionError('<urllib3.connection.HTTPConnection object at 0x10977fd00>: Failed to establish a new connection: [Errno 61] Connection refused')': /session/e447086cb8064936e891efbc6fc97002/execute/sync
2025-04-13 16:31:08,233 - urllib3.connectionpool - WARNING - Retrying (Retry(total=1, connect=None, read=None, redirect=None, status=None)) after connection broken by 'NewConnectionError('<urllib3.connection.HTTPConnection object at 0x10977fca0>: Failed to establish a new connection: [Errno 61] Connection refused')': /session/e447086cb8064936e891efbc6fc97002/execute/sync
2025-04-13 16:31:08,233 - urllib3.connectionpool - WARNING - Retrying (Retry(total=0, connect=None, read=None, redirect=None, status=None)) after connection broken by 'NewConnectionError('<urllib3.connection.HTTPConnection object at 0x10977f4f0>: Failed to establish a new connection: [Errno 61] Connection refused')': /session/e447086cb8064936e891efbc6fc97002/execute/sync
2025-04-13 16:31:08,233 - scraper - ERROR - 滚动到元素位置失败: HTTPConnectionPool(host='localhost', port=57373): Max retries exceeded with url: /session/e447086cb8064936e891efbc6fc97002/execute/sync (Caused by NewConnectionError('<urllib3.connection.HTTPConnection object at 0x10977f370>: Failed to establish a new connection: [Errno 61] Connection refused'))
2025-04-13 16:31:08,234 - urllib3.connectionpool - WARNING - Retrying (Retry(total=2, connect=None, read=None, redirect=None, status=None)) after connection broken by 'NewConnectionError('<urllib3.connection.HTTPConnection object at 0x109135f90>: Failed to establish a new connection: [Errno 61] Connection refused')': /session/e447086cb8064936e891efbc6fc97002/element/f.8AB8F940D06DE66B56584AFA1177C167.d.29E140F035C780B34F4E50C79AE03E8D.e.74/click
2025-04-13 16:31:08,234 - urllib3.connectionpool - WARNING - Retrying (Retry(total=1, connect=None, read=None, redirect=None, status=None)) after connection broken by 'NewConnectionError('<urllib3.connection.HTTPConnection object at 0x109136110>: Failed to establish a new connection: [Errno 61] Connection refused')': /session/e447086cb8064936e891efbc6fc97002/element/f.8AB8F940D06DE66B56584AFA1177C167.d.29E140F035C780B34F4E50C79AE03E8D.e.74/click
2025-04-13 16:31:08,235 - urllib3.connectionpool - WARNING - Retrying (Retry(total=0, connect=None, read=None, redirect=None, status=None)) after connection broken by 'NewConnectionError('<urllib3.connection.HTTPConnection object at 0x1091360b0>: Failed to establish a new connection: [Errno 61] Connection refused')': /session/e447086cb8064936e891efbc6fc97002/element/f.8AB8F940D06DE66B56584AFA1177C167.d.29E140F035C780B34F4E50C79AE03E8D.e.74/click
2025-04-13 16:31:08,235 - scraper - ERROR - 爬取交易员 Nachi 的推文失败: HTTPConnectionPool(host='localhost', port=57373): Max retries exceeded with url: /session/e447086cb8064936e891efbc6fc97002/element/f.8AB8F940D06DE66B56584AFA1177C167.d.29E140F035C780B34F4E50C79AE03E8D.e.74/click (Caused by NewConnectionError('<urllib3.connection.HTTPConnection object at 0x109136710>: Failed to establish a new connection: [Errno 61] Connection refused'))
2025-04-13 16:31:08,235 - scraper - INFO - 点击交易员: Joshua | MOZAIK 🇰🇷 (@JoshuaDeuk)
2025-04-13 16:31:08,235 - urllib3.connectionpool - WARNING - Retrying (Retry(total=2, connect=None, read=None, redirect=None, status=None)) after connection broken by 'NewConnectionError('<urllib3.connection.HTTPConnection object at 0x109137100>: Failed to establish a new connection: [Errno 61] Connection refused')': /session/e447086cb8064936e891efbc6fc97002/execute/sync
2025-04-13 16:31:08,236 - urllib3.connectionpool - WARNING - Retrying (Retry(total=1, connect=None, read=None, redirect=None, status=None)) after connection broken by 'NewConnectionError('<urllib3.connection.HTTPConnection object at 0x109137a60>: Failed to establish a new connection: [Errno 61] Connection refused')': /session/e447086cb8064936e891efbc6fc97002/execute/sync
2025-04-13 16:31:08,236 - urllib3.connectionpool - WARNING - Retrying (Retry(total=0, connect=None, read=None, redirect=None, status=None)) after connection broken by 'NewConnectionError('<urllib3.connection.HTTPConnection object at 0x109137e50>: Failed to establish a new connection: [Errno 61] Connection refused')': /session/e447086cb8064936e891efbc6fc97002/execute/sync
2025-04-13 16:31:08,237 - scraper - ERROR - 滚动到元素位置失败: HTTPConnectionPool(host='localhost', port=57373): Max retries exceeded with url: /session/e447086cb8064936e891efbc6fc97002/execute/sync (Caused by NewConnectionError('<urllib3.connection.HTTPConnection object at 0x109137e80>: Failed to establish a new connection: [Errno 61] Connection refused'))
2025-04-13 16:31:08,237 - urllib3.connectionpool - WARNING - Retrying (Retry(total=2, connect=None, read=None, redirect=None, status=None)) after connection broken by 'NewConnectionError('<urllib3.connection.HTTPConnection object at 0x109136320>: Failed to establish a new connection: [Errno 61] Connection refused')': /session/e447086cb8064936e891efbc6fc97002/element/f.8AB8F940D06DE66B56584AFA1177C167.d.29E140F035C780B34F4E50C79AE03E8D.e.75/click
2025-04-13 16:31:08,237 - urllib3.connectionpool - WARNING - Retrying (Retry(total=1, connect=None, read=None, redirect=None, status=None)) after connection broken by 'NewConnectionError('<urllib3.connection.HTTPConnection object at 0x1091364d0>: Failed to establish a new connection: [Errno 61] Connection refused')': /session/e447086cb8064936e891efbc6fc97002/element/f.8AB8F940D06DE66B56584AFA1177C167.d.29E140F035C780B34F4E50C79AE03E8D.e.75/click
2025-04-13 16:31:08,238 - urllib3.connectionpool - WARNING - Retrying (Retry(total=0, connect=None, read=None, redirect=None, status=None)) after connection broken by 'NewConnectionError('<urllib3.connection.HTTPConnection object at 0x1091359c0>: Failed to establish a new connection: [Errno 61] Connection refused')': /session/e447086cb8064936e891efbc6fc97002/element/f.8AB8F940D06DE66B56584AFA1177C167.d.29E140F035C780B34F4E50C79AE03E8D.e.75/click
2025-04-13 16:31:08,238 - scraper - ERROR - 爬取交易员 Joshua | MOZAIK 🇰🇷 的推文失败: HTTPConnectionPool(host='localhost', port=57373): Max retries exceeded with url: /session/e447086cb8064936e891efbc6fc97002/element/f.8AB8F940D06DE66B56584AFA1177C167.d.29E140F035C780B34F4E50C79AE03E8D.e.75/click (Caused by NewConnectionError('<urllib3.connection.HTTPConnection object at 0x1091369b0>: Failed to establish a new connection: [Errno 61] Connection refused'))
2025-04-13 16:31:08,238 - scraper - INFO - 点击交易员: 川沐｜Trumoo🐮 (@xiaomucrypto)
2025-04-13 16:31:08,239 - urllib3.connectionpool - WARNING - Retrying (Retry(total=2, connect=None, read=None, redirect=None, status=None)) after connection broken by 'NewConnectionError('<urllib3.connection.HTTPConnection object at 0x10977f790>: Failed to establish a new connection: [Errno 61] Connection refused')': /session/e447086cb8064936e891efbc6fc97002/execute/sync
2025-04-13 16:31:08,239 - urllib3.connectionpool - WARNING - Retrying (Retry(total=1, connect=None, read=None, redirect=None, status=None)) after connection broken by 'NewConnectionError('<urllib3.connection.HTTPConnection object at 0x10977fe50>: Failed to establish a new connection: [Errno 61] Connection refused')': /session/e447086cb8064936e891efbc6fc97002/execute/sync
2025-04-13 16:31:08,239 - urllib3.connectionpool - WARNING - Retrying (Retry(total=0, connect=None, read=None, redirect=None, status=None)) after connection broken by 'NewConnectionError('<urllib3.connection.HTTPConnection object at 0x10977fca0>: Failed to establish a new connection: [Errno 61] Connection refused')': /session/e447086cb8064936e891efbc6fc97002/execute/sync
2025-04-13 16:31:08,240 - scraper - ERROR - 滚动到元素位置失败: HTTPConnectionPool(host='localhost', port=57373): Max retries exceeded with url: /session/e447086cb8064936e891efbc6fc97002/execute/sync (Caused by NewConnectionError('<urllib3.connection.HTTPConnection object at 0x10977fc70>: Failed to establish a new connection: [Errno 61] Connection refused'))
2025-04-13 16:31:08,240 - urllib3.connectionpool - WARNING - Retrying (Retry(total=2, connect=None, read=None, redirect=None, status=None)) after connection broken by 'NewConnectionError('<urllib3.connection.HTTPConnection object at 0x10977fa30>: Failed to establish a new connection: [Errno 61] Connection refused')': /session/e447086cb8064936e891efbc6fc97002/element/f.8AB8F940D06DE66B56584AFA1177C167.d.29E140F035C780B34F4E50C79AE03E8D.e.76/click
2025-04-13 16:31:08,241 - urllib3.connectionpool - WARNING - Retrying (Retry(total=1, connect=None, read=None, redirect=None, status=None)) after connection broken by 'NewConnectionError('<urllib3.connection.HTTPConnection object at 0x10977f2e0>: Failed to establish a new connection: [Errno 61] Connection refused')': /session/e447086cb8064936e891efbc6fc97002/element/f.8AB8F940D06DE66B56584AFA1177C167.d.29E140F035C780B34F4E50C79AE03E8D.e.76/click
2025-04-13 16:31:08,241 - urllib3.connectionpool - WARNING - Retrying (Retry(total=0, connect=None, read=None, redirect=None, status=None)) after connection broken by 'NewConnectionError('<urllib3.connection.HTTPConnection object at 0x109a2c280>: Failed to establish a new connection: [Errno 61] Connection refused')': /session/e447086cb8064936e891efbc6fc97002/element/f.8AB8F940D06DE66B56584AFA1177C167.d.29E140F035C780B34F4E50C79AE03E8D.e.76/click
2025-04-13 16:31:08,242 - scraper - ERROR - 爬取交易员 川沐｜Trumoo🐮 的推文失败: HTTPConnectionPool(host='localhost', port=57373): Max retries exceeded with url: /session/e447086cb8064936e891efbc6fc97002/element/f.8AB8F940D06DE66B56584AFA1177C167.d.29E140F035C780B34F4E50C79AE03E8D.e.76/click (Caused by NewConnectionError('<urllib3.connection.HTTPConnection object at 0x109a2c640>: Failed to establish a new connection: [Errno 61] Connection refused'))
2025-04-13 16:31:08,242 - scraper - INFO - 点击交易员: Definalist (@definalist)
2025-04-13 16:31:08,242 - urllib3.connectionpool - WARNING - Retrying (Retry(total=2, connect=None, read=None, redirect=None, status=None)) after connection broken by 'NewConnectionError('<urllib3.connection.HTTPConnection object at 0x1076a2950>: Failed to establish a new connection: [Errno 61] Connection refused')': /session/e447086cb8064936e891efbc6fc97002/execute/sync
2025-04-13 16:31:08,242 - urllib3.connectionpool - WARNING - Retrying (Retry(total=1, connect=None, read=None, redirect=None, status=None)) after connection broken by 'NewConnectionError('<urllib3.connection.HTTPConnection object at 0x1090b5360>: Failed to establish a new connection: [Errno 61] Connection refused')': /session/e447086cb8064936e891efbc6fc97002/execute/sync
2025-04-13 16:31:08,243 - urllib3.connectionpool - WARNING - Retrying (Retry(total=0, connect=None, read=None, redirect=None, status=None)) after connection broken by 'NewConnectionError('<urllib3.connection.HTTPConnection object at 0x1090b5570>: Failed to establish a new connection: [Errno 61] Connection refused')': /session/e447086cb8064936e891efbc6fc97002/execute/sync
2025-04-13 16:31:08,244 - scraper - ERROR - 滚动到元素位置失败: HTTPConnectionPool(host='localhost', port=57373): Max retries exceeded with url: /session/e447086cb8064936e891efbc6fc97002/execute/sync (Caused by NewConnectionError('<urllib3.connection.HTTPConnection object at 0x1090b5780>: Failed to establish a new connection: [Errno 61] Connection refused'))
2025-04-13 16:31:08,244 - urllib3.connectionpool - WARNING - Retrying (Retry(total=2, connect=None, read=None, redirect=None, status=None)) after connection broken by 'NewConnectionError('<urllib3.connection.HTTPConnection object at 0x109a2c190>: Failed to establish a new connection: [Errno 61] Connection refused')': /session/e447086cb8064936e891efbc6fc97002/element/f.8AB8F940D06DE66B56584AFA1177C167.d.29E140F035C780B34F4E50C79AE03E8D.e.77/click
2025-04-13 16:31:08,244 - urllib3.connectionpool - WARNING - Retrying (Retry(total=1, connect=None, read=None, redirect=None, status=None)) after connection broken by 'NewConnectionError('<urllib3.connection.HTTPConnection object at 0x109a2c6a0>: Failed to establish a new connection: [Errno 61] Connection refused')': /session/e447086cb8064936e891efbc6fc97002/element/f.8AB8F940D06DE66B56584AFA1177C167.d.29E140F035C780B34F4E50C79AE03E8D.e.77/click
2025-04-13 16:31:08,245 - urllib3.connectionpool - WARNING - Retrying (Retry(total=0, connect=None, read=None, redirect=None, status=None)) after connection broken by 'NewConnectionError('<urllib3.connection.HTTPConnection object at 0x109136110>: Failed to establish a new connection: [Errno 61] Connection refused')': /session/e447086cb8064936e891efbc6fc97002/element/f.8AB8F940D06DE66B56584AFA1177C167.d.29E140F035C780B34F4E50C79AE03E8D.e.77/click
2025-04-13 16:31:08,245 - scraper - ERROR - 爬取交易员 Definalist 的推文失败: HTTPConnectionPool(host='localhost', port=57373): Max retries exceeded with url: /session/e447086cb8064936e891efbc6fc97002/element/f.8AB8F940D06DE66B56584AFA1177C167.d.29E140F035C780B34F4E50C79AE03E8D.e.77/click (Caused by NewConnectionError('<urllib3.connection.HTTPConnection object at 0x1091360e0>: Failed to establish a new connection: [Errno 61] Connection refused'))
2025-04-13 16:31:08,245 - scraper - INFO - 点击交易员: salience (@saliencexbt)
2025-04-13 16:31:08,246 - urllib3.connectionpool - WARNING - Retrying (Retry(total=2, connect=None, read=None, redirect=None, status=None)) after connection broken by 'NewConnectionError('<urllib3.connection.HTTPConnection object at 0x109136980>: Failed to establish a new connection: [Errno 61] Connection refused')': /session/e447086cb8064936e891efbc6fc97002/execute/sync
2025-04-13 16:31:08,246 - urllib3.connectionpool - WARNING - Retrying (Retry(total=1, connect=None, read=None, redirect=None, status=None)) after connection broken by 'NewConnectionError('<urllib3.connection.HTTPConnection object at 0x109135e10>: Failed to establish a new connection: [Errno 61] Connection refused')': /session/e447086cb8064936e891efbc6fc97002/execute/sync
2025-04-13 16:31:08,246 - urllib3.connectionpool - WARNING - Retrying (Retry(total=0, connect=None, read=None, redirect=None, status=None)) after connection broken by 'NewConnectionError('<urllib3.connection.HTTPConnection object at 0x109137520>: Failed to establish a new connection: [Errno 61] Connection refused')': /session/e447086cb8064936e891efbc6fc97002/execute/sync
2025-04-13 16:31:08,247 - scraper - ERROR - 滚动到元素位置失败: HTTPConnectionPool(host='localhost', port=57373): Max retries exceeded with url: /session/e447086cb8064936e891efbc6fc97002/execute/sync (Caused by NewConnectionError('<urllib3.connection.HTTPConnection object at 0x109137eb0>: Failed to establish a new connection: [Errno 61] Connection refused'))
2025-04-13 16:31:08,247 - urllib3.connectionpool - WARNING - Retrying (Retry(total=2, connect=None, read=None, redirect=None, status=None)) after connection broken by 'NewConnectionError('<urllib3.connection.HTTPConnection object at 0x109137880>: Failed to establish a new connection: [Errno 61] Connection refused')': /session/e447086cb8064936e891efbc6fc97002/element/f.8AB8F940D06DE66B56584AFA1177C167.d.29E140F035C780B34F4E50C79AE03E8D.e.78/click
2025-04-13 16:31:08,248 - urllib3.connectionpool - WARNING - Retrying (Retry(total=1, connect=None, read=None, redirect=None, status=None)) after connection broken by 'NewConnectionError('<urllib3.connection.HTTPConnection object at 0x109136560>: Failed to establish a new connection: [Errno 61] Connection refused')': /session/e447086cb8064936e891efbc6fc97002/element/f.8AB8F940D06DE66B56584AFA1177C167.d.29E140F035C780B34F4E50C79AE03E8D.e.78/click
2025-04-13 16:31:08,249 - urllib3.connectionpool - WARNING - Retrying (Retry(total=0, connect=None, read=None, redirect=None, status=None)) after connection broken by 'NewConnectionError('<urllib3.connection.HTTPConnection object at 0x109137f40>: Failed to establish a new connection: [Errno 61] Connection refused')': /session/e447086cb8064936e891efbc6fc97002/element/f.8AB8F940D06DE66B56584AFA1177C167.d.29E140F035C780B34F4E50C79AE03E8D.e.78/click
2025-04-13 16:31:08,249 - scraper - ERROR - 爬取交易员 salience 的推文失败: HTTPConnectionPool(host='localhost', port=57373): Max retries exceeded with url: /session/e447086cb8064936e891efbc6fc97002/element/f.8AB8F940D06DE66B56584AFA1177C167.d.29E140F035C780B34F4E50C79AE03E8D.e.78/click (Caused by NewConnectionError('<urllib3.connection.HTTPConnection object at 0x109137040>: Failed to establish a new connection: [Errno 61] Connection refused'))
2025-04-13 16:31:08,249 - scraper - INFO - 点击交易员: 憨巴龙王 (@dotyyds1234)
2025-04-13 16:31:08,249 - urllib3.connectionpool - WARNING - Retrying (Retry(total=2, connect=None, read=None, redirect=None, status=None)) after connection broken by 'NewConnectionError('<urllib3.connection.HTTPConnection object at 0x109136fe0>: Failed to establish a new connection: [Errno 61] Connection refused')': /session/e447086cb8064936e891efbc6fc97002/execute/sync
2025-04-13 16:31:08,250 - urllib3.connectionpool - WARNING - Retrying (Retry(total=1, connect=None, read=None, redirect=None, status=None)) after connection broken by 'NewConnectionError('<urllib3.connection.HTTPConnection object at 0x109136b00>: Failed to establish a new connection: [Errno 61] Connection refused')': /session/e447086cb8064936e891efbc6fc97002/execute/sync
2025-04-13 16:31:08,250 - urllib3.connectionpool - WARNING - Retrying (Retry(total=0, connect=None, read=None, redirect=None, status=None)) after connection broken by 'NewConnectionError('<urllib3.connection.HTTPConnection object at 0x109136f20>: Failed to establish a new connection: [Errno 61] Connection refused')': /session/e447086cb8064936e891efbc6fc97002/execute/sync
2025-04-13 16:31:08,250 - scraper - ERROR - 滚动到元素位置失败: HTTPConnectionPool(host='localhost', port=57373): Max retries exceeded with url: /session/e447086cb8064936e891efbc6fc97002/execute/sync (Caused by NewConnectionError('<urllib3.connection.HTTPConnection object at 0x109136ce0>: Failed to establish a new connection: [Errno 61] Connection refused'))
2025-04-13 16:31:08,251 - urllib3.connectionpool - WARNING - Retrying (Retry(total=2, connect=None, read=None, redirect=None, status=None)) after connection broken by 'NewConnectionError('<urllib3.connection.HTTPConnection object at 0x107338580>: Failed to establish a new connection: [Errno 61] Connection refused')': /session/e447086cb8064936e891efbc6fc97002/element/f.8AB8F940D06DE66B56584AFA1177C167.d.29E140F035C780B34F4E50C79AE03E8D.e.79/click
2025-04-13 16:31:08,251 - urllib3.connectionpool - WARNING - Retrying (Retry(total=1, connect=None, read=None, redirect=None, status=None)) after connection broken by 'NewConnectionError('<urllib3.connection.HTTPConnection object at 0x1091370d0>: Failed to establish a new connection: [Errno 61] Connection refused')': /session/e447086cb8064936e891efbc6fc97002/element/f.8AB8F940D06DE66B56584AFA1177C167.d.29E140F035C780B34F4E50C79AE03E8D.e.79/click
2025-04-13 16:31:08,252 - urllib3.connectionpool - WARNING - Retrying (Retry(total=0, connect=None, read=None, redirect=None, status=None)) after connection broken by 'NewConnectionError('<urllib3.connection.HTTPConnection object at 0x1091373d0>: Failed to establish a new connection: [Errno 61] Connection refused')': /session/e447086cb8064936e891efbc6fc97002/element/f.8AB8F940D06DE66B56584AFA1177C167.d.29E140F035C780B34F4E50C79AE03E8D.e.79/click
2025-04-13 16:31:08,252 - scraper - ERROR - 爬取交易员 憨巴龙王 的推文失败: HTTPConnectionPool(host='localhost', port=57373): Max retries exceeded with url: /session/e447086cb8064936e891efbc6fc97002/element/f.8AB8F940D06DE66B56584AFA1177C167.d.29E140F035C780B34F4E50C79AE03E8D.e.79/click (Caused by NewConnectionError('<urllib3.connection.HTTPConnection object at 0x109135c60>: Failed to establish a new connection: [Errno 61] Connection refused'))
2025-04-13 16:31:08,252 - scraper - INFO - 点击交易员: 带带带比特 (@daidaibtc)
2025-04-13 16:31:08,252 - urllib3.connectionpool - WARNING - Retrying (Retry(total=2, connect=None, read=None, redirect=None, status=None)) after connection broken by 'NewConnectionError('<urllib3.connection.HTTPConnection object at 0x109137d90>: Failed to establish a new connection: [Errno 61] Connection refused')': /session/e447086cb8064936e891efbc6fc97002/execute/sync
2025-04-13 16:31:08,253 - urllib3.connectionpool - WARNING - Retrying (Retry(total=1, connect=None, read=None, redirect=None, status=None)) after connection broken by 'NewConnectionError('<urllib3.connection.HTTPConnection object at 0x109137a90>: Failed to establish a new connection: [Errno 61] Connection refused')': /session/e447086cb8064936e891efbc6fc97002/execute/sync
2025-04-13 16:31:08,253 - urllib3.connectionpool - WARNING - Retrying (Retry(total=0, connect=None, read=None, redirect=None, status=None)) after connection broken by 'NewConnectionError('<urllib3.connection.HTTPConnection object at 0x109137c40>: Failed to establish a new connection: [Errno 61] Connection refused')': /session/e447086cb8064936e891efbc6fc97002/execute/sync
2025-04-13 16:31:08,253 - scraper - ERROR - 滚动到元素位置失败: HTTPConnectionPool(host='localhost', port=57373): Max retries exceeded with url: /session/e447086cb8064936e891efbc6fc97002/execute/sync (Caused by NewConnectionError('<urllib3.connection.HTTPConnection object at 0x109137dc0>: Failed to establish a new connection: [Errno 61] Connection refused'))
2025-04-13 16:31:08,254 - urllib3.connectionpool - WARNING - Retrying (Retry(total=2, connect=None, read=None, redirect=None, status=None)) after connection broken by 'NewConnectionError('<urllib3.connection.HTTPConnection object at 0x1091364d0>: Failed to establish a new connection: [Errno 61] Connection refused')': /session/e447086cb8064936e891efbc6fc97002/element/f.8AB8F940D06DE66B56584AFA1177C167.d.29E140F035C780B34F4E50C79AE03E8D.e.80/click
2025-04-13 16:31:08,254 - urllib3.connectionpool - WARNING - Retrying (Retry(total=1, connect=None, read=None, redirect=None, status=None)) after connection broken by 'NewConnectionError('<urllib3.connection.HTTPConnection object at 0x109136770>: Failed to establish a new connection: [Errno 61] Connection refused')': /session/e447086cb8064936e891efbc6fc97002/element/f.8AB8F940D06DE66B56584AFA1177C167.d.29E140F035C780B34F4E50C79AE03E8D.e.80/click
2025-04-13 16:31:08,255 - urllib3.connectionpool - WARNING - Retrying (Retry(total=0, connect=None, read=None, redirect=None, status=None)) after connection broken by 'NewConnectionError('<urllib3.connection.HTTPConnection object at 0x109136710>: Failed to establish a new connection: [Errno 61] Connection refused')': /session/e447086cb8064936e891efbc6fc97002/element/f.8AB8F940D06DE66B56584AFA1177C167.d.29E140F035C780B34F4E50C79AE03E8D.e.80/click
2025-04-13 16:31:08,255 - scraper - ERROR - 爬取交易员 带带带比特 的推文失败: HTTPConnectionPool(host='localhost', port=57373): Max retries exceeded with url: /session/e447086cb8064936e891efbc6fc97002/element/f.8AB8F940D06DE66B56584AFA1177C167.d.29E140F035C780B34F4E50C79AE03E8D.e.80/click (Caused by NewConnectionError('<urllib3.connection.HTTPConnection object at 0x109a2c310>: Failed to establish a new connection: [Errno 61] Connection refused'))
2025-04-13 16:31:08,255 - scraper - INFO - 点击交易员: sigma^2 (@SigmaSquared_)
2025-04-13 16:31:08,256 - urllib3.connectionpool - WARNING - Retrying (Retry(total=2, connect=None, read=None, redirect=None, status=None)) after connection broken by 'NewConnectionError('<urllib3.connection.HTTPConnection object at 0x109a2c0d0>: Failed to establish a new connection: [Errno 61] Connection refused')': /session/e447086cb8064936e891efbc6fc97002/execute/sync
2025-04-13 16:31:08,256 - urllib3.connectionpool - WARNING - Retrying (Retry(total=1, connect=None, read=None, redirect=None, status=None)) after connection broken by 'NewConnectionError('<urllib3.connection.HTTPConnection object at 0x10977fe80>: Failed to establish a new connection: [Errno 61] Connection refused')': /session/e447086cb8064936e891efbc6fc97002/execute/sync
2025-04-13 16:31:08,256 - urllib3.connectionpool - WARNING - Retrying (Retry(total=0, connect=None, read=None, redirect=None, status=None)) after connection broken by 'NewConnectionError('<urllib3.connection.HTTPConnection object at 0x10977fb20>: Failed to establish a new connection: [Errno 61] Connection refused')': /session/e447086cb8064936e891efbc6fc97002/execute/sync
2025-04-13 16:31:08,257 - scraper - ERROR - 滚动到元素位置失败: HTTPConnectionPool(host='localhost', port=57373): Max retries exceeded with url: /session/e447086cb8064936e891efbc6fc97002/execute/sync (Caused by NewConnectionError('<urllib3.connection.HTTPConnection object at 0x10977faf0>: Failed to establish a new connection: [Errno 61] Connection refused'))
2025-04-13 16:31:08,257 - urllib3.connectionpool - WARNING - Retrying (Retry(total=2, connect=None, read=None, redirect=None, status=None)) after connection broken by 'NewConnectionError('<urllib3.connection.HTTPConnection object at 0x10977f8e0>: Failed to establish a new connection: [Errno 61] Connection refused')': /session/e447086cb8064936e891efbc6fc97002/element/f.8AB8F940D06DE66B56584AFA1177C167.d.29E140F035C780B34F4E50C79AE03E8D.e.81/click
2025-04-13 16:31:08,258 - urllib3.connectionpool - WARNING - Retrying (Retry(total=1, connect=None, read=None, redirect=None, status=None)) after connection broken by 'NewConnectionError('<urllib3.connection.HTTPConnection object at 0x10977fca0>: Failed to establish a new connection: [Errno 61] Connection refused')': /session/e447086cb8064936e891efbc6fc97002/element/f.8AB8F940D06DE66B56584AFA1177C167.d.29E140F035C780B34F4E50C79AE03E8D.e.81/click
2025-04-13 16:31:08,258 - urllib3.connectionpool - WARNING - Retrying (Retry(total=0, connect=None, read=None, redirect=None, status=None)) after connection broken by 'NewConnectionError('<urllib3.connection.HTTPConnection object at 0x109a2dea0>: Failed to establish a new connection: [Errno 61] Connection refused')': /session/e447086cb8064936e891efbc6fc97002/element/f.8AB8F940D06DE66B56584AFA1177C167.d.29E140F035C780B34F4E50C79AE03E8D.e.81/click
2025-04-13 16:31:08,259 - scraper - ERROR - 爬取交易员 sigma^2 的推文失败: HTTPConnectionPool(host='localhost', port=57373): Max retries exceeded with url: /session/e447086cb8064936e891efbc6fc97002/element/f.8AB8F940D06DE66B56584AFA1177C167.d.29E140F035C780B34F4E50C79AE03E8D.e.81/click (Caused by NewConnectionError('<urllib3.connection.HTTPConnection object at 0x1091359c0>: Failed to establish a new connection: [Errno 61] Connection refused'))
2025-04-13 16:31:08,259 - scraper - INFO - 点击交易员: Game (@game_for_one)
2025-04-13 16:31:08,259 - urllib3.connectionpool - WARNING - Retrying (Retry(total=2, connect=None, read=None, redirect=None, status=None)) after connection broken by 'NewConnectionError('<urllib3.connection.HTTPConnection object at 0x109136770>: Failed to establish a new connection: [Errno 61] Connection refused')': /session/e447086cb8064936e891efbc6fc97002/execute/sync
2025-04-13 16:31:08,259 - urllib3.connectionpool - WARNING - Retrying (Retry(total=1, connect=None, read=None, redirect=None, status=None)) after connection broken by 'NewConnectionError('<urllib3.connection.HTTPConnection object at 0x109136440>: Failed to establish a new connection: [Errno 61] Connection refused')': /session/e447086cb8064936e891efbc6fc97002/execute/sync
2025-04-13 16:31:08,260 - urllib3.connectionpool - WARNING - Retrying (Retry(total=0, connect=None, read=None, redirect=None, status=None)) after connection broken by 'NewConnectionError('<urllib3.connection.HTTPConnection object at 0x109137a30>: Failed to establish a new connection: [Errno 61] Connection refused')': /session/e447086cb8064936e891efbc6fc97002/execute/sync
2025-04-13 16:31:08,260 - scraper - ERROR - 滚动到元素位置失败: HTTPConnectionPool(host='localhost', port=57373): Max retries exceeded with url: /session/e447086cb8064936e891efbc6fc97002/execute/sync (Caused by NewConnectionError('<urllib3.connection.HTTPConnection object at 0x109136a70>: Failed to establish a new connection: [Errno 61] Connection refused'))
2025-04-13 16:31:08,261 - urllib3.connectionpool - WARNING - Retrying (Retry(total=2, connect=None, read=None, redirect=None, status=None)) after connection broken by 'NewConnectionError('<urllib3.connection.HTTPConnection object at 0x1091369e0>: Failed to establish a new connection: [Errno 61] Connection refused')': /session/e447086cb8064936e891efbc6fc97002/element/f.8AB8F940D06DE66B56584AFA1177C167.d.29E140F035C780B34F4E50C79AE03E8D.e.82/click
2025-04-13 16:31:08,261 - urllib3.connectionpool - WARNING - Retrying (Retry(total=1, connect=None, read=None, redirect=None, status=None)) after connection broken by 'NewConnectionError('<urllib3.connection.HTTPConnection object at 0x1091364a0>: Failed to establish a new connection: [Errno 61] Connection refused')': /session/e447086cb8064936e891efbc6fc97002/element/f.8AB8F940D06DE66B56584AFA1177C167.d.29E140F035C780B34F4E50C79AE03E8D.e.82/click
2025-04-13 16:31:08,261 - urllib3.connectionpool - WARNING - Retrying (Retry(total=0, connect=None, read=None, redirect=None, status=None)) after connection broken by 'NewConnectionError('<urllib3.connection.HTTPConnection object at 0x109135f00>: Failed to establish a new connection: [Errno 61] Connection refused')': /session/e447086cb8064936e891efbc6fc97002/element/f.8AB8F940D06DE66B56584AFA1177C167.d.29E140F035C780B34F4E50C79AE03E8D.e.82/click
2025-04-13 16:31:08,262 - scraper - ERROR - 爬取交易员 Game 的推文失败: HTTPConnectionPool(host='localhost', port=57373): Max retries exceeded with url: /session/e447086cb8064936e891efbc6fc97002/element/f.8AB8F940D06DE66B56584AFA1177C167.d.29E140F035C780B34F4E50C79AE03E8D.e.82/click (Caused by NewConnectionError('<urllib3.connection.HTTPConnection object at 0x109137280>: Failed to establish a new connection: [Errno 61] Connection refused'))
2025-04-13 16:31:08,262 - scraper - INFO - 点击交易员: 0xSun (@0xSunNFT)
2025-04-13 16:31:08,262 - urllib3.connectionpool - WARNING - Retrying (Retry(total=2, connect=None, read=None, redirect=None, status=None)) after connection broken by 'NewConnectionError('<urllib3.connection.HTTPConnection object at 0x109137f40>: Failed to establish a new connection: [Errno 61] Connection refused')': /session/e447086cb8064936e891efbc6fc97002/execute/sync
2025-04-13 16:31:08,262 - urllib3.connectionpool - WARNING - Retrying (Retry(total=1, connect=None, read=None, redirect=None, status=None)) after connection broken by 'NewConnectionError('<urllib3.connection.HTTPConnection object at 0x1091373a0>: Failed to establish a new connection: [Errno 61] Connection refused')': /session/e447086cb8064936e891efbc6fc97002/execute/sync
2025-04-13 16:31:08,263 - urllib3.connectionpool - WARNING - Retrying (Retry(total=0, connect=None, read=None, redirect=None, status=None)) after connection broken by 'NewConnectionError('<urllib3.connection.HTTPConnection object at 0x10977fe50>: Failed to establish a new connection: [Errno 61] Connection refused')': /session/e447086cb8064936e891efbc6fc97002/execute/sync
2025-04-13 16:31:08,263 - scraper - ERROR - 滚动到元素位置失败: HTTPConnectionPool(host='localhost', port=57373): Max retries exceeded with url: /session/e447086cb8064936e891efbc6fc97002/execute/sync (Caused by NewConnectionError('<urllib3.connection.HTTPConnection object at 0x10977c8b0>: Failed to establish a new connection: [Errno 61] Connection refused'))
2025-04-13 16:31:08,264 - urllib3.connectionpool - WARNING - Retrying (Retry(total=2, connect=None, read=None, redirect=None, status=None)) after connection broken by 'NewConnectionError('<urllib3.connection.HTTPConnection object at 0x10977ed70>: Failed to establish a new connection: [Errno 61] Connection refused')': /session/e447086cb8064936e891efbc6fc97002/element/f.8AB8F940D06DE66B56584AFA1177C167.d.29E140F035C780B34F4E50C79AE03E8D.e.83/click
2025-04-13 16:31:08,264 - urllib3.connectionpool - WARNING - Retrying (Retry(total=1, connect=None, read=None, redirect=None, status=None)) after connection broken by 'NewConnectionError('<urllib3.connection.HTTPConnection object at 0x10977ee00>: Failed to establish a new connection: [Errno 61] Connection refused')': /session/e447086cb8064936e891efbc6fc97002/element/f.8AB8F940D06DE66B56584AFA1177C167.d.29E140F035C780B34F4E50C79AE03E8D.e.83/click
2025-04-13 16:31:08,265 - urllib3.connectionpool - WARNING - Retrying (Retry(total=0, connect=None, read=None, redirect=None, status=None)) after connection broken by 'NewConnectionError('<urllib3.connection.HTTPConnection object at 0x109135e40>: Failed to establish a new connection: [Errno 61] Connection refused')': /session/e447086cb8064936e891efbc6fc97002/element/f.8AB8F940D06DE66B56584AFA1177C167.d.29E140F035C780B34F4E50C79AE03E8D.e.83/click
2025-04-13 16:31:08,265 - scraper - ERROR - 爬取交易员 0xSun 的推文失败: HTTPConnectionPool(host='localhost', port=57373): Max retries exceeded with url: /session/e447086cb8064936e891efbc6fc97002/element/f.8AB8F940D06DE66B56584AFA1177C167.d.29E140F035C780B34F4E50C79AE03E8D.e.83/click (Caused by NewConnectionError('<urllib3.connection.HTTPConnection object at 0x109136050>: Failed to establish a new connection: [Errno 61] Connection refused'))
2025-04-13 16:31:08,265 - scraper - INFO - 点击交易员: Huma (@HumaCapital)
2025-04-13 16:31:08,265 - urllib3.connectionpool - WARNING - Retrying (Retry(total=2, connect=None, read=None, redirect=None, status=None)) after connection broken by 'NewConnectionError('<urllib3.connection.HTTPConnection object at 0x1091364a0>: Failed to establish a new connection: [Errno 61] Connection refused')': /session/e447086cb8064936e891efbc6fc97002/execute/sync
2025-04-13 16:31:08,266 - urllib3.connectionpool - WARNING - Retrying (Retry(total=1, connect=None, read=None, redirect=None, status=None)) after connection broken by 'NewConnectionError('<urllib3.connection.HTTPConnection object at 0x1091367d0>: Failed to establish a new connection: [Errno 61] Connection refused')': /session/e447086cb8064936e891efbc6fc97002/execute/sync
2025-04-13 16:31:08,266 - urllib3.connectionpool - WARNING - Retrying (Retry(total=0, connect=None, read=None, redirect=None, status=None)) after connection broken by 'NewConnectionError('<urllib3.connection.HTTPConnection object at 0x1091364d0>: Failed to establish a new connection: [Errno 61] Connection refused')': /session/e447086cb8064936e891efbc6fc97002/execute/sync
2025-04-13 16:31:08,266 - scraper - ERROR - 滚动到元素位置失败: HTTPConnectionPool(host='localhost', port=57373): Max retries exceeded with url: /session/e447086cb8064936e891efbc6fc97002/execute/sync (Caused by NewConnectionError('<urllib3.connection.HTTPConnection object at 0x109137370>: Failed to establish a new connection: [Errno 61] Connection refused'))
2025-04-13 16:31:08,267 - urllib3.connectionpool - WARNING - Retrying (Retry(total=2, connect=None, read=None, redirect=None, status=None)) after connection broken by 'NewConnectionError('<urllib3.connection.HTTPConnection object at 0x109137880>: Failed to establish a new connection: [Errno 61] Connection refused')': /session/e447086cb8064936e891efbc6fc97002/element/f.8AB8F940D06DE66B56584AFA1177C167.d.29E140F035C780B34F4E50C79AE03E8D.e.84/click
2025-04-13 16:31:08,267 - urllib3.connectionpool - WARNING - Retrying (Retry(total=1, connect=None, read=None, redirect=None, status=None)) after connection broken by 'NewConnectionError('<urllib3.connection.HTTPConnection object at 0x1091368c0>: Failed to establish a new connection: [Errno 61] Connection refused')': /session/e447086cb8064936e891efbc6fc97002/element/f.8AB8F940D06DE66B56584AFA1177C167.d.29E140F035C780B34F4E50C79AE03E8D.e.84/click
2025-04-13 16:31:08,268 - urllib3.connectionpool - WARNING - Retrying (Retry(total=0, connect=None, read=None, redirect=None, status=None)) after connection broken by 'NewConnectionError('<urllib3.connection.HTTPConnection object at 0x109135a50>: Failed to establish a new connection: [Errno 61] Connection refused')': /session/e447086cb8064936e891efbc6fc97002/element/f.8AB8F940D06DE66B56584AFA1177C167.d.29E140F035C780B34F4E50C79AE03E8D.e.84/click
2025-04-13 16:31:08,268 - scraper - ERROR - 爬取交易员 Huma 的推文失败: HTTPConnectionPool(host='localhost', port=57373): Max retries exceeded with url: /session/e447086cb8064936e891efbc6fc97002/element/f.8AB8F940D06DE66B56584AFA1177C167.d.29E140F035C780B34F4E50C79AE03E8D.e.84/click (Caused by NewConnectionError('<urllib3.connection.HTTPConnection object at 0x109a2c610>: Failed to establish a new connection: [Errno 61] Connection refused'))
2025-04-13 16:31:08,268 - urllib3.connectionpool - WARNING - Retrying (Retry(total=2, connect=None, read=None, redirect=None, status=None)) after connection broken by 'NewConnectionError('<urllib3.connection.HTTPConnection object at 0x10977e980>: Failed to establish a new connection: [Errno 61] Connection refused')': /session/e447086cb8064936e891efbc6fc97002
2025-04-13 16:31:08,269 - urllib3.connectionpool - WARNING - Retrying (Retry(total=1, connect=None, read=None, redirect=None, status=None)) after connection broken by 'NewConnectionError('<urllib3.connection.HTTPConnection object at 0x10977f8b0>: Failed to establish a new connection: [Errno 61] Connection refused')': /session/e447086cb8064936e891efbc6fc97002
2025-04-13 16:31:08,269 - urllib3.connectionpool - WARNING - Retrying (Retry(total=0, connect=None, read=None, redirect=None, status=None)) after connection broken by 'NewConnectionError('<urllib3.connection.HTTPConnection object at 0x10977ee90>: Failed to establish a new connection: [Errno 61] Connection refused')': /session/e447086cb8064936e891efbc6fc97002
2025-04-13 16:31:08,270 - scraper - INFO - 已爬取 25 条推文并保存到 extracted_tweets.json
2025-04-13 16:31:08,270 - ai_processor - INFO - 处理来自 X-GPT 的数据
