2025-04-13 21:44:12,862 - main - INFO - 启动应用
2025-04-13 21:44:12,862 - database - INFO - 数据库初始化成功
2025-04-13 21:44:12,947 - telegram_bot - INFO - 启动Telegram机器人
2025-04-13 21:44:13,998 - httpx - INFO - HTTP Request: POST https://api.telegram.org/bot8155323856:AAH8JAorNJyZtWbJhJtROY-qfUiiT2uwaXg/getMe "HTTP/1.1 200 OK"
2025-04-13 21:44:14,349 - httpx - INFO - HTTP Request: POST https://api.telegram.org/bot8155323856:AAH8JAorNJyZtWbJhJtROY-qfUiiT2uwaXg/deleteWebhook "HTTP/1.1 200 OK"
2025-04-13 21:44:19,482 - httpx - INFO - HTTP Request: POST https://api.telegram.org/bot8155323856:AAH8JAorNJyZtWbJhJtROY-qfUiiT2uwaXg/getUpdates "HTTP/1.1 200 OK"
2025-04-13 21:44:20,731 - httpx - INFO - HTTP Request: POST https://api.telegram.org/bot8155323856:AAH8JAorNJyZtWbJhJtROY-qfUiiT2uwaXg/sendMessage "HTTP/1.1 200 OK"
2025-04-13 21:44:28,130 - scraper - INFO - 等待页面内容加载...
2025-04-13 21:44:33,154 - scraper - INFO - 找到 27 个交易员
2025-04-13 21:44:33,187 - scraper - INFO - 添加交易员: Andrew Kang (@Rewkang)
2025-04-13 21:44:33,201 - scraper - INFO - 添加交易员: RunnerXBT (@RunnerXBT)
2025-04-13 21:44:33,213 - scraper - INFO - 添加交易员: art (@art_xbt)
2025-04-13 21:44:33,224 - scraper - INFO - 添加交易员: TheHorse (@trading__horse)
2025-04-13 21:44:33,236 - scraper - INFO - 添加交易员: HORSE 🏴‍☠️ (@TheFlowHorse)
2025-04-13 21:44:33,247 - scraper - INFO - 添加交易员: Nacho Trades (@NachoTrades)
2025-04-13 21:44:33,257 - scraper - INFO - 添加交易员: Awawat (@Awawat_Trades)
2025-04-13 21:44:33,268 - scraper - INFO - 添加交易员: PC ² (@PC_Larp)
2025-04-13 21:44:33,279 - scraper - INFO - 添加交易员: Cred (@CryptoCred)
2025-04-13 21:44:33,289 - scraper - INFO - 添加交易员: Reetika (@ReetikaTrades)
2025-04-13 21:44:33,300 - scraper - INFO - 添加交易员: 🐧 Pentoshi 🇨🇳 🇺🇦 🇪🇺🏳️‍🌈5x 💉boosted (@Pentosh1)
2025-04-13 21:44:33,310 - scraper - INFO - 添加交易员: DonAlt (@CryptoDonAlt)
2025-04-13 21:44:33,320 - scraper - INFO - 添加交易员: DeFi^2 (@DefiSquared)
2025-04-13 21:44:33,331 - scraper - INFO - 添加交易员: Chiefingza (@chiefingza)
2025-04-13 21:44:33,341 - scraper - INFO - 添加交易员: Pika (@pikachu_crypto)
2025-04-13 21:44:33,351 - scraper - INFO - 添加交易员: smartestmoney.hl (@smartestmoney_)
2025-04-13 21:44:33,367 - scraper - INFO - 添加交易员: Nachi (@alphawifhat)
2025-04-13 21:44:33,377 - scraper - INFO - 添加交易员: Joshua | MOZAIK 🇰🇷 (@JoshuaDeuk)
2025-04-13 21:44:33,387 - scraper - INFO - 添加交易员: 川沐｜Trumoo🐮 (@xiaomucrypto)
2025-04-13 21:44:33,398 - scraper - INFO - 添加交易员: Definalist (@definalist)
2025-04-13 21:44:33,407 - scraper - INFO - 添加交易员: salience (@saliencexbt)
2025-04-13 21:44:33,417 - scraper - INFO - 添加交易员: 憨巴龙王 (@dotyyds1234)
2025-04-13 21:44:33,428 - scraper - INFO - 添加交易员: 带带带比特 (@daidaibtc)
2025-04-13 21:44:33,437 - scraper - INFO - 添加交易员: sigma^2 (@SigmaSquared_)
2025-04-13 21:44:33,448 - scraper - INFO - 添加交易员: Game (@game_for_one)
2025-04-13 21:44:33,458 - scraper - INFO - 添加交易员: 0xSun (@0xSunNFT)
2025-04-13 21:44:33,469 - scraper - INFO - 添加交易员: Huma (@HumaCapital)
2025-04-13 21:44:33,469 - scraper - INFO - 点击交易员: Andrew Kang (@Rewkang)
2025-04-13 21:44:37,562 - scraper - INFO - 找到 80 个可能包含JSON数据的元素
2025-04-13 21:44:37,567 - scraper - INFO - 成功获取到 Andrew Kang 的 5 条最近24小时内的推文
2025-04-13 21:44:39,606 - scraper - INFO - 点击交易员: RunnerXBT (@RunnerXBT)
2025-04-13 21:44:43,694 - scraper - INFO - 找到 80 个可能包含JSON数据的元素
2025-04-13 21:44:43,697 - scraper - INFO - 成功获取到 RunnerXBT 的 5 条最近24小时内的推文
2025-04-13 21:44:45,726 - scraper - INFO - 点击交易员: art (@art_xbt)
2025-04-13 21:44:49,822 - scraper - INFO - 找到 80 个可能包含JSON数据的元素
2025-04-13 21:44:49,825 - scraper - INFO - 成功获取到 art 的 5 条最近24小时内的推文
2025-04-13 21:44:51,855 - scraper - INFO - 点击交易员: TheHorse (@trading__horse)
2025-04-13 21:44:55,944 - scraper - INFO - 找到 84 个可能包含JSON数据的元素
2025-04-13 21:44:55,947 - scraper - INFO - 成功获取到 TheHorse 的 5 条最近24小时内的推文
2025-04-13 21:44:57,977 - scraper - INFO - 点击交易员: HORSE 🏴‍☠️ (@TheFlowHorse)
2025-04-13 21:45:02,072 - scraper - INFO - 找到 80 个可能包含JSON数据的元素
2025-04-13 21:45:02,075 - scraper - INFO - 成功获取到 HORSE 🏴‍☠️ 的 5 条最近24小时内的推文
2025-04-13 21:45:04,103 - scraper - INFO - 点击交易员: Nacho Trades (@NachoTrades)
2025-04-13 21:45:08,199 - scraper - INFO - 找到 86 个可能包含JSON数据的元素
2025-04-13 21:45:08,202 - scraper - INFO - 成功获取到 Nacho Trades 的 5 条最近24小时内的推文
2025-04-13 21:45:10,233 - scraper - INFO - 点击交易员: Awawat (@Awawat_Trades)
2025-04-13 21:45:14,301 - scraper - INFO - 找到 80 个可能包含JSON数据的元素
2025-04-13 21:45:14,303 - scraper - INFO - 成功获取到 Awawat 的 5 条最近24小时内的推文
2025-04-13 21:45:16,329 - scraper - INFO - 点击交易员: PC ² (@PC_Larp)
2025-04-13 21:45:20,412 - scraper - INFO - 找到 80 个可能包含JSON数据的元素
2025-04-13 21:45:20,415 - scraper - INFO - 成功获取到 PC ² 的 5 条最近24小时内的推文
2025-04-13 21:45:22,444 - scraper - INFO - 点击交易员: Cred (@CryptoCred)
2025-04-13 21:45:26,539 - scraper - INFO - 找到 80 个可能包含JSON数据的元素
2025-04-13 21:45:26,542 - scraper - INFO - 成功获取到 Cred 的 5 条最近24小时内的推文
2025-04-13 21:45:28,573 - scraper - INFO - 点击交易员: Reetika (@ReetikaTrades)
2025-04-13 21:45:32,695 - scraper - INFO - 找到 82 个可能包含JSON数据的元素
2025-04-13 21:45:32,697 - scraper - INFO - 成功获取到 Reetika 的 5 条最近24小时内的推文
2025-04-13 21:45:34,725 - scraper - INFO - 点击交易员: 🐧 Pentoshi 🇨🇳 🇺🇦 🇪🇺🏳️‍🌈5x 💉boosted (@Pentosh1)
2025-04-13 21:45:38,821 - scraper - INFO - 找到 84 个可能包含JSON数据的元素
2025-04-13 21:45:38,824 - scraper - INFO - 成功获取到 🐧 Pentoshi 🇨🇳 🇺🇦 🇪🇺🏳️‍🌈5x 💉boosted 的 5 条最近24小时内的推文
2025-04-13 21:45:40,852 - scraper - INFO - 点击交易员: DonAlt (@CryptoDonAlt)
2025-04-13 21:45:44,951 - scraper - INFO - 找到 86 个可能包含JSON数据的元素
2025-04-13 21:45:44,954 - scraper - INFO - 成功获取到 DonAlt 的 5 条最近24小时内的推文
2025-04-13 21:45:46,984 - scraper - INFO - 点击交易员: DeFi^2 (@DefiSquared)
2025-04-13 21:45:51,060 - scraper - INFO - 找到 86 个可能包含JSON数据的元素
2025-04-13 21:45:51,063 - scraper - INFO - 成功获取到 DeFi^2 的 5 条最近24小时内的推文
2025-04-13 21:45:53,091 - scraper - INFO - 点击交易员: Chiefingza (@chiefingza)
2025-04-13 21:45:57,186 - scraper - INFO - 找到 80 个可能包含JSON数据的元素
2025-04-13 21:45:57,189 - scraper - INFO - 成功获取到 Chiefingza 的 5 条最近24小时内的推文
2025-04-13 21:45:59,222 - scraper - INFO - 点击交易员: Pika (@pikachu_crypto)
2025-04-13 21:46:03,310 - scraper - INFO - 找到 82 个可能包含JSON数据的元素
2025-04-13 21:46:03,313 - scraper - INFO - 成功获取到 Pika 的 5 条最近24小时内的推文
2025-04-13 21:46:05,341 - scraper - INFO - 点击交易员: smartestmoney.hl (@smartestmoney_)
2025-04-13 21:46:09,424 - scraper - INFO - 找到 86 个可能包含JSON数据的元素
2025-04-13 21:46:09,427 - scraper - INFO - 成功获取到 smartestmoney.hl 的 5 条最近24小时内的推文
2025-04-13 21:46:11,455 - scraper - INFO - 点击交易员: Nachi (@alphawifhat)
2025-04-13 21:46:15,543 - scraper - INFO - 找到 82 个可能包含JSON数据的元素
2025-04-13 21:46:15,546 - scraper - INFO - 成功获取到 Nachi 的 5 条最近24小时内的推文
2025-04-13 21:46:17,578 - scraper - INFO - 点击交易员: Joshua | MOZAIK 🇰🇷 (@JoshuaDeuk)
2025-04-13 21:46:21,668 - scraper - INFO - 找到 80 个可能包含JSON数据的元素
2025-04-13 21:46:21,671 - scraper - INFO - 成功获取到 Joshua | MOZAIK 🇰🇷 的 5 条最近24小时内的推文
2025-04-13 21:46:23,703 - scraper - INFO - 点击交易员: 川沐｜Trumoo🐮 (@xiaomucrypto)
2025-04-13 21:46:27,786 - scraper - INFO - 找到 84 个可能包含JSON数据的元素
2025-04-13 21:46:27,789 - scraper - INFO - 成功获取到 川沐｜Trumoo🐮 的 5 条最近24小时内的推文
2025-04-13 21:46:29,817 - scraper - INFO - 点击交易员: Definalist (@definalist)
2025-04-13 21:46:33,903 - scraper - INFO - 找到 89 个可能包含JSON数据的元素
2025-04-13 21:46:33,907 - scraper - INFO - 成功获取到 Definalist 的 5 条最近24小时内的推文
2025-04-13 21:46:35,937 - scraper - INFO - 点击交易员: salience (@saliencexbt)
2025-04-13 21:46:40,018 - scraper - INFO - 找到 80 个可能包含JSON数据的元素
2025-04-13 21:46:40,021 - scraper - INFO - 成功获取到 salience 的 5 条最近24小时内的推文
2025-04-13 21:46:42,052 - scraper - INFO - 点击交易员: 憨巴龙王 (@dotyyds1234)
2025-04-13 21:46:46,137 - scraper - INFO - 找到 80 个可能包含JSON数据的元素
2025-04-13 21:46:46,141 - scraper - INFO - 成功获取到 憨巴龙王 的 5 条最近24小时内的推文
2025-04-13 21:46:48,172 - scraper - INFO - 点击交易员: 带带带比特 (@daidaibtc)
2025-04-13 21:46:52,268 - scraper - INFO - 找到 80 个可能包含JSON数据的元素
2025-04-13 21:46:52,271 - scraper - INFO - 成功获取到 带带带比特 的 5 条最近24小时内的推文
2025-04-13 21:46:54,305 - scraper - INFO - 点击交易员: sigma^2 (@SigmaSquared_)
2025-04-13 21:46:58,391 - scraper - INFO - 找到 82 个可能包含JSON数据的元素
2025-04-13 21:46:58,394 - scraper - INFO - 成功获取到 sigma^2 的 5 条最近24小时内的推文
2025-04-13 21:47:00,422 - scraper - INFO - 点击交易员: Game (@game_for_one)
2025-04-13 21:47:04,506 - scraper - INFO - 找到 82 个可能包含JSON数据的元素
2025-04-13 21:47:04,508 - scraper - INFO - 成功获取到 Game 的 5 条最近24小时内的推文
2025-04-13 21:47:06,540 - scraper - INFO - 点击交易员: 0xSun (@0xSunNFT)
2025-04-13 21:47:10,656 - scraper - INFO - 找到 86 个可能包含JSON数据的元素
2025-04-13 21:47:10,659 - scraper - INFO - 成功获取到 0xSun 的 5 条最近24小时内的推文
2025-04-13 21:47:12,685 - scraper - INFO - 点击交易员: Huma (@HumaCapital)
2025-04-13 21:47:16,781 - scraper - INFO - 找到 82 个可能包含JSON数据的元素
2025-04-13 21:47:16,784 - scraper - INFO - 成功获取到 Huma 的 5 条最近24小时内的推文
2025-04-13 21:47:18,913 - scraper - INFO - 已爬取 135 条推文并保存到 extracted_tweets.json
2025-04-13 21:47:18,913 - ai_processor - INFO - 处理来自 X-GPT 的数据
2025-04-13 21:48:35,091 - database - INFO - 保存数据成功: X-GPT
2025-04-13 21:48:35,092 - telegram_bot - ERROR - 更新 Update(message=Message(channel_chat_created=False, chat=Chat(first_name='Lambert', id=7787033196, last_name='Lin', type=<ChatType.PRIVATE>, username='LambertAlpha'), date=datetime.datetime(2025, 4, 13, 13, 44, 19, tzinfo=datetime.timezone.utc), delete_chat_photo=False, entities=(MessageEntity(length=8, offset=0, type=<MessageEntityType.BOT_COMMAND>),), from_user=User(first_name='Lambert', id=7787033196, is_bot=False, language_code='zh-hans', last_name='Lin', username='LambertAlpha'), group_chat_created=False, message_id=43, supergroup_chat_created=False, text='/summary'), update_id=587376808) 导致错误 can only concatenate str (not "dict") to str
2025-04-13 21:48:35,094 - httpx - INFO - HTTP Request: POST https://api.telegram.org/bot8155323856:AAH8JAorNJyZtWbJhJtROY-qfUiiT2uwaXg/getUpdates "HTTP/1.1 200 OK"
2025-04-13 21:48:47,320 - httpx - INFO - HTTP Request: POST https://api.telegram.org/bot8155323856:AAH8JAorNJyZtWbJhJtROY-qfUiiT2uwaXg/getUpdates "HTTP/1.1 200 OK"
2025-04-13 21:48:58,375 - httpx - INFO - HTTP Request: POST https://api.telegram.org/bot8155323856:AAH8JAorNJyZtWbJhJtROY-qfUiiT2uwaXg/getUpdates "HTTP/1.1 200 OK"
2025-04-13 21:49:08,874 - httpx - INFO - HTTP Request: POST https://api.telegram.org/bot8155323856:AAH8JAorNJyZtWbJhJtROY-qfUiiT2uwaXg/getUpdates "HTTP/1.1 200 OK"
2025-04-13 21:49:19,674 - httpx - INFO - HTTP Request: POST https://api.telegram.org/bot8155323856:AAH8JAorNJyZtWbJhJtROY-qfUiiT2uwaXg/getUpdates "HTTP/1.1 200 OK"
2025-04-13 21:49:30,165 - httpx - INFO - HTTP Request: POST https://api.telegram.org/bot8155323856:AAH8JAorNJyZtWbJhJtROY-qfUiiT2uwaXg/getUpdates "HTTP/1.1 200 OK"
2025-04-13 21:49:41,319 - httpx - INFO - HTTP Request: POST https://api.telegram.org/bot8155323856:AAH8JAorNJyZtWbJhJtROY-qfUiiT2uwaXg/getUpdates "HTTP/1.1 200 OK"
2025-04-13 21:49:52,206 - httpx - INFO - HTTP Request: POST https://api.telegram.org/bot8155323856:AAH8JAorNJyZtWbJhJtROY-qfUiiT2uwaXg/getUpdates "HTTP/1.1 200 OK"
2025-04-13 21:50:02,680 - httpx - INFO - HTTP Request: POST https://api.telegram.org/bot8155323856:AAH8JAorNJyZtWbJhJtROY-qfUiiT2uwaXg/getUpdates "HTTP/1.1 200 OK"
2025-04-13 21:50:13,896 - httpx - INFO - HTTP Request: POST https://api.telegram.org/bot8155323856:AAH8JAorNJyZtWbJhJtROY-qfUiiT2uwaXg/getUpdates "HTTP/1.1 200 OK"
2025-04-13 21:50:24,340 - httpx - INFO - HTTP Request: POST https://api.telegram.org/bot8155323856:AAH8JAorNJyZtWbJhJtROY-qfUiiT2uwaXg/getUpdates "HTTP/1.1 200 OK"
2025-04-13 21:50:34,820 - httpx - INFO - HTTP Request: POST https://api.telegram.org/bot8155323856:AAH8JAorNJyZtWbJhJtROY-qfUiiT2uwaXg/getUpdates "HTTP/1.1 200 OK"
2025-04-13 21:50:45,322 - httpx - INFO - HTTP Request: POST https://api.telegram.org/bot8155323856:AAH8JAorNJyZtWbJhJtROY-qfUiiT2uwaXg/getUpdates "HTTP/1.1 200 OK"
2025-04-13 21:50:55,791 - httpx - INFO - HTTP Request: POST https://api.telegram.org/bot8155323856:AAH8JAorNJyZtWbJhJtROY-qfUiiT2uwaXg/getUpdates "HTTP/1.1 200 OK"
2025-04-13 21:51:06,253 - httpx - INFO - HTTP Request: POST https://api.telegram.org/bot8155323856:AAH8JAorNJyZtWbJhJtROY-qfUiiT2uwaXg/getUpdates "HTTP/1.1 200 OK"
2025-04-13 21:51:16,760 - httpx - INFO - HTTP Request: POST https://api.telegram.org/bot8155323856:AAH8JAorNJyZtWbJhJtROY-qfUiiT2uwaXg/getUpdates "HTTP/1.1 200 OK"
2025-04-13 21:51:27,216 - httpx - INFO - HTTP Request: POST https://api.telegram.org/bot8155323856:AAH8JAorNJyZtWbJhJtROY-qfUiiT2uwaXg/getUpdates "HTTP/1.1 200 OK"
2025-04-13 21:51:37,630 - httpx - INFO - HTTP Request: POST https://api.telegram.org/bot8155323856:AAH8JAorNJyZtWbJhJtROY-qfUiiT2uwaXg/getUpdates "HTTP/1.1 200 OK"
2025-04-13 21:51:48,035 - httpx - INFO - HTTP Request: POST https://api.telegram.org/bot8155323856:AAH8JAorNJyZtWbJhJtROY-qfUiiT2uwaXg/getUpdates "HTTP/1.1 200 OK"
2025-04-13 21:51:59,558 - httpx - INFO - HTTP Request: POST https://api.telegram.org/bot8155323856:AAH8JAorNJyZtWbJhJtROY-qfUiiT2uwaXg/getUpdates "HTTP/1.1 200 OK"
