2025-04-13 23:05:09,207 - main - INFO - 启动应用
2025-04-13 23:05:09,207 - database - INFO - 数据库初始化成功
2025-04-13 23:05:09,295 - telegram_bot - INFO - 启动Telegram机器人
2025-04-13 23:05:10,979 - httpx - INFO - HTTP Request: POST https://api.telegram.org/bot8155323856:AAH8JAorNJyZtWbJhJtROY-qfUiiT2uwaXg/getMe "HTTP/1.1 200 OK"
2025-04-13 23:05:11,311 - httpx - INFO - HTTP Request: POST https://api.telegram.org/bot8155323856:AAH8JAorNJyZtWbJhJtROY-qfUiiT2uwaXg/deleteWebhook "HTTP/1.1 200 OK"
2025-04-13 23:05:15,697 - httpx - INFO - HTTP Request: POST https://api.telegram.org/bot8155323856:AAH8JAorNJyZtWbJhJtROY-qfUiiT2uwaXg/getUpdates "HTTP/1.1 200 OK"
2025-04-13 23:05:16,316 - httpx - INFO - HTTP Request: POST https://api.telegram.org/bot8155323856:AAH8JAorNJyZtWbJhJtROY-qfUiiT2uwaXg/sendMessage "HTTP/1.1 200 OK"
2025-04-13 23:05:18,210 - scraper - INFO - 等待页面内容加载...
2025-04-13 23:05:23,235 - scraper - INFO - 找到 27 个交易员
2025-04-13 23:05:23,257 - scraper - INFO - 添加交易员: Andrew Kang (@Rewkang)
2025-04-13 23:05:23,269 - scraper - INFO - 添加交易员: RunnerXBT (@RunnerXBT)
2025-04-13 23:05:23,280 - scraper - INFO - 添加交易员: art (@art_xbt)
2025-04-13 23:05:23,291 - scraper - INFO - 添加交易员: TheHorse (@trading__horse)
2025-04-13 23:05:23,304 - scraper - INFO - 添加交易员: HORSE 🏴‍☠️ (@TheFlowHorse)
2025-04-13 23:05:23,314 - scraper - INFO - 添加交易员: Nacho Trades (@NachoTrades)
2025-04-13 23:05:23,326 - scraper - INFO - 添加交易员: Awawat (@Awawat_Trades)
2025-04-13 23:05:23,337 - scraper - INFO - 添加交易员: PC ² (@PC_Larp)
2025-04-13 23:05:23,347 - scraper - INFO - 添加交易员: Cred (@CryptoCred)
2025-04-13 23:05:23,358 - scraper - INFO - 添加交易员: Reetika (@ReetikaTrades)
2025-04-13 23:05:23,378 - scraper - INFO - 添加交易员: 🐧 Pentoshi 🇨🇳 🇺🇦 🇪🇺🏳️‍🌈5x 💉boosted (@Pentosh1)
2025-04-13 23:05:23,389 - scraper - INFO - 添加交易员: DonAlt (@CryptoDonAlt)
2025-04-13 23:05:23,399 - scraper - INFO - 添加交易员: DeFi^2 (@DefiSquared)
2025-04-13 23:05:23,410 - scraper - INFO - 添加交易员: Chiefingza (@chiefingza)
2025-04-13 23:05:23,421 - scraper - INFO - 添加交易员: Pika (@pikachu_crypto)
2025-04-13 23:05:23,431 - scraper - INFO - 添加交易员: smartestmoney.hl (@smartestmoney_)
2025-04-13 23:05:23,444 - scraper - INFO - 添加交易员: Nachi (@alphawifhat)
2025-04-13 23:05:23,458 - scraper - INFO - 添加交易员: Joshua | MOZAIK 🇰🇷 (@JoshuaDeuk)
2025-04-13 23:05:23,471 - scraper - INFO - 添加交易员: 川沐｜Trumoo🐮 (@xiaomucrypto)
2025-04-13 23:05:23,483 - scraper - INFO - 添加交易员: Definalist (@definalist)
2025-04-13 23:05:23,494 - scraper - INFO - 添加交易员: salience (@saliencexbt)
2025-04-13 23:05:23,505 - scraper - INFO - 添加交易员: 憨巴龙王 (@dotyyds1234)
2025-04-13 23:05:23,517 - scraper - INFO - 添加交易员: 带带带比特 (@daidaibtc)
2025-04-13 23:05:23,528 - scraper - INFO - 添加交易员: sigma^2 (@SigmaSquared_)
2025-04-13 23:05:23,539 - scraper - INFO - 添加交易员: Game (@game_for_one)
2025-04-13 23:05:23,550 - scraper - INFO - 添加交易员: 0xSun (@0xSunNFT)
2025-04-13 23:05:23,561 - scraper - INFO - 添加交易员: Huma (@HumaCapital)
2025-04-13 23:05:23,561 - scraper - INFO - 点击交易员: Andrew Kang (@Rewkang)
2025-04-13 23:05:27,641 - scraper - INFO - 找到 82 个可能包含JSON数据的元素
2025-04-13 23:05:27,645 - scraper - INFO - 成功获取到 Andrew Kang 的 5 条最近24小时内的推文
2025-04-13 23:05:29,676 - scraper - INFO - 点击交易员: RunnerXBT (@RunnerXBT)
2025-04-13 23:05:33,743 - scraper - INFO - 找到 81 个可能包含JSON数据的元素
2025-04-13 23:05:33,745 - scraper - INFO - 成功获取到 RunnerXBT 的 5 条最近24小时内的推文
2025-04-13 23:05:35,772 - scraper - INFO - 点击交易员: art (@art_xbt)
2025-04-13 23:05:39,844 - scraper - INFO - 找到 80 个可能包含JSON数据的元素
2025-04-13 23:05:39,846 - scraper - INFO - 成功获取到 art 的 5 条最近24小时内的推文
2025-04-13 23:05:41,869 - scraper - INFO - 点击交易员: TheHorse (@trading__horse)
2025-04-13 23:05:45,934 - scraper - INFO - 找到 84 个可能包含JSON数据的元素
2025-04-13 23:05:45,936 - scraper - INFO - 成功获取到 TheHorse 的 5 条最近24小时内的推文
2025-04-13 23:05:47,961 - scraper - INFO - 点击交易员: HORSE 🏴‍☠️ (@TheFlowHorse)
2025-04-13 23:05:52,017 - scraper - INFO - 找到 80 个可能包含JSON数据的元素
2025-04-13 23:05:52,019 - scraper - INFO - 成功获取到 HORSE 🏴‍☠️ 的 5 条最近24小时内的推文
2025-04-13 23:05:54,042 - scraper - INFO - 点击交易员: Nacho Trades (@NachoTrades)
2025-04-13 23:05:58,105 - scraper - INFO - 找到 86 个可能包含JSON数据的元素
2025-04-13 23:05:58,108 - scraper - INFO - 成功获取到 Nacho Trades 的 5 条最近24小时内的推文
2025-04-13 23:06:00,137 - scraper - INFO - 点击交易员: Awawat (@Awawat_Trades)
2025-04-13 23:06:04,239 - scraper - INFO - 找到 80 个可能包含JSON数据的元素
2025-04-13 23:06:04,242 - scraper - INFO - 成功获取到 Awawat 的 5 条最近24小时内的推文
2025-04-13 23:06:06,273 - scraper - INFO - 点击交易员: PC ² (@PC_Larp)
2025-04-13 23:06:10,364 - scraper - INFO - 找到 80 个可能包含JSON数据的元素
2025-04-13 23:06:10,368 - scraper - INFO - 成功获取到 PC ² 的 5 条最近24小时内的推文
2025-04-13 23:06:12,398 - scraper - INFO - 点击交易员: Cred (@CryptoCred)
2025-04-13 23:06:16,512 - scraper - INFO - 找到 80 个可能包含JSON数据的元素
2025-04-13 23:06:16,514 - scraper - INFO - 成功获取到 Cred 的 5 条最近24小时内的推文
2025-04-13 23:06:18,545 - scraper - INFO - 点击交易员: Reetika (@ReetikaTrades)
2025-04-13 23:06:22,635 - scraper - INFO - 找到 82 个可能包含JSON数据的元素
2025-04-13 23:06:22,637 - scraper - INFO - 成功获取到 Reetika 的 5 条最近24小时内的推文
2025-04-13 23:06:24,666 - scraper - INFO - 点击交易员: 🐧 Pentoshi 🇨🇳 🇺🇦 🇪🇺🏳️‍🌈5x 💉boosted (@Pentosh1)
2025-04-13 23:06:28,737 - scraper - INFO - 找到 84 个可能包含JSON数据的元素
2025-04-13 23:06:28,739 - scraper - INFO - 成功获取到 🐧 Pentoshi 🇨🇳 🇺🇦 🇪🇺🏳️‍🌈5x 💉boosted 的 5 条最近24小时内的推文
2025-04-13 23:06:30,766 - scraper - INFO - 点击交易员: DonAlt (@CryptoDonAlt)
2025-04-13 23:06:34,844 - scraper - INFO - 找到 86 个可能包含JSON数据的元素
2025-04-13 23:06:34,847 - scraper - INFO - 成功获取到 DonAlt 的 5 条最近24小时内的推文
2025-04-13 23:06:36,873 - scraper - INFO - 点击交易员: DeFi^2 (@DefiSquared)
2025-04-13 23:06:40,955 - scraper - INFO - 找到 86 个可能包含JSON数据的元素
2025-04-13 23:06:40,957 - scraper - INFO - 成功获取到 DeFi^2 的 5 条最近24小时内的推文
2025-04-13 23:06:42,987 - scraper - INFO - 点击交易员: Chiefingza (@chiefingza)
2025-04-13 23:06:47,078 - scraper - INFO - 找到 80 个可能包含JSON数据的元素
2025-04-13 23:06:47,081 - scraper - INFO - 成功获取到 Chiefingza 的 5 条最近24小时内的推文
2025-04-13 23:06:49,110 - scraper - INFO - 点击交易员: Pika (@pikachu_crypto)
2025-04-13 23:06:53,187 - scraper - INFO - 找到 82 个可能包含JSON数据的元素
2025-04-13 23:06:53,190 - scraper - INFO - 成功获取到 Pika 的 5 条最近24小时内的推文
2025-04-13 23:06:55,219 - scraper - INFO - 点击交易员: smartestmoney.hl (@smartestmoney_)
2025-04-13 23:06:59,301 - scraper - INFO - 找到 86 个可能包含JSON数据的元素
2025-04-13 23:06:59,303 - scraper - INFO - 成功获取到 smartestmoney.hl 的 5 条最近24小时内的推文
2025-04-13 23:07:01,332 - scraper - INFO - 点击交易员: Nachi (@alphawifhat)
2025-04-13 23:07:05,431 - scraper - INFO - 找到 82 个可能包含JSON数据的元素
2025-04-13 23:07:05,434 - scraper - INFO - 成功获取到 Nachi 的 5 条最近24小时内的推文
2025-04-13 23:07:07,464 - scraper - INFO - 点击交易员: Joshua | MOZAIK 🇰🇷 (@JoshuaDeuk)
2025-04-13 23:07:11,542 - scraper - INFO - 找到 80 个可能包含JSON数据的元素
2025-04-13 23:07:11,545 - scraper - INFO - 成功获取到 Joshua | MOZAIK 🇰🇷 的 5 条最近24小时内的推文
2025-04-13 23:07:13,575 - scraper - INFO - 点击交易员: 川沐｜Trumoo🐮 (@xiaomucrypto)
2025-04-13 23:07:17,656 - scraper - INFO - 找到 84 个可能包含JSON数据的元素
2025-04-13 23:07:17,659 - scraper - INFO - 成功获取到 川沐｜Trumoo🐮 的 5 条最近24小时内的推文
2025-04-13 23:07:19,688 - scraper - INFO - 点击交易员: Definalist (@definalist)
2025-04-13 23:07:23,818 - scraper - INFO - 找到 89 个可能包含JSON数据的元素
2025-04-13 23:07:23,821 - scraper - INFO - 成功获取到 Definalist 的 5 条最近24小时内的推文
2025-04-13 23:07:25,851 - scraper - INFO - 点击交易员: salience (@saliencexbt)
2025-04-13 23:07:29,939 - scraper - INFO - 找到 80 个可能包含JSON数据的元素
2025-04-13 23:07:29,942 - scraper - INFO - 成功获取到 salience 的 5 条最近24小时内的推文
2025-04-13 23:07:31,971 - scraper - INFO - 点击交易员: 憨巴龙王 (@dotyyds1234)
2025-04-13 23:07:36,043 - scraper - INFO - 找到 80 个可能包含JSON数据的元素
2025-04-13 23:07:36,046 - scraper - INFO - 成功获取到 憨巴龙王 的 5 条最近24小时内的推文
2025-04-13 23:07:38,076 - scraper - INFO - 点击交易员: 带带带比特 (@daidaibtc)
2025-04-13 23:07:42,180 - scraper - INFO - 找到 82 个可能包含JSON数据的元素
2025-04-13 23:07:42,183 - scraper - INFO - 成功获取到 带带带比特 的 5 条最近24小时内的推文
2025-04-13 23:07:44,212 - scraper - INFO - 点击交易员: sigma^2 (@SigmaSquared_)
2025-04-13 23:07:48,293 - scraper - INFO - 找到 82 个可能包含JSON数据的元素
2025-04-13 23:07:48,296 - scraper - INFO - 成功获取到 sigma^2 的 5 条最近24小时内的推文
2025-04-13 23:07:50,327 - scraper - INFO - 点击交易员: Game (@game_for_one)
2025-04-13 23:07:54,419 - scraper - INFO - 找到 82 个可能包含JSON数据的元素
2025-04-13 23:07:54,422 - scraper - INFO - 成功获取到 Game 的 5 条最近24小时内的推文
2025-04-13 23:07:56,448 - scraper - INFO - 点击交易员: 0xSun (@0xSunNFT)
2025-04-13 23:08:00,554 - scraper - INFO - 找到 86 个可能包含JSON数据的元素
2025-04-13 23:08:00,556 - scraper - INFO - 成功获取到 0xSun 的 5 条最近24小时内的推文
2025-04-13 23:08:02,581 - scraper - INFO - 点击交易员: Huma (@HumaCapital)
2025-04-13 23:08:06,679 - scraper - INFO - 找到 82 个可能包含JSON数据的元素
2025-04-13 23:08:06,682 - scraper - INFO - 成功获取到 Huma 的 5 条最近24小时内的推文
2025-04-13 23:08:08,822 - scraper - INFO - 已爬取 135 条推文并保存到 extracted_tweets.json
2025-04-13 23:08:08,822 - ai_processor - INFO - 处理来自 X-GPT 的数据
2025-04-13 23:09:28,751 - database - INFO - 保存数据成功: X-GPT
2025-04-13 23:09:28,755 - httpx - INFO - HTTP Request: POST https://api.telegram.org/bot8155323856:AAH8JAorNJyZtWbJhJtROY-qfUiiT2uwaXg/getUpdates "HTTP/1.1 200 OK"
2025-04-13 23:09:30,043 - httpx - INFO - HTTP Request: POST https://api.telegram.org/bot8155323856:AAH8JAorNJyZtWbJhJtROY-qfUiiT2uwaXg/sendMessage "HTTP/1.1 200 OK"
2025-04-13 23:09:39,809 - httpx - INFO - HTTP Request: POST https://api.telegram.org/bot8155323856:AAH8JAorNJyZtWbJhJtROY-qfUiiT2uwaXg/getUpdates "HTTP/1.1 200 OK"
2025-04-13 23:09:50,510 - httpx - INFO - HTTP Request: POST https://api.telegram.org/bot8155323856:AAH8JAorNJyZtWbJhJtROY-qfUiiT2uwaXg/getUpdates "HTTP/1.1 200 OK"
2025-04-13 23:10:01,492 - httpx - INFO - HTTP Request: POST https://api.telegram.org/bot8155323856:AAH8JAorNJyZtWbJhJtROY-qfUiiT2uwaXg/getUpdates "HTTP/1.1 200 OK"
2025-04-13 23:10:12,475 - httpx - INFO - HTTP Request: POST https://api.telegram.org/bot8155323856:AAH8JAorNJyZtWbJhJtROY-qfUiiT2uwaXg/getUpdates "HTTP/1.1 200 OK"
2025-04-13 23:10:22,939 - httpx - INFO - HTTP Request: POST https://api.telegram.org/bot8155323856:AAH8JAorNJyZtWbJhJtROY-qfUiiT2uwaXg/getUpdates "HTTP/1.1 200 OK"
2025-04-13 23:10:33,301 - httpx - INFO - HTTP Request: POST https://api.telegram.org/bot8155323856:AAH8JAorNJyZtWbJhJtROY-qfUiiT2uwaXg/getUpdates "HTTP/1.1 200 OK"
2025-04-13 23:10:43,780 - httpx - INFO - HTTP Request: POST https://api.telegram.org/bot8155323856:AAH8JAorNJyZtWbJhJtROY-qfUiiT2uwaXg/getUpdates "HTTP/1.1 200 OK"
2025-04-13 23:10:54,216 - httpx - INFO - HTTP Request: POST https://api.telegram.org/bot8155323856:AAH8JAorNJyZtWbJhJtROY-qfUiiT2uwaXg/getUpdates "HTTP/1.1 200 OK"
2025-04-13 23:11:04,563 - httpx - INFO - HTTP Request: POST https://api.telegram.org/bot8155323856:AAH8JAorNJyZtWbJhJtROY-qfUiiT2uwaXg/getUpdates "HTTP/1.1 200 OK"
2025-04-13 23:11:14,959 - httpx - INFO - HTTP Request: POST https://api.telegram.org/bot8155323856:AAH8JAorNJyZtWbJhJtROY-qfUiiT2uwaXg/getUpdates "HTTP/1.1 200 OK"
2025-04-13 23:11:25,384 - httpx - INFO - HTTP Request: POST https://api.telegram.org/bot8155323856:AAH8JAorNJyZtWbJhJtROY-qfUiiT2uwaXg/getUpdates "HTTP/1.1 200 OK"
2025-04-13 23:11:35,746 - httpx - INFO - HTTP Request: POST https://api.telegram.org/bot8155323856:AAH8JAorNJyZtWbJhJtROY-qfUiiT2uwaXg/getUpdates "HTTP/1.1 200 OK"
2025-04-13 23:11:46,125 - httpx - INFO - HTTP Request: POST https://api.telegram.org/bot8155323856:AAH8JAorNJyZtWbJhJtROY-qfUiiT2uwaXg/getUpdates "HTTP/1.1 200 OK"
2025-04-13 23:11:56,488 - httpx - INFO - HTTP Request: POST https://api.telegram.org/bot8155323856:AAH8JAorNJyZtWbJhJtROY-qfUiiT2uwaXg/getUpdates "HTTP/1.1 200 OK"
2025-04-13 23:12:06,844 - httpx - INFO - HTTP Request: POST https://api.telegram.org/bot8155323856:AAH8JAorNJyZtWbJhJtROY-qfUiiT2uwaXg/getUpdates "HTTP/1.1 200 OK"
2025-04-13 23:12:17,217 - httpx - INFO - HTTP Request: POST https://api.telegram.org/bot8155323856:AAH8JAorNJyZtWbJhJtROY-qfUiiT2uwaXg/getUpdates "HTTP/1.1 200 OK"
2025-04-13 23:12:27,609 - httpx - INFO - HTTP Request: POST https://api.telegram.org/bot8155323856:AAH8JAorNJyZtWbJhJtROY-qfUiiT2uwaXg/getUpdates "HTTP/1.1 200 OK"
2025-04-13 23:12:38,049 - httpx - INFO - HTTP Request: POST https://api.telegram.org/bot8155323856:AAH8JAorNJyZtWbJhJtROY-qfUiiT2uwaXg/getUpdates "HTTP/1.1 200 OK"
2025-04-13 23:12:48,523 - httpx - INFO - HTTP Request: POST https://api.telegram.org/bot8155323856:AAH8JAorNJyZtWbJhJtROY-qfUiiT2uwaXg/getUpdates "HTTP/1.1 200 OK"
2025-04-13 23:12:58,968 - httpx - INFO - HTTP Request: POST https://api.telegram.org/bot8155323856:AAH8JAorNJyZtWbJhJtROY-qfUiiT2uwaXg/getUpdates "HTTP/1.1 200 OK"
2025-04-13 23:13:09,319 - httpx - INFO - HTTP Request: POST https://api.telegram.org/bot8155323856:AAH8JAorNJyZtWbJhJtROY-qfUiiT2uwaXg/getUpdates "HTTP/1.1 200 OK"
2025-04-13 23:13:19,690 - httpx - INFO - HTTP Request: POST https://api.telegram.org/bot8155323856:AAH8JAorNJyZtWbJhJtROY-qfUiiT2uwaXg/getUpdates "HTTP/1.1 200 OK"
2025-04-13 23:13:30,086 - httpx - INFO - HTTP Request: POST https://api.telegram.org/bot8155323856:AAH8JAorNJyZtWbJhJtROY-qfUiiT2uwaXg/getUpdates "HTTP/1.1 200 OK"
2025-04-13 23:13:40,437 - httpx - INFO - HTTP Request: POST https://api.telegram.org/bot8155323856:AAH8JAorNJyZtWbJhJtROY-qfUiiT2uwaXg/getUpdates "HTTP/1.1 200 OK"
2025-04-13 23:13:50,792 - httpx - INFO - HTTP Request: POST https://api.telegram.org/bot8155323856:AAH8JAorNJyZtWbJhJtROY-qfUiiT2uwaXg/getUpdates "HTTP/1.1 200 OK"
2025-04-13 23:14:01,132 - httpx - INFO - HTTP Request: POST https://api.telegram.org/bot8155323856:AAH8JAorNJyZtWbJhJtROY-qfUiiT2uwaXg/getUpdates "HTTP/1.1 200 OK"
2025-04-13 23:14:11,803 - httpx - INFO - HTTP Request: POST https://api.telegram.org/bot8155323856:AAH8JAorNJyZtWbJhJtROY-qfUiiT2uwaXg/getUpdates "HTTP/1.1 200 OK"
2025-04-13 23:14:22,197 - httpx - INFO - HTTP Request: POST https://api.telegram.org/bot8155323856:AAH8JAorNJyZtWbJhJtROY-qfUiiT2uwaXg/getUpdates "HTTP/1.1 200 OK"
2025-04-13 23:14:32,551 - httpx - INFO - HTTP Request: POST https://api.telegram.org/bot8155323856:AAH8JAorNJyZtWbJhJtROY-qfUiiT2uwaXg/getUpdates "HTTP/1.1 200 OK"
2025-04-13 23:14:42,978 - httpx - INFO - HTTP Request: POST https://api.telegram.org/bot8155323856:AAH8JAorNJyZtWbJhJtROY-qfUiiT2uwaXg/getUpdates "HTTP/1.1 200 OK"
2025-04-13 23:14:53,345 - httpx - INFO - HTTP Request: POST https://api.telegram.org/bot8155323856:AAH8JAorNJyZtWbJhJtROY-qfUiiT2uwaXg/getUpdates "HTTP/1.1 200 OK"
2025-04-13 23:15:04,042 - httpx - INFO - HTTP Request: POST https://api.telegram.org/bot8155323856:AAH8JAorNJyZtWbJhJtROY-qfUiiT2uwaXg/getUpdates "HTTP/1.1 200 OK"
2025-04-13 23:15:14,434 - httpx - INFO - HTTP Request: POST https://api.telegram.org/bot8155323856:AAH8JAorNJyZtWbJhJtROY-qfUiiT2uwaXg/getUpdates "HTTP/1.1 200 OK"
2025-04-13 23:15:24,807 - httpx - INFO - HTTP Request: POST https://api.telegram.org/bot8155323856:AAH8JAorNJyZtWbJhJtROY-qfUiiT2uwaXg/getUpdates "HTTP/1.1 200 OK"
2025-04-13 23:15:34,208 - httpx - INFO - HTTP Request: POST https://api.telegram.org/bot8155323856:AAH8JAorNJyZtWbJhJtROY-qfUiiT2uwaXg/getUpdates "HTTP/1.1 200 OK"
2025-04-13 23:15:35,719 - httpx - INFO - HTTP Request: POST https://api.telegram.org/bot8155323856:AAH8JAorNJyZtWbJhJtROY-qfUiiT2uwaXg/sendMessage "HTTP/1.1 200 OK"
2025-04-13 23:16:23,031 - httpx - INFO - HTTP Request: POST https://api.telegram.org/bot8155323856:AAH8JAorNJyZtWbJhJtROY-qfUiiT2uwaXg/getUpdates "HTTP/1.1 200 OK"
2025-04-13 23:16:24,257 - httpx - INFO - HTTP Request: POST https://api.telegram.org/bot8155323856:AAH8JAorNJyZtWbJhJtROY-qfUiiT2uwaXg/sendMessage "HTTP/1.1 200 OK"
2025-04-13 23:16:33,472 - httpx - INFO - HTTP Request: POST https://api.telegram.org/bot8155323856:AAH8JAorNJyZtWbJhJtROY-qfUiiT2uwaXg/getUpdates "HTTP/1.1 200 OK"
2025-04-13 23:16:43,844 - httpx - INFO - HTTP Request: POST https://api.telegram.org/bot8155323856:AAH8JAorNJyZtWbJhJtROY-qfUiiT2uwaXg/getUpdates "HTTP/1.1 200 OK"
2025-04-13 23:16:54,209 - httpx - INFO - HTTP Request: POST https://api.telegram.org/bot8155323856:AAH8JAorNJyZtWbJhJtROY-qfUiiT2uwaXg/getUpdates "HTTP/1.1 200 OK"
2025-04-13 23:16:59,015 - httpx - INFO - HTTP Request: POST https://api.telegram.org/bot8155323856:AAH8JAorNJyZtWbJhJtROY-qfUiiT2uwaXg/getUpdates "HTTP/1.1 200 OK"
2025-04-13 23:17:00,203 - httpx - INFO - HTTP Request: POST https://api.telegram.org/bot8155323856:AAH8JAorNJyZtWbJhJtROY-qfUiiT2uwaXg/sendMessage "HTTP/1.1 200 OK"
2025-04-13 23:17:45,924 - httpx - INFO - HTTP Request: POST https://api.telegram.org/bot8155323856:AAH8JAorNJyZtWbJhJtROY-qfUiiT2uwaXg/getUpdates "HTTP/1.1 200 OK"
2025-04-13 23:17:47,028 - httpx - INFO - HTTP Request: POST https://api.telegram.org/bot8155323856:AAH8JAorNJyZtWbJhJtROY-qfUiiT2uwaXg/sendMessage "HTTP/1.1 200 OK"
2025-04-13 23:17:56,276 - httpx - INFO - HTTP Request: POST https://api.telegram.org/bot8155323856:AAH8JAorNJyZtWbJhJtROY-qfUiiT2uwaXg/getUpdates "HTTP/1.1 200 OK"
2025-04-13 23:18:06,657 - httpx - INFO - HTTP Request: POST https://api.telegram.org/bot8155323856:AAH8JAorNJyZtWbJhJtROY-qfUiiT2uwaXg/getUpdates "HTTP/1.1 200 OK"
2025-04-13 23:18:17,014 - httpx - INFO - HTTP Request: POST https://api.telegram.org/bot8155323856:AAH8JAorNJyZtWbJhJtROY-qfUiiT2uwaXg/getUpdates "HTTP/1.1 200 OK"
2025-04-13 23:18:20,583 - httpx - INFO - HTTP Request: POST https://api.telegram.org/bot8155323856:AAH8JAorNJyZtWbJhJtROY-qfUiiT2uwaXg/getUpdates "HTTP/1.1 200 OK"
