2025-04-11 21:29:11,544 - main - INFO - 启动应用
2025-04-11 21:29:11,545 - database - INFO - 数据库初始化成功
2025-04-11 21:29:11,634 - telegram_bot - INFO - 启动Telegram机器人
2025-04-11 21:29:13,603 - httpx - INFO - HTTP Request: POST https://api.telegram.org/bot7751676723:AAFHm-3beoX761i-zOcKeWF0rPMGfXo21UM/getMe "HTTP/1.1 200 OK"
2025-04-11 21:29:14,038 - httpx - INFO - HTTP Request: POST https://api.telegram.org/bot7751676723:AAFHm-3beoX761i-zOcKeWF0rPMGfXo21UM/deleteWebhook "HTTP/1.1 200 OK"
2025-04-11 21:29:15,686 - httpx - INFO - HTTP Request: POST https://api.telegram.org/bot7751676723:AAFHm-3beoX761i-zOcKeWF0rPMGfXo21UM/getUpdates "HTTP/1.1 200 OK"
2025-04-11 21:29:16,496 - httpx - INFO - HTTP Request: POST https://api.telegram.org/bot7751676723:AAFHm-3beoX761i-zOcKeWF0rPMGfXo21UM/sendMessage "HTTP/1.1 200 OK"
2025-04-11 21:29:26,365 - httpx - INFO - HTTP Request: POST https://api.telegram.org/bot7751676723:AAFHm-3beoX761i-zOcKeWF0rPMGfXo21UM/getUpdates "HTTP/1.1 200 OK"
2025-04-11 21:29:36,878 - httpx - INFO - HTTP Request: POST https://api.telegram.org/bot7751676723:AAFHm-3beoX761i-zOcKeWF0rPMGfXo21UM/getUpdates "HTTP/1.1 200 OK"
2025-04-11 21:29:47,381 - httpx - INFO - HTTP Request: POST https://api.telegram.org/bot7751676723:AAFHm-3beoX761i-zOcKeWF0rPMGfXo21UM/getUpdates "HTTP/1.1 200 OK"
2025-04-11 21:29:57,894 - httpx - INFO - HTTP Request: POST https://api.telegram.org/bot7751676723:AAFHm-3beoX761i-zOcKeWF0rPMGfXo21UM/getUpdates "HTTP/1.1 200 OK"
2025-04-11 21:30:08,402 - httpx - INFO - HTTP Request: POST https://api.telegram.org/bot7751676723:AAFHm-3beoX761i-zOcKeWF0rPMGfXo21UM/getUpdates "HTTP/1.1 200 OK"
2025-04-11 21:30:18,925 - httpx - INFO - HTTP Request: POST https://api.telegram.org/bot7751676723:AAFHm-3beoX761i-zOcKeWF0rPMGfXo21UM/getUpdates "HTTP/1.1 200 OK"
2025-04-11 21:30:29,430 - httpx - INFO - HTTP Request: POST https://api.telegram.org/bot7751676723:AAFHm-3beoX761i-zOcKeWF0rPMGfXo21UM/getUpdates "HTTP/1.1 200 OK"
2025-04-11 21:30:39,951 - httpx - INFO - HTTP Request: POST https://api.telegram.org/bot7751676723:AAFHm-3beoX761i-zOcKeWF0rPMGfXo21UM/getUpdates "HTTP/1.1 200 OK"
2025-04-11 21:30:50,465 - httpx - INFO - HTTP Request: POST https://api.telegram.org/bot7751676723:AAFHm-3beoX761i-zOcKeWF0rPMGfXo21UM/getUpdates "HTTP/1.1 200 OK"
2025-04-11 21:31:01,561 - httpx - INFO - HTTP Request: POST https://api.telegram.org/bot7751676723:AAFHm-3beoX761i-zOcKeWF0rPMGfXo21UM/getUpdates "HTTP/1.1 200 OK"
2025-04-11 21:31:12,079 - httpx - INFO - HTTP Request: POST https://api.telegram.org/bot7751676723:AAFHm-3beoX761i-zOcKeWF0rPMGfXo21UM/getUpdates "HTTP/1.1 200 OK"
2025-04-11 21:31:22,754 - httpx - INFO - HTTP Request: POST https://api.telegram.org/bot7751676723:AAFHm-3beoX761i-zOcKeWF0rPMGfXo21UM/getUpdates "HTTP/1.1 200 OK"
2025-04-11 21:47:05,126 - httpx - INFO - HTTP Request: POST https://api.telegram.org/bot7751676723:AAFHm-3beoX761i-zOcKeWF0rPMGfXo21UM/getUpdates "HTTP/1.1 200 OK"
2025-04-11 21:47:15,632 - httpx - INFO - HTTP Request: POST https://api.telegram.org/bot7751676723:AAFHm-3beoX761i-zOcKeWF0rPMGfXo21UM/getUpdates "HTTP/1.1 200 OK"
2025-04-11 21:47:26,135 - httpx - INFO - HTTP Request: POST https://api.telegram.org/bot7751676723:AAFHm-3beoX761i-zOcKeWF0rPMGfXo21UM/getUpdates "HTTP/1.1 200 OK"
2025-04-11 21:52:28,107 - httpx - INFO - HTTP Request: POST https://api.telegram.org/bot7751676723:AAFHm-3beoX761i-zOcKeWF0rPMGfXo21UM/getUpdates "HTTP/1.1 200 OK"
2025-04-11 21:52:38,657 - httpx - INFO - HTTP Request: POST https://api.telegram.org/bot7751676723:AAFHm-3beoX761i-zOcKeWF0rPMGfXo21UM/getUpdates "HTTP/1.1 200 OK"
2025-04-11 21:52:49,299 - httpx - INFO - HTTP Request: POST https://api.telegram.org/bot7751676723:AAFHm-3beoX761i-zOcKeWF0rPMGfXo21UM/getUpdates "HTTP/1.1 200 OK"
2025-04-11 21:52:59,801 - httpx - INFO - HTTP Request: POST https://api.telegram.org/bot7751676723:AAFHm-3beoX761i-zOcKeWF0rPMGfXo21UM/getUpdates "HTTP/1.1 200 OK"
2025-04-11 21:53:10,298 - httpx - INFO - HTTP Request: POST https://api.telegram.org/bot7751676723:AAFHm-3beoX761i-zOcKeWF0rPMGfXo21UM/getUpdates "HTTP/1.1 200 OK"
2025-04-11 21:53:21,476 - httpx - INFO - HTTP Request: POST https://api.telegram.org/bot7751676723:AAFHm-3beoX761i-zOcKeWF0rPMGfXo21UM/getUpdates "HTTP/1.1 200 OK"
